../Drivers/Motor/motor.c:25:6:test1	8	static
../Drivers/Motor/motor.c:36:6:test2	16	static
../Drivers/Motor/motor.c:50:6:Start_motor_Tasks	24	static
../Drivers/Motor/motor.c:59:6:forward_mode	32	static
../Drivers/Motor/motor.c:67:6:reverse_mode	32	static
../Drivers/Motor/motor.c:75:6:standBy_mode	32	static
../Drivers/Motor/motor.c:81:6:brake_mode	32	static
../Drivers/Motor/motor.c:87:6:set_speed	32	static
../Drivers/Motor/motor.c:95:6:move_on_curve_left	48	static
../Drivers/Motor/motor.c:104:6:move_on_curve_right	40	static
../Drivers/Motor/motor.c:113:6:move_straight	24	static
../Drivers/Motor/motor.c:119:6:stop	16	static
