../Drivers/Motor/motor.c:33:6:test1	8	static
../Drivers/Motor/motor.c:44:6:test2	16	static
../Drivers/Motor/motor.c:58:6:test3	8	static
../Drivers/Motor/motor.c:62:6:test4	8	static
../Drivers/Motor/motor.c:72:6:Start_motor_Tasks	24	static
../Drivers/Motor/motor.c:82:6:forward_mode	32	static
../Drivers/Motor/motor.c:90:6:reverse_mode	32	static
../Drivers/Motor/motor.c:98:6:standBy_mode	32	static
../Drivers/Motor/motor.c:104:6:brake_mode	32	static
../Drivers/Motor/motor.c:110:6:set_speed	32	static
../Drivers/Motor/motor.c:118:6:move_on_curve_left	48	static
../Drivers/Motor/motor.c:127:6:move_on_curve_right	40	static
../Drivers/Motor/motor.c:136:6:move_straight	24	static
../Drivers/Motor/motor.c:142:6:stop	16	static
../Drivers/Motor/motor.c:150:7:drv_sigmoide	16	static
../Drivers/Motor/motor.c:155:6:move_sigmoide	48	static
../Drivers/Motor/motor.c:167:9:get_raduis	40	static
