Archive member included to satisfy reference by file (symbol)

C:/ST/STM32CubeIDE_1.13.1/STM32CubeIDE/plugins/com.st.stm32cube.ide.mcu.externaltools.gnu-tools-for-stm32.11.3.rel1.win32_1.1.1.202309131626/tools/bin/../lib/gcc/arm-none-eabi/11.3.1/../../../../arm-none-eabi/lib/thumb/v6-m/nofp\libc_nano.a(libc_a-exit.o)
                              C:/ST/STM32CubeIDE_1.13.1/STM32CubeIDE/plugins/com.st.stm32cube.ide.mcu.externaltools.gnu-tools-for-stm32.11.3.rel1.win32_1.1.1.202309131626/tools/bin/../lib/gcc/arm-none-eabi/11.3.1/../../../../arm-none-eabi/lib/thumb/v6-m/nofp/crt0.o (exit)
C:/ST/STM32CubeIDE_1.13.1/STM32CubeIDE/plugins/com.st.stm32cube.ide.mcu.externaltools.gnu-tools-for-stm32.11.3.rel1.win32_1.1.1.202309131626/tools/bin/../lib/gcc/arm-none-eabi/11.3.1/../../../../arm-none-eabi/lib/thumb/v6-m/nofp\libc_nano.a(libc_a-findfp.o)
                              C:/ST/STM32CubeIDE_1.13.1/STM32CubeIDE/plugins/com.st.stm32cube.ide.mcu.externaltools.gnu-tools-for-stm32.11.3.rel1.win32_1.1.1.202309131626/tools/bin/../lib/gcc/arm-none-eabi/11.3.1/../../../../arm-none-eabi/lib/thumb/v6-m/nofp\libc_nano.a(libc_a-exit.o) (__stdio_exit_handler)
C:/ST/STM32CubeIDE_1.13.1/STM32CubeIDE/plugins/com.st.stm32cube.ide.mcu.externaltools.gnu-tools-for-stm32.11.3.rel1.win32_1.1.1.202309131626/tools/bin/../lib/gcc/arm-none-eabi/11.3.1/../../../../arm-none-eabi/lib/thumb/v6-m/nofp\libc_nano.a(libc_a-fwalk.o)
                              C:/ST/STM32CubeIDE_1.13.1/STM32CubeIDE/plugins/com.st.stm32cube.ide.mcu.externaltools.gnu-tools-for-stm32.11.3.rel1.win32_1.1.1.202309131626/tools/bin/../lib/gcc/arm-none-eabi/11.3.1/../../../../arm-none-eabi/lib/thumb/v6-m/nofp\libc_nano.a(libc_a-findfp.o) (_fwalk_sglue)
C:/ST/STM32CubeIDE_1.13.1/STM32CubeIDE/plugins/com.st.stm32cube.ide.mcu.externaltools.gnu-tools-for-stm32.11.3.rel1.win32_1.1.1.202309131626/tools/bin/../lib/gcc/arm-none-eabi/11.3.1/../../../../arm-none-eabi/lib/thumb/v6-m/nofp\libc_nano.a(libc_a-stdio.o)
                              C:/ST/STM32CubeIDE_1.13.1/STM32CubeIDE/plugins/com.st.stm32cube.ide.mcu.externaltools.gnu-tools-for-stm32.11.3.rel1.win32_1.1.1.202309131626/tools/bin/../lib/gcc/arm-none-eabi/11.3.1/../../../../arm-none-eabi/lib/thumb/v6-m/nofp\libc_nano.a(libc_a-findfp.o) (__sread)
C:/ST/STM32CubeIDE_1.13.1/STM32CubeIDE/plugins/com.st.stm32cube.ide.mcu.externaltools.gnu-tools-for-stm32.11.3.rel1.win32_1.1.1.202309131626/tools/bin/../lib/gcc/arm-none-eabi/11.3.1/../../../../arm-none-eabi/lib/thumb/v6-m/nofp\libc_nano.a(libc_a-memset.o)
                              C:/ST/STM32CubeIDE_1.13.1/STM32CubeIDE/plugins/com.st.stm32cube.ide.mcu.externaltools.gnu-tools-for-stm32.11.3.rel1.win32_1.1.1.202309131626/tools/bin/../lib/gcc/arm-none-eabi/11.3.1/../../../../arm-none-eabi/lib/thumb/v6-m/nofp/crt0.o (memset)
C:/ST/STM32CubeIDE_1.13.1/STM32CubeIDE/plugins/com.st.stm32cube.ide.mcu.externaltools.gnu-tools-for-stm32.11.3.rel1.win32_1.1.1.202309131626/tools/bin/../lib/gcc/arm-none-eabi/11.3.1/../../../../arm-none-eabi/lib/thumb/v6-m/nofp\libc_nano.a(libc_a-closer.o)
                              C:/ST/STM32CubeIDE_1.13.1/STM32CubeIDE/plugins/com.st.stm32cube.ide.mcu.externaltools.gnu-tools-for-stm32.11.3.rel1.win32_1.1.1.202309131626/tools/bin/../lib/gcc/arm-none-eabi/11.3.1/../../../../arm-none-eabi/lib/thumb/v6-m/nofp\libc_nano.a(libc_a-stdio.o) (_close_r)
C:/ST/STM32CubeIDE_1.13.1/STM32CubeIDE/plugins/com.st.stm32cube.ide.mcu.externaltools.gnu-tools-for-stm32.11.3.rel1.win32_1.1.1.202309131626/tools/bin/../lib/gcc/arm-none-eabi/11.3.1/../../../../arm-none-eabi/lib/thumb/v6-m/nofp\libc_nano.a(libc_a-reent.o)
                              C:/ST/STM32CubeIDE_1.13.1/STM32CubeIDE/plugins/com.st.stm32cube.ide.mcu.externaltools.gnu-tools-for-stm32.11.3.rel1.win32_1.1.1.202309131626/tools/bin/../lib/gcc/arm-none-eabi/11.3.1/../../../../arm-none-eabi/lib/thumb/v6-m/nofp\libc_nano.a(libc_a-closer.o) (errno)
C:/ST/STM32CubeIDE_1.13.1/STM32CubeIDE/plugins/com.st.stm32cube.ide.mcu.externaltools.gnu-tools-for-stm32.11.3.rel1.win32_1.1.1.202309131626/tools/bin/../lib/gcc/arm-none-eabi/11.3.1/../../../../arm-none-eabi/lib/thumb/v6-m/nofp\libc_nano.a(libc_a-impure.o)
                              C:/ST/STM32CubeIDE_1.13.1/STM32CubeIDE/plugins/com.st.stm32cube.ide.mcu.externaltools.gnu-tools-for-stm32.11.3.rel1.win32_1.1.1.202309131626/tools/bin/../lib/gcc/arm-none-eabi/11.3.1/../../../../arm-none-eabi/lib/thumb/v6-m/nofp\libc_nano.a(libc_a-reent.o) (_impure_ptr)
C:/ST/STM32CubeIDE_1.13.1/STM32CubeIDE/plugins/com.st.stm32cube.ide.mcu.externaltools.gnu-tools-for-stm32.11.3.rel1.win32_1.1.1.202309131626/tools/bin/../lib/gcc/arm-none-eabi/11.3.1/../../../../arm-none-eabi/lib/thumb/v6-m/nofp\libc_nano.a(libc_a-lseekr.o)
[...]
Memory Configuration

Name             Origin             Length             Attributes
RAM              0x0000000020000000 0x0000000000009000 xrw
FLASH            0x0000000008000000 0x0000000000020000 xr
*default*        0x0000000000000000 0xffffffffffffffff

Linker script and memory map

LOAD C:/ST/STM32CubeIDE_1.13.1/STM32CubeIDE/plugins/com.st.stm32cube.ide.mcu.externaltools.gnu-tools-for-stm32.11.3.rel1.win32_1.1.1.202309131626/tools/bin/../lib/gcc/arm-none-eabi/11.3.1/thumb/v6-m/nofp/crti.o
LOAD C:/ST/STM32CubeIDE_1.13.1/STM32CubeIDE/plugins/com.st.stm32cube.ide.mcu.externaltools.gnu-tools-for-stm32.11.3.rel1.win32_1.1.1.202309131626/tools/bin/../lib/gcc/arm-none-eabi/11.3.1/thumb/v6-m/nofp/crtbegin.o
LOAD C:/ST/STM32CubeIDE_1.13.1/STM32CubeIDE/plugins/com.st.stm32cube.ide.mcu.externaltools.gnu-tools-for-stm32.11.3.rel1.win32_1.1.1.202309131626/tools/bin/../lib/gcc/arm-none-eabi/11.3.1/../../../../arm-none-eabi/lib/thumb/v6-m/nofp/crt0.o
LOAD ./Core/Src/app_freertos.o
LOAD ./Core/Src/gpio.o
LOAD ./Core/Src/i2c.o
LOAD ./Core/Src/main.o
LOAD ./Core/Src/stm32g0xx_hal_msp.o
LOAD ./Core/Src/stm32g0xx_it.o
LOAD ./Core/Src/syscalls.o
LOAD ./Core/Src/sysmem.o
LOAD ./Core/Src/system_stm32g0xx.o
LOAD ./Core/Src/tim.o
LOAD ./Core/Src/usart.o
LOAD ./Core/Startup/startup_stm32g070rbtx.o
LOAD ./Drivers/HC05/tasks_HC05.o
LOAD ./Drivers/Motor/motor.o
LOAD ./Drivers/STM32G0xx_HAL_Driver/Src/stm32g0xx_hal.o
LOAD ./Drivers/STM32G0xx_HAL_Driver/Src/stm32g0xx_hal_cortex.o
LOAD ./Drivers/STM32G0xx_HAL_Driver/Src/stm32g0xx_hal_dma.o
LOAD ./Drivers/STM32G0xx_HAL_Driver/Src/stm32g0xx_hal_dma_ex.o
LOAD ./Drivers/STM32G0xx_HAL_Driver/Src/stm32g0xx_hal_exti.o
LOAD ./Drivers/STM32G0xx_HAL_Driver/Src/stm32g0xx_hal_flash.o
LOAD ./Drivers/STM32G0xx_HAL_Driver/Src/stm32g0xx_hal_flash_ex.o
LOAD ./Drivers/STM32G0xx_HAL_Driver/Src/stm32g0xx_hal_gpio.o
LOAD ./Drivers/STM32G0xx_HAL_Driver/Src/stm32g0xx_hal_i2c.o
LOAD ./Drivers/STM32G0xx_HAL_Driver/Src/stm32g0xx_hal_i2c_ex.o
LOAD ./Drivers/STM32G0xx_HAL_Driver/Src/stm32g0xx_hal_pwr.o
LOAD ./Drivers/STM32G0xx_HAL_Driver/Src/stm32g0xx_hal_pwr_ex.o
LOAD ./Drivers/STM32G0xx_HAL_Driver/Src/stm32g0xx_hal_rcc.o
LOAD ./Drivers/STM32G0xx_HAL_Driver/Src/stm32g0xx_hal_rcc_ex.o
LOAD ./Drivers/STM32G0xx_HAL_Driver/Src/stm32g0xx_hal_tim.o
LOAD ./Drivers/STM32G0xx_HAL_Driver/Src/stm32g0xx_hal_tim_ex.o
LOAD ./Drivers/STM32G0xx_HAL_Driver/Src/stm32g0xx_hal_uart.o
LOAD ./Drivers/STM32G0xx_HAL_Driver/Src/stm32g0xx_hal_uart_ex.o
LOAD ./Drivers/STM32G0xx_HAL_Driver/Src/stm32g0xx_ll_dma.o
LOAD ./Drivers/STM32G0xx_HAL_Driver/Src/stm32g0xx_ll_rcc.o
LOAD ./Middlewares/Third_Party/FreeRTOS/Source/CMSIS_RTOS/cmsis_os.o
LOAD ./Middlewares/Third_Party/FreeRTOS/Source/croutine.o
LOAD ./Middlewares/Third_Party/FreeRTOS/Source/event_groups.o
LOAD ./Middlewares/Third_Party/FreeRTOS/Source/list.o
LOAD ./Middlewares/Third_Party/FreeRTOS/Source/queue.o
LOAD ./Middlewares/Third_Party/FreeRTOS/Source/stream_buffer.o
LOAD ./Middlewares/Third_Party/FreeRTOS/Source/tasks.o
LOAD ./Middlewares/Third_Party/FreeRTOS/Source/timers.o
LOAD ./Middlewares/Third_Party/FreeRTOS/Source/portable/GCC/ARM_CM0/port.o
LOAD ./Middlewares/Third_Party/FreeRTOS/Source/portable/MemMang/heap_4.o
START GROUP
LOAD C:/ST/STM32CubeIDE_1.13.1/STM32CubeIDE/plugins/com.st.stm32cube.ide.mcu.externaltools.gnu-tools-for-stm32.11.3.rel1.win32_1.1.1.202309131626/tools/bin/../lib/gcc/arm-none-eabi/11.3.1/../../../../arm-none-eabi/lib/thumb/v6-m/nofp\libc_nano.a
LOAD C:/ST/STM32CubeIDE_1.13.1/STM32CubeIDE/plugins/com.st.stm32cube.ide.mcu.externaltools.gnu-tools-for-stm32.11.3.rel1.win32_1.1.1.202309131626/tools/bin/../lib/gcc/arm-none-eabi/11.3.1/../../../../arm-none-eabi/lib/thumb/v6-m/nofp\libm.a
END GROUP
START GROUP
LOAD C:/ST/STM32CubeIDE_1.13.1/STM32CubeIDE/plugins/com.st.stm32cube.ide.mcu.externaltools.gnu-tools-for-stm32.11.3.rel1.win32_1.1.1.202309131626/tools/bin/../lib/gcc/arm-none-eabi/11.3.1/thumb/v6-m/nofp\libgcc.a
LOAD C:/ST/STM32CubeIDE_1.13.1/STM32CubeIDE/plugins/com.st.stm32cube.ide.mcu.externaltools.gnu-tools-for-stm32.11.3.rel1.win32_1.1.1.202309131626/tools/bin/../lib/gcc/arm-none-eabi/11.3.1/../../../../arm-none-eabi/lib/thumb/v6-m/nofp\libc_nano.a
END GROUP
START GROUP
LOAD C:/ST/STM32CubeIDE_1.13.1/STM32CubeIDE/plugins/com.st.stm32cube.ide.mcu.externaltools.gnu-tools-for-stm32.11.3.rel1.win32_1.1.1.202309131626/tools/bin/../lib/gcc/arm-none-eabi/11.3.1/thumb/v6-m/nofp\libgcc.a
LOAD C:/ST/STM32CubeIDE_1.13.1/STM32CubeIDE/plugins/com.st.stm32cube.ide.mcu.externaltools.gnu-tools-for-stm32.11.3.rel1.win32_1.1.1.202309131626/tools/bin/../lib/gcc/arm-none-eabi/11.3.1/../../../../arm-none-eabi/lib/thumb/v6-m/nofp\libc_nano.a
LOAD C:/ST/STM32CubeIDE_1.13.1/STM32CubeIDE/plugins/com.st.stm32cube.ide.mcu.externaltools.gnu-tools-for-stm32.11.3.rel1.win32_1.1.1.202309131626/tools/bin/../lib/gcc/arm-none-eabi/11.3.1/../../../../arm-none-eabi/lib/thumb/v6-m/nofp\libnosys.a
END GROUP
START GROUP
LOAD C:/ST/STM32CubeIDE_1.13.1/STM32CubeIDE/plugins/com.st.stm32cube.ide.mcu.externaltools.gnu-tools-for-stm32.11.3.rel1.win32_1.1.1.202309131626/tools/bin/../lib/gcc/arm-none-eabi/11.3.1/thumb/v6-m/nofp\libgcc.a
LOAD C:/ST/STM32CubeIDE_1.13.1/STM32CubeIDE/plugins/com.st.stm32cube.ide.mcu.externaltools.gnu-tools-for-stm32.11.3.rel1.win32_1.1.1.202309131626/tools/bin/../lib/gcc/arm-none-eabi/11.3.1/../../../../arm-none-eabi/lib/thumb/v6-m/nofp\libc_nano.a
LOAD C:/ST/STM32CubeIDE_1.13.1/STM32CubeIDE/plugins/com.st.stm32cube.ide.mcu.externaltools.gnu-tools-for-stm32.11.3.rel1.win32_1.1.1.202309131626/tools/bin/../lib/gcc/arm-none-eabi/11.3.1/../../../../arm-none-eabi/lib/thumb/v6-m/nofp\libnosys.a
END GROUP
LOAD C:/ST/STM32CubeIDE_1.13.1/STM32CubeIDE/plugins/com.st.stm32cube.ide.mcu.externaltools.gnu-tools-for-stm32.11.3.rel1.win32_1.1.1.202309131626/tools/bin/../lib/gcc/arm-none-eabi/11.3.1/thumb/v6-m/nofp/crtend.o
LOAD C:/ST/STM32CubeIDE_1.13.1/STM32CubeIDE/plugins/com.st.stm32cube.ide.mcu.externaltools.gnu-tools-for-stm32.11.3.rel1.win32_1.1.1.202309131626/tools/bin/../lib/gcc/arm-none-eabi/11.3.1/thumb/v6-m/nofp/crtn.o
                0x0000000020009000                _estack = (ORIGIN (RAM) + LENGTH (RAM))
                0x0000000000000200                _Min_Heap_Size = 0x200
                0x0000000000000400                _Min_Stack_Size = 0x400

.isr_vector     0x0000000008000000       0xb8
                0x0000000008000000                . = ALIGN (0x4)
 *(.isr_vector)
 .isr_vector    0x0000000008000000       0xb8 ./Core/Startup/startup_stm32g070rbtx.o
                0x0000000008000000                g_pfnVectors
                0x00000000080000b8                . = ALIGN (0x4)

.text           0x00000000080000c0     0x7db8
                0x00000000080000c0                . = ALIGN (0x4)
 *(.text)
 .text          0x00000000080000c0       0x48 C:/ST/STM32CubeIDE_1.13.1/STM32CubeIDE/plugins/com.st.stm32cube.ide.mcu.externaltools.gnu-tools-for-stm32.11.3.rel1.win32_1.1.1.202309131626/tools/bin/../lib/gcc/arm-none-eabi/11.3.1/thumb/v6-m/nofp/crtbegin.o
 .text          0x0000000008000108        0xe C:/ST/STM32CubeIDE_1.13.1/STM32CubeIDE/plugins/com.st.stm32cube.ide.mcu.externaltools.gnu-tools-for-stm32.11.3.rel1.win32_1.1.1.202309131626/tools/bin/../lib/gcc/arm-none-eabi/11.3.1/../../../../arm-none-eabi/lib/thumb/v6-m/nofp\libc_nano.a(libc_a-strlen.o)
                0x0000000008000108                strlen
 *fill*         0x0000000008000116        0x2 
 .text          0x0000000008000118      0x114 C:/ST/STM32CubeIDE_1.13.1/STM32CubeIDE/plugins/com.st.stm32cube.ide.mcu.externaltools.gnu-tools-for-stm32.11.3.rel1.win32_1.1.1.202309131626/tools/bin/../lib/gcc/arm-none-eabi/11.3.1/thumb/v6-m/nofp\libgcc.a(_udivsi3.o)
                0x0000000008000118                __aeabi_uidiv
                0x0000000008000118                __udivsi3
                0x0000000008000224                __aeabi_uidivmod
 .text          0x000000000800022c      0x1d4 C:/ST/STM32CubeIDE_1.13.1/STM32CubeIDE/plugins/com.st.stm32cube.ide.mcu.externaltools.gnu-tools-for-stm32.11.3.rel1.win32_1.1.1.202309131626/tools/bin/../lib/gcc/arm-none-eabi/11.3.1/thumb/v6-m/nofp\libgcc.a(_divsi3.o)
                0x000000000800022c                __divsi3
                0x000000000800022c                __aeabi_idiv
                0x00000000080003f8                __aeabi_idivmod
 .text          0x0000000008000400        0x4 C:/ST/STM32CubeIDE_1.13.1/STM32CubeIDE/plugins/com.st.stm32cube.ide.mcu.externaltools.gnu-tools-for-stm32.11.3.rel1.win32_1.1.1.202309131626/tools/bin/../lib/gcc/arm-none-eabi/11.3.1/thumb/v6-m/nofp\libgcc.a(_dvmd_tls.o)
                0x0000000008000400                __aeabi_idiv0
                0x0000000008000400                __aeabi_ldiv0
 *(.text*)
 .text.MX_FREERTOS_Init
                0x0000000008000404       0x34 ./Core/Src/app_freertos.o
                0x0000000008000404                MX_FREERTOS_Init
 .text.StartDefaultTask
                0x0000000008000438       0x10 ./Core/Src/app_freertos.o
                0x0000000008000438                StartDefaultTask
 .text.MX_GPIO_Init
                0x0000000008000448      0x1c8 ./Core/Src/gpio.o
                0x0000000008000448                MX_GPIO_Init
 .text.MX_I2C2_Init
                0x0000000008000610       0x80 ./Core/Src/i2c.o
                0x0000000008000610                MX_I2C2_Init
 .text.HAL_I2C_MspInit
                0x0000000008000690       0x98 ./Core/Src/i2c.o
                0x0000000008000690                HAL_I2C_MspInit
 .text.main     0x0000000008000728       0xa0 ./Core/Src/main.o
                0x0000000008000728                main
 .text.SystemClock_Config
                0x00000000080007c8       0x84 ./Core/Src/main.o
                0x00000000080007c8                SystemClock_Config
 .text.Error_Handler
                0x000000000800084c        0xa ./Core/Src/main.o
                0x000000000800084c                Error_Handler
 *fill*         0x0000000008000856        0x2 
 .text.HAL_MspInit
                0x0000000008000858       0x54 ./Core/Src/stm32g0xx_hal_msp.o
                0x0000000008000858                HAL_MspInit
 .text.NMI_Handler
                0x00000000080008ac        0x6 ./Core/Src/stm32g0xx_it.o
                0x00000000080008ac                NMI_Handler
 .text.HardFault_Handler
                0x00000000080008b2        0x6 ./Core/Src/stm32g0xx_it.o
                0x00000000080008b2                HardFault_Handler
 .text.SysTick_Handler
                0x00000000080008b8       0x1c ./Core/Src/stm32g0xx_it.o
                0x00000000080008b8                SysTick_Handler
 .text.EXTI4_15_IRQHandler
                0x00000000080008d4       0x66 ./Core/Src/stm32g0xx_it.o
                0x00000000080008d4                EXTI4_15_IRQHandler
 *fill*         0x000000000800093a        0x2 
 .text.USART3_4_IRQHandler
                0x000000000800093c       0x54 ./Core/Src/stm32g0xx_it.o
                0x000000000800093c                USART3_4_IRQHandler
 .text.SystemInit
                0x0000000008000990        0xa ./Core/Src/system_stm32g0xx.o
                0x0000000008000990                SystemInit
 *fill*         0x000000000800099a        0x2 
 .text.MX_TIM1_Init
                0x000000000800099c       0xd4 ./Core/Src/tim.o
                0x000000000800099c                MX_TIM1_Init
 .text.MX_TIM3_Init
                0x0000000008000a70       0xc8 ./Core/Src/tim.o
                0x0000000008000a70                MX_TIM3_Init
 .text.MX_TIM6_Init
                0x0000000008000b38       0x78 ./Core/Src/tim.o
                0x0000000008000b38                MX_TIM6_Init
 .text.MX_TIM7_Init
                0x0000000008000bb0       0x78 ./Core/Src/tim.o
                0x0000000008000bb0                MX_TIM7_Init
 .text.MX_TIM14_Init
                0x0000000008000c28       0xa0 ./Core/Src/tim.o
                0x0000000008000c28                MX_TIM14_Init
 .text.MX_TIM15_Init
                0x0000000008000cc8      0x144 ./Core/Src/tim.o
                0x0000000008000cc8                MX_TIM15_Init
 .text.MX_TIM16_Init
                0x0000000008000e0c      0x10c ./Core/Src/tim.o
                0x0000000008000e0c                MX_TIM16_Init
 .text.MX_TIM17_Init
                0x0000000008000f18      0x10c ./Core/Src/tim.o
                0x0000000008000f18                MX_TIM17_Init
 .text.HAL_TIM_Encoder_MspInit
                0x0000000008001024      0x104 ./Core/Src/tim.o
                0x0000000008001024                HAL_TIM_Encoder_MspInit
 .text.HAL_TIM_Base_MspInit
                0x0000000008001128       0xe8 ./Core/Src/tim.o
                0x0000000008001128                HAL_TIM_Base_MspInit
 .text.HAL_TIM_PWM_MspInit
                0x0000000008001210       0x40 ./Core/Src/tim.o
                0x0000000008001210                HAL_TIM_PWM_MspInit
 .text.HAL_TIM_MspPostInit
                0x0000000008001250      0x180 ./Core/Src/tim.o
                0x0000000008001250                HAL_TIM_MspPostInit
 .text.MX_USART1_UART_Init
                0x00000000080013d0       0x9c ./Core/Src/usart.o
                0x00000000080013d0                MX_USART1_UART_Init
 .text.MX_USART2_UART_Init
                0x000000000800146c       0x9c ./Core/Src/usart.o
                0x000000000800146c                MX_USART2_UART_Init
 .text.MX_USART3_UART_Init
                0x0000000008001508       0x68 ./Core/Src/usart.o
                0x0000000008001508                MX_USART3_UART_Init
 .text.HAL_UART_MspInit
                0x0000000008001570      0x1d8 ./Core/Src/usart.o
                0x0000000008001570                HAL_UART_MspInit
 .text.Reset_Handler
                0x0000000008001748       0x50 ./Core/Startup/startup_stm32g070rbtx.o
                0x0000000008001748                Reset_Handler
 .text.Default_Handler
                0x0000000008001798        0x2 ./Core/Startup/startup_stm32g070rbtx.o
                0x0000000008001798                TIM1_CC_IRQHandler
                0x0000000008001798                TIM6_IRQHandler
                0x0000000008001798                I2C1_IRQHandler
                0x0000000008001798                RTC_TAMP_IRQHandler
                0x0000000008001798                SPI1_IRQHandler
                0x0000000008001798                EXTI2_3_IRQHandler
                0x0000000008001798                ADC1_IRQHandler
                0x0000000008001798                I2C2_IRQHandler
                0x0000000008001798                TIM17_IRQHandler
                0x0000000008001798                TIM16_IRQHandler
                0x0000000008001798                TIM3_IRQHandler
                0x0000000008001798                RCC_IRQHandler
                0x0000000008001798                DMA1_Channel1_IRQHandler
                0x0000000008001798                Default_Handler
                0x0000000008001798                TIM14_IRQHandler
                0x0000000008001798                TIM7_IRQHandler
                0x0000000008001798                TIM15_IRQHandler
                0x0000000008001798                EXTI0_1_IRQHandler
                0x0000000008001798                SPI2_IRQHandler
                0x0000000008001798                WWDG_IRQHandler
                0x0000000008001798                DMA1_Ch4_7_DMAMUX1_OVR_IRQHandler
                0x0000000008001798                DMA1_Channel2_3_IRQHandler
                0x0000000008001798                USART2_IRQHandler
                0x0000000008001798                FLASH_IRQHandler
                0x0000000008001798                USART1_IRQHandler
                0x0000000008001798                TIM1_BRK_UP_TRG_COM_IRQHandler
 *fill*         0x000000000800179a        0x2 
 .text.print_BT_Task
                0x000000000800179c       0x34 ./Drivers/HC05/tasks_HC05.o
                0x000000000800179c                print_BT_Task
 .text.send_text
                0x00000000080017d0       0x2c ./Drivers/HC05/tasks_HC05.o
                0x00000000080017d0                send_text
 .text.fill_queue
                0x00000000080017fc       0x48 ./Drivers/HC05/tasks_HC05.o
                0x00000000080017fc                fill_queue
 .text.renvoie  0x0000000008001844       0x48 ./Drivers/HC05/tasks_HC05.o
                0x0000000008001844                renvoie
 .text.Start_HC05_Tasks
                0x000000000800188c       0x90 ./Drivers/HC05/tasks_HC05.o
                0x000000000800188c                Start_HC05_Tasks
 .text.test1    0x000000000800191c       0x24 ./Drivers/Motor/motor.o
                0x000000000800191c                test1
 .text.Start_motor_Tasks
                0x0000000008001940       0x2c ./Drivers/Motor/motor.o
                0x0000000008001940                Start_motor_Tasks
 .text.forward_mode
                0x000000000800196c      0x1ba ./Drivers/Motor/motor.o
                0x000000000800196c                forward_mode
 .text.reverse_mode
                0x0000000008001b26      0x1ba ./Drivers/Motor/motor.o
                0x0000000008001b26                reverse_mode
 .text.brake_mode
                0x0000000008001ce0       0xf4 ./Drivers/Motor/motor.o
                0x0000000008001ce0                brake_mode
 .text.set_speed
                0x0000000008001dd4       0x8e ./Drivers/Motor/motor.o
                0x0000000008001dd4                set_speed
 *fill*         0x0000000008001e62        0x2 
 .text.move_straight
                0x0000000008001e64       0x48 ./Drivers/Motor/motor.o
                0x0000000008001e64                move_straight
 .text.stop     0x0000000008001eac       0x3c ./Drivers/Motor/motor.o
                0x0000000008001eac                stop
 .text.HAL_Init
                0x0000000008001ee8       0x40 ./Drivers/STM32G0xx_HAL_Driver/Src/stm32g0xx_hal.o
                0x0000000008001ee8                HAL_Init
 .text.HAL_InitTick
                0x0000000008001f28       0x94 ./Drivers/STM32G0xx_HAL_Driver/Src/stm32g0xx_hal.o
                0x0000000008001f28                HAL_InitTick
 .text.HAL_IncTick
                0x0000000008001fbc       0x24 ./Drivers/STM32G0xx_HAL_Driver/Src/stm32g0xx_hal.o
                0x0000000008001fbc                HAL_IncTick
 .text.HAL_GetTick
                0x0000000008001fe0       0x14 ./Drivers/STM32G0xx_HAL_Driver/Src/stm32g0xx_hal.o
                0x0000000008001fe0                HAL_GetTick
 .text.__NVIC_EnableIRQ
                0x0000000008001ff4       0x34 ./Drivers/STM32G0xx_HAL_Driver/Src/stm32g0xx_hal_cortex.o
 .text.__NVIC_SetPriority
                0x0000000008002028       0xdc ./Drivers/STM32G0xx_HAL_Driver/Src/stm32g0xx_hal_cortex.o
 .text.SysTick_Config
                0x0000000008002104       0x48 ./Drivers/STM32G0xx_HAL_Driver/Src/stm32g0xx_hal_cortex.o
 .text.HAL_NVIC_SetPriority
                0x000000000800214c       0x2a ./Drivers/STM32G0xx_HAL_Driver/Src/stm32g0xx_hal_cortex.o
                0x000000000800214c                HAL_NVIC_SetPriority
 .text.HAL_NVIC_EnableIRQ
                0x0000000008002176       0x20 ./Drivers/STM32G0xx_HAL_Driver/Src/stm32g0xx_hal_cortex.o
                0x0000000008002176                HAL_NVIC_EnableIRQ
 .text.HAL_SYSTICK_Config
                0x0000000008002196       0x1a ./Drivers/STM32G0xx_HAL_Driver/Src/stm32g0xx_hal_cortex.o
                0x0000000008002196                HAL_SYSTICK_Config
 .text.HAL_DMA_Abort
                0x00000000080021b0       0xc4 ./Drivers/STM32G0xx_HAL_Driver/Src/stm32g0xx_hal_dma.o
                0x00000000080021b0                HAL_DMA_Abort
 .text.HAL_DMA_Abort_IT
                0x0000000008002274       0xd4 ./Drivers/STM32G0xx_HAL_Driver/Src/stm32g0xx_hal_dma.o
                0x0000000008002274                HAL_DMA_Abort_IT
 .text.HAL_GPIO_Init
                0x0000000008002348      0x2c8 ./Drivers/STM32G0xx_HAL_Driver/Src/stm32g0xx_hal_gpio.o
                0x0000000008002348                HAL_GPIO_Init
 .text.HAL_GPIO_WritePin
                0x0000000008002610       0x3a ./Drivers/STM32G0xx_HAL_Driver/Src/stm32g0xx_hal_gpio.o
                0x0000000008002610                HAL_GPIO_WritePin
 *fill*         0x000000000800264a        0x2 
 .text.HAL_GPIO_EXTI_IRQHandler
                0x000000000800264c       0x54 ./Drivers/STM32G0xx_HAL_Driver/Src/stm32g0xx_hal_gpio.o
                0x000000000800264c                HAL_GPIO_EXTI_IRQHandler
 .text.HAL_GPIO_EXTI_Rising_Callback
                0x00000000080026a0       0x14 ./Drivers/STM32G0xx_HAL_Driver/Src/stm32g0xx_hal_gpio.o
                0x00000000080026a0                HAL_GPIO_EXTI_Rising_Callback
 .text.HAL_GPIO_EXTI_Falling_Callback
                0x00000000080026b4       0x14 ./Drivers/STM32G0xx_HAL_Driver/Src/stm32g0xx_hal_gpio.o
                0x00000000080026b4                HAL_GPIO_EXTI_Falling_Callback
 .text.HAL_I2C_Init
                0x00000000080026c8      0x12c ./Drivers/STM32G0xx_HAL_Driver/Src/stm32g0xx_hal_i2c.o
                0x00000000080026c8                HAL_I2C_Init
 .text.HAL_I2CEx_ConfigAnalogFilter
                0x00000000080027f4       0x98 ./Drivers/STM32G0xx_HAL_Driver/Src/stm32g0xx_hal_i2c_ex.o
                0x00000000080027f4                HAL_I2CEx_ConfigAnalogFilter
 .text.HAL_I2CEx_ConfigDigitalFilter
                0x000000000800288c       0x98 ./Drivers/STM32G0xx_HAL_Driver/Src/stm32g0xx_hal_i2c_ex.o
                0x000000000800288c                HAL_I2CEx_ConfigDigitalFilter
 .text.HAL_PWREx_ControlVoltageScaling
                0x0000000008002924       0x80 ./Drivers/STM32G0xx_HAL_Driver/Src/stm32g0xx_hal_pwr_ex.o
                0x0000000008002924                HAL_PWREx_ControlVoltageScaling
 .text.LL_RCC_GetAPB1Prescaler
                0x00000000080029a4       0x18 ./Drivers/STM32G0xx_HAL_Driver/Src/stm32g0xx_hal_rcc.o
 .text.HAL_RCC_OscConfig
                0x00000000080029bc      0x620 ./Drivers/STM32G0xx_HAL_Driver/Src/stm32g0xx_hal_rcc.o
                0x00000000080029bc                HAL_RCC_OscConfig
 .text.HAL_RCC_ClockConfig
                0x0000000008002fdc      0x210 ./Drivers/STM32G0xx_HAL_Driver/Src/stm32g0xx_hal_rcc.o
                0x0000000008002fdc                HAL_RCC_ClockConfig
 .text.HAL_RCC_GetSysClockFreq
                0x00000000080031ec      0x100 ./Drivers/STM32G0xx_HAL_Driver/Src/stm32g0xx_hal_rcc.o
                0x00000000080031ec                HAL_RCC_GetSysClockFreq
 .text.HAL_RCC_GetHCLKFreq
                0x00000000080032ec       0x14 ./Drivers/STM32G0xx_HAL_Driver/Src/stm32g0xx_hal_rcc.o
                0x00000000080032ec                HAL_RCC_GetHCLKFreq
 .text.HAL_RCC_GetPCLK1Freq
                0x0000000008003300       0x2c ./Drivers/STM32G0xx_HAL_Driver/Src/stm32g0xx_hal_rcc.o
                0x0000000008003300                HAL_RCC_GetPCLK1Freq
 .text.HAL_RCCEx_PeriphCLKConfig
                0x000000000800332c      0x268 ./Drivers/STM32G0xx_HAL_Driver/Src/stm32g0xx_hal_rcc_ex.o
                0x000000000800332c                HAL_RCCEx_PeriphCLKConfig
 .text.HAL_TIM_Base_Init
                0x0000000008003594       0xb0 ./Drivers/STM32G0xx_HAL_Driver/Src/stm32g0xx_hal_tim.o
                0x0000000008003594                HAL_TIM_Base_Init
 .text.HAL_TIM_PWM_Init
                0x0000000008003644       0xb0 ./Drivers/STM32G0xx_HAL_Driver/Src/stm32g0xx_hal_tim.o
                0x0000000008003644                HAL_TIM_PWM_Init
 .text.HAL_TIM_PWM_Start
                0x00000000080036f4      0x1c8 ./Drivers/STM32G0xx_HAL_Driver/Src/stm32g0xx_hal_tim.o
                0x00000000080036f4                HAL_TIM_PWM_Start
 .text.HAL_TIM_Encoder_Init
                0x00000000080038bc      0x150 ./Drivers/STM32G0xx_HAL_Driver/Src/stm32g0xx_hal_tim.o
                0x00000000080038bc                HAL_TIM_Encoder_Init
 .text.HAL_TIM_PWM_ConfigChannel
                0x0000000008003a0c      0x200 ./Drivers/STM32G0xx_HAL_Driver/Src/stm32g0xx_hal_tim.o
                0x0000000008003a0c                HAL_TIM_PWM_ConfigChannel
 .text.TIM_Base_SetConfig
                0x0000000008003c0c       0xec ./Drivers/STM32G0xx_HAL_Driver/Src/stm32g0xx_hal_tim.o
                0x0000000008003c0c                TIM_Base_SetConfig
 .text.TIM_OC1_SetConfig
                0x0000000008003cf8      0x114 ./Drivers/STM32G0xx_HAL_Driver/Src/stm32g0xx_hal_tim.o
 .text.TIM_OC2_SetConfig
                0x0000000008003e0c      0x108 ./Drivers/STM32G0xx_HAL_Driver/Src/stm32g0xx_hal_tim.o
                0x0000000008003e0c                TIM_OC2_SetConfig
 .text.TIM_OC3_SetConfig
                0x0000000008003f14      0x110 ./Drivers/STM32G0xx_HAL_Driver/Src/stm32g0xx_hal_tim.o
 .text.TIM_OC4_SetConfig
                0x0000000008004024       0xd4 ./Drivers/STM32G0xx_HAL_Driver/Src/stm32g0xx_hal_tim.o
 .text.TIM_OC5_SetConfig
                0x00000000080040f8       0xc0 ./Drivers/STM32G0xx_HAL_Driver/Src/stm32g0xx_hal_tim.o
 .text.TIM_OC6_SetConfig
                0x00000000080041b8       0xc8 ./Drivers/STM32G0xx_HAL_Driver/Src/stm32g0xx_hal_tim.o
 .text.TIM_CCxChannelCmd
                0x0000000008004280       0x46 ./Drivers/STM32G0xx_HAL_Driver/Src/stm32g0xx_hal_tim.o
                0x0000000008004280                TIM_CCxChannelCmd
 *fill*         0x00000000080042c6        0x2 
 .text.HAL_TIMEx_MasterConfigSynchronization
                0x00000000080042c8       0xd0 ./Drivers/STM32G0xx_HAL_Driver/Src/stm32g0xx_hal_tim_ex.o
                0x00000000080042c8                HAL_TIMEx_MasterConfigSynchronization
 .text.HAL_TIMEx_ConfigBreakDeadTime
                0x0000000008004398      0x14c ./Drivers/STM32G0xx_HAL_Driver/Src/stm32g0xx_hal_tim_ex.o
                0x0000000008004398                HAL_TIMEx_ConfigBreakDeadTime
 .text.HAL_UART_Init
                0x00000000080044e4       0xac ./Drivers/STM32G0xx_HAL_Driver/Src/stm32g0xx_hal_uart.o
                0x00000000080044e4                HAL_UART_Init
 .text.HAL_UART_Transmit
                0x0000000008004590      0x138 ./Drivers/STM32G0xx_HAL_Driver/Src/stm32g0xx_hal_uart.o
                0x0000000008004590                HAL_UART_Transmit
 .text.HAL_UART_Receive_IT
                0x00000000080046c8       0xae ./Drivers/STM32G0xx_HAL_Driver/Src/stm32g0xx_hal_uart.o
                0x00000000080046c8                HAL_UART_Receive_IT
 *fill*         0x0000000008004776        0x2 
 .text.HAL_UART_IRQHandler
                0x0000000008004778      0x64c ./Drivers/STM32G0xx_HAL_Driver/Src/stm32g0xx_hal_uart.o
                0x0000000008004778                HAL_UART_IRQHandler
 .text.HAL_UART_TxCpltCallback
                0x0000000008004dc4       0x10 ./Drivers/STM32G0xx_HAL_Driver/Src/stm32g0xx_hal_uart.o
                0x0000000008004dc4                HAL_UART_TxCpltCallback
 .text.HAL_UART_RxCpltCallback
                0x0000000008004dd4       0x10 ./Drivers/STM32G0xx_HAL_Driver/Src/stm32g0xx_hal_uart.o
                0x0000000008004dd4                HAL_UART_RxCpltCallback
 .text.HAL_UART_ErrorCallback
                0x0000000008004de4       0x10 ./Drivers/STM32G0xx_HAL_Driver/Src/stm32g0xx_hal_uart.o
                0x0000000008004de4                HAL_UART_ErrorCallback
 .text.HAL_UARTEx_RxEventCallback
                0x0000000008004df4       0x16 ./Drivers/STM32G0xx_HAL_Driver/Src/stm32g0xx_hal_uart.o
                0x0000000008004df4                HAL_UARTEx_RxEventCallback
 *fill*         0x0000000008004e0a        0x2 
 .text.UART_SetConfig
                0x0000000008004e0c      0x348 ./Drivers/STM32G0xx_HAL_Driver/Src/stm32g0xx_hal_uart.o
                0x0000000008004e0c                UART_SetConfig
 .text.UART_AdvFeatureConfig
                0x0000000008005154      0x168 ./Drivers/STM32G0xx_HAL_Driver/Src/stm32g0xx_hal_uart.o
                0x0000000008005154                UART_AdvFeatureConfig
 .text.UART_CheckIdleState
                0x00000000080052bc       0x9c ./Drivers/STM32G0xx_HAL_Driver/Src/stm32g0xx_hal_uart.o
                0x00000000080052bc                UART_CheckIdleState
 .text.UART_WaitOnFlagUntilTimeout
                0x0000000008005358      0x190 ./Drivers/STM32G0xx_HAL_Driver/Src/stm32g0xx_hal_uart.o
                0x0000000008005358                UART_WaitOnFlagUntilTimeout
 .text.UART_Start_Receive_IT
                0x00000000080054e8      0x248 ./Drivers/STM32G0xx_HAL_Driver/Src/stm32g0xx_hal_uart.o
                0x00000000080054e8                UART_Start_Receive_IT
 .text.UART_EndRxTransfer
                0x0000000008005730       0xcc ./Drivers/STM32G0xx_HAL_Driver/Src/stm32g0xx_hal_uart.o
 .text.UART_DMAAbortOnError
                0x00000000080057fc       0x2e ./Drivers/STM32G0xx_HAL_Driver/Src/stm32g0xx_hal_uart.o
 .text.UART_EndTransmit_IT
                0x000000000800582a       0x58 ./Drivers/STM32G0xx_HAL_Driver/Src/stm32g0xx_hal_uart.o
 *fill*         0x0000000008005882        0x2 
 .text.UART_RxISR_8BIT
                0x0000000008005884      0x174 ./Drivers/STM32G0xx_HAL_Driver/Src/stm32g0xx_hal_uart.o
 .text.UART_RxISR_16BIT
                0x00000000080059f8      0x174 ./Drivers/STM32G0xx_HAL_Driver/Src/stm32g0xx_hal_uart.o
 .text.UART_RxISR_8BIT_FIFOEN
                0x0000000008005b6c      0x2ec ./Drivers/STM32G0xx_HAL_Driver/Src/stm32g0xx_hal_uart.o
 .text.UART_RxISR_16BIT_FIFOEN
                0x0000000008005e58      0x2ec ./Drivers/STM32G0xx_HAL_Driver/Src/stm32g0xx_hal_uart.o
 .text.HAL_UARTEx_WakeupCallback
                0x0000000008006144       0x10 ./Drivers/STM32G0xx_HAL_Driver/Src/stm32g0xx_hal_uart_ex.o
                0x0000000008006144                HAL_UARTEx_WakeupCallback
 .text.HAL_UARTEx_RxFifoFullCallback
                0x0000000008006154       0x10 ./Drivers/STM32G0xx_HAL_Driver/Src/stm32g0xx_hal_uart_ex.o
                0x0000000008006154                HAL_UARTEx_RxFifoFullCallback
 .text.HAL_UARTEx_TxFifoEmptyCallback
                0x0000000008006164       0x10 ./Drivers/STM32G0xx_HAL_Driver/Src/stm32g0xx_hal_uart_ex.o
                0x0000000008006164                HAL_UARTEx_TxFifoEmptyCallback
 .text.HAL_UARTEx_DisableFifoMode
                0x0000000008006174       0x74 ./Drivers/STM32G0xx_HAL_Driver/Src/stm32g0xx_hal_uart_ex.o
                0x0000000008006174                HAL_UARTEx_DisableFifoMode
 .text.HAL_UARTEx_SetTxFifoThreshold
                0x00000000080061e8       0x7e ./Drivers/STM32G0xx_HAL_Driver/Src/stm32g0xx_hal_uart_ex.o
                0x00000000080061e8                HAL_UARTEx_SetTxFifoThreshold
 *fill*         0x0000000008006266        0x2 
 .text.HAL_UARTEx_SetRxFifoThreshold
                0x0000000008006268       0x84 ./Drivers/STM32G0xx_HAL_Driver/Src/stm32g0xx_hal_uart_ex.o
                0x0000000008006268                HAL_UARTEx_SetRxFifoThreshold
 .text.UARTEx_SetNbDataToProcess
                0x00000000080062ec       0xbc ./Drivers/STM32G0xx_HAL_Driver/Src/stm32g0xx_hal_uart_ex.o
 .text.makeFreeRtosPriority
                0x00000000080063a8       0x32 ./Middlewares/Third_Party/FreeRTOS/Source/CMSIS_RTOS/cmsis_os.o
 .text.osKernelStart
                0x00000000080063da       0x10 ./Middlewares/Third_Party/FreeRTOS/Source/CMSIS_RTOS/cmsis_os.o
                0x00000000080063da                osKernelStart
 .text.osThreadCreate
                0x00000000080063ea       0x50 ./Middlewares/Third_Party/FreeRTOS/Source/CMSIS_RTOS/cmsis_os.o
                0x00000000080063ea                osThreadCreate
 .text.osDelay  0x000000000800643a       0x28 ./Middlewares/Third_Party/FreeRTOS/Source/CMSIS_RTOS/cmsis_os.o
                0x000000000800643a                osDelay
 .text.vListInitialise
                0x0000000008006462       0x3c ./Middlewares/Third_Party/FreeRTOS/Source/list.o
                0x0000000008006462                vListInitialise
 .text.vListInitialiseItem
                0x000000000800649e       0x16 ./Middlewares/Third_Party/FreeRTOS/Source/list.o
                0x000000000800649e                vListInitialiseItem
 .text.vListInsertEnd
                0x00000000080064b4       0x44 ./Middlewares/Third_Party/FreeRTOS/Source/list.o
                0x00000000080064b4                vListInsertEnd
 .text.vListInsert
                0x00000000080064f8       0x6c ./Middlewares/Third_Party/FreeRTOS/Source/list.o
                0x00000000080064f8                vListInsert
 .text.uxListRemove
                0x0000000008006564       0x50 ./Middlewares/Third_Party/FreeRTOS/Source/list.o
                0x0000000008006564                uxListRemove
 .text.xQueueGenericReset
                0x00000000080065b4       0xa8 ./Middlewares/Third_Party/FreeRTOS/Source/queue.o
                0x00000000080065b4                xQueueGenericReset
 .text.xQueueGenericCreate
                0x000000000800665c       0x5c ./Middlewares/Third_Party/FreeRTOS/Source/queue.o
                0x000000000800665c                xQueueGenericCreate
 .text.prvInitialiseNewQueue
                0x00000000080066b8       0x44 ./Middlewares/Third_Party/FreeRTOS/Source/queue.o
 .text.xQueueGenericSend
                0x00000000080066fc      0x188 ./Middlewares/Third_Party/FreeRTOS/Source/queue.o
                0x00000000080066fc                xQueueGenericSend
 .text.xQueueGenericSendFromISR
                0x0000000008006884       0xe8 ./Middlewares/Third_Party/FreeRTOS/Source/queue.o
                0x0000000008006884                xQueueGenericSendFromISR
 .text.xQueueReceive
                0x000000000800696c      0x16a ./Middlewares/Third_Party/FreeRTOS/Source/queue.o
                0x000000000800696c                xQueueReceive
 .text.prvCopyDataToQueue
                0x0000000008006ad6       0xd6 ./Middlewares/Third_Party/FreeRTOS/Source/queue.o
 .text.prvCopyDataFromQueue
                0x0000000008006bac       0x4c ./Middlewares/Third_Party/FreeRTOS/Source/queue.o
 .text.prvUnlockQueue
                0x0000000008006bf8       0xbc ./Middlewares/Third_Party/FreeRTOS/Source/queue.o
 .text.prvIsQueueEmpty
                0x0000000008006cb4       0x2c ./Middlewares/Third_Party/FreeRTOS/Source/queue.o
 .text.prvIsQueueFull
                0x0000000008006ce0       0x30 ./Middlewares/Third_Party/FreeRTOS/Source/queue.o
 .text.xTaskCreate
                0x0000000008006d10       0x90 ./Middlewares/Third_Party/FreeRTOS/Source/tasks.o
                0x0000000008006d10                xTaskCreate
 .text.prvInitialiseNewTask
                0x0000000008006da0      0x104 ./Middlewares/Third_Party/FreeRTOS/Source/tasks.o
 .text.prvAddNewTaskToReadyList
                0x0000000008006ea4       0xc8 ./Middlewares/Third_Party/FreeRTOS/Source/tasks.o
 .text.vTaskDelay
                0x0000000008006f6c       0x4c ./Middlewares/Third_Party/FreeRTOS/Source/tasks.o
                0x0000000008006f6c                vTaskDelay
 .text.vTaskStartScheduler
                0x0000000008006fb8       0x6c ./Middlewares/Third_Party/FreeRTOS/Source/tasks.o
                0x0000000008006fb8                vTaskStartScheduler
 .text.vTaskSuspendAll
                0x0000000008007024       0x18 ./Middlewares/Third_Party/FreeRTOS/Source/tasks.o
                0x0000000008007024                vTaskSuspendAll
 .text.xTaskResumeAll
                0x000000000800703c      0x118 ./Middlewares/Third_Party/FreeRTOS/Source/tasks.o
                0x000000000800703c                xTaskResumeAll
 .text.xTaskIncrementTick
                0x0000000008007154      0x160 ./Middlewares/Third_Party/FreeRTOS/Source/tasks.o
                0x0000000008007154                xTaskIncrementTick
 .text.vTaskSwitchContext
                0x00000000080072b4       0xa4 ./Middlewares/Third_Party/FreeRTOS/Source/tasks.o
                0x00000000080072b4                vTaskSwitchContext
 .text.vTaskPlaceOnEventList
                0x0000000008007358       0x3c ./Middlewares/Third_Party/FreeRTOS/Source/tasks.o
                0x0000000008007358                vTaskPlaceOnEventList
 .text.xTaskRemoveFromEventList
                0x0000000008007394       0xb8 ./Middlewares/Third_Party/FreeRTOS/Source/tasks.o
                0x0000000008007394                xTaskRemoveFromEventList
 .text.vTaskInternalSetTimeOutState
                0x000000000800744c       0x28 ./Middlewares/Third_Party/FreeRTOS/Source/tasks.o
                0x000000000800744c                vTaskInternalSetTimeOutState
 .text.xTaskCheckForTimeOut
                0x0000000008007474       0xa0 ./Middlewares/Third_Party/FreeRTOS/Source/tasks.o
                0x0000000008007474                xTaskCheckForTimeOut
 .text.vTaskMissedYield
                0x0000000008007514       0x14 ./Middlewares/Third_Party/FreeRTOS/Source/tasks.o
                0x0000000008007514                vTaskMissedYield
 .text.prvIdleTask
                0x0000000008007528       0x20 ./Middlewares/Third_Party/FreeRTOS/Source/tasks.o
 .text.prvInitialiseTaskLists
                0x0000000008007548       0x88 ./Middlewares/Third_Party/FreeRTOS/Source/tasks.o
 .text.prvCheckTasksWaitingTermination
                0x00000000080075d0       0x5c ./Middlewares/Third_Party/FreeRTOS/Source/tasks.o
 .text.prvDeleteTCB
                0x000000000800762c       0x22 ./Middlewares/Third_Party/FreeRTOS/Source/tasks.o
 *fill*         0x000000000800764e        0x2 
 .text.prvResetNextTaskUnblockTime
                0x0000000008007650       0x3c ./Middlewares/Third_Party/FreeRTOS/Source/tasks.o
 .text.xTaskGetSchedulerState
                0x000000000800768c       0x38 ./Middlewares/Third_Party/FreeRTOS/Source/tasks.o
                0x000000000800768c                xTaskGetSchedulerState
 .text.xTaskPriorityDisinherit
                0x00000000080076c4       0xb8 ./Middlewares/Third_Party/FreeRTOS/Source/tasks.o
                0x00000000080076c4                xTaskPriorityDisinherit
 .text.prvAddCurrentTaskToDelayedList
                0x000000000800777c       0xa8 ./Middlewares/Third_Party/FreeRTOS/Source/tasks.o
 .text.pxPortInitialiseStack
                0x0000000008007824       0x54 ./Middlewares/Third_Party/FreeRTOS/Source/portable/GCC/ARM_CM0/port.o
                0x0000000008007824                pxPortInitialiseStack
 .text.prvTaskExitError
                0x0000000008007878       0x30 ./Middlewares/Third_Party/FreeRTOS/Source/portable/GCC/ARM_CM0/port.o
 .text.SVC_Handler
                0x00000000080078a8        0xa ./Middlewares/Third_Party/FreeRTOS/Source/portable/GCC/ARM_CM0/port.o
                0x00000000080078a8                SVC_Handler
 *fill*         0x00000000080078b2        0xe 
 .text.vPortStartFirstTask
                0x00000000080078c0       0x38 ./Middlewares/Third_Party/FreeRTOS/Source/portable/GCC/ARM_CM0/port.o
 .text.xPortStartScheduler
                0x00000000080078f8       0x48 ./Middlewares/Third_Party/FreeRTOS/Source/portable/GCC/ARM_CM0/port.o
                0x00000000080078f8                xPortStartScheduler
 .text.vPortYield
                0x0000000008007940       0x20 ./Middlewares/Third_Party/FreeRTOS/Source/portable/GCC/ARM_CM0/port.o
                0x0000000008007940                vPortYield
 .text.vPortEnterCritical
                0x0000000008007960       0x24 ./Middlewares/Third_Party/FreeRTOS/Source/portable/GCC/ARM_CM0/port.o
                0x0000000008007960                vPortEnterCritical
 .text.vPortExitCritical
                0x0000000008007984       0x30 ./Middlewares/Third_Party/FreeRTOS/Source/portable/GCC/ARM_CM0/port.o
                0x0000000008007984                vPortExitCritical
 .text.ulSetInterruptMaskFromISR
                0x00000000080079b4        0xc ./Middlewares/Third_Party/FreeRTOS/Source/portable/GCC/ARM_CM0/port.o
                0x00000000080079b4                ulSetInterruptMaskFromISR
 .text.vClearInterruptMaskFromISR
                0x00000000080079c0        0x8 ./Middlewares/Third_Party/FreeRTOS/Source/portable/GCC/ARM_CM0/port.o
                0x00000000080079c0                vClearInterruptMaskFromISR
 *fill*         0x00000000080079c8        0x8 
 .text.PendSV_Handler
                0x00000000080079d0       0x48 ./Middlewares/Third_Party/FreeRTOS/Source/portable/GCC/ARM_CM0/port.o
                0x00000000080079d0                PendSV_Handler
 .text.xPortSysTickHandler
                0x0000000008007a18       0x34 ./Middlewares/Third_Party/FreeRTOS/Source/portable/GCC/ARM_CM0/port.o
                0x0000000008007a18                xPortSysTickHandler
 .text.vPortSetupTimerInterrupt
                0x0000000008007a4c       0x44 ./Middlewares/Third_Party/FreeRTOS/Source/portable/GCC/ARM_CM0/port.o
                0x0000000008007a4c                vPortSetupTimerInterrupt
 .text.pvPortMalloc
                0x0000000008007a90      0x158 ./Middlewares/Third_Party/FreeRTOS/Source/portable/MemMang/heap_4.o
                0x0000000008007a90                pvPortMalloc
 .text.vPortFree
                0x0000000008007be8       0x9c ./Middlewares/Third_Party/FreeRTOS/Source/portable/MemMang/heap_4.o
                0x0000000008007be8                vPortFree
 .text.prvHeapInit
                0x0000000008007c84       0xc0 ./Middlewares/Third_Party/FreeRTOS/Source/portable/MemMang/heap_4.o
 .text.prvInsertBlockIntoFreeList
                0x0000000008007d44       0xb0 ./Middlewares/Third_Party/FreeRTOS/Source/portable/MemMang/heap_4.o
 .text.memset   0x0000000008007df4       0x10 C:/ST/STM32CubeIDE_1.13.1/STM32CubeIDE/plugins/com.st.stm32cube.ide.mcu.externaltools.gnu-tools-for-stm32.11.3.rel1.win32_1.1.1.202309131626/tools/bin/../lib/gcc/arm-none-eabi/11.3.1/../../../../arm-none-eabi/lib/thumb/v6-m/nofp\libc_nano.a(libc_a-memset.o)
                0x0000000008007df4                memset
 .text.__libc_init_array
                0x0000000008007e04       0x48 C:/ST/STM32CubeIDE_1.13.1/STM32CubeIDE/plugins/com.st.stm32cube.ide.mcu.externaltools.gnu-tools-for-stm32.11.3.rel1.win32_1.1.1.202309131626/tools/bin/../lib/gcc/arm-none-eabi/11.3.1/../../../../arm-none-eabi/lib/thumb/v6-m/nofp\libc_nano.a(libc_a-init.o)
                0x0000000008007e04                __libc_init_array
 .text.memcpy   0x0000000008007e4c       0x12 C:/ST/STM32CubeIDE_1.13.1/STM32CubeIDE/plugins/com.st.stm32cube.ide.mcu.externaltools.gnu-tools-for-stm32.11.3.rel1.win32_1.1.1.202309131626/tools/bin/../lib/gcc/arm-none-eabi/11.3.1/../../../../arm-none-eabi/lib/thumb/v6-m/nofp\libc_nano.a(libc_a-memcpy-stub.o)
                0x0000000008007e4c                memcpy
 *(.glue_7)
 .glue_7        0x0000000008007e5e        0x0 linker stubs
 *(.glue_7t)
 .glue_7t       0x0000000008007e5e        0x0 linker stubs
 *(.eh_frame)
 *fill*         0x0000000008007e5e        0x2 
 .eh_frame      0x0000000008007e60        0x0 C:/ST/STM32CubeIDE_1.13.1/STM32CubeIDE/plugins/com.st.stm32cube.ide.mcu.externaltools.gnu-tools-for-stm32.11.3.rel1.win32_1.1.1.202309131626/tools/bin/../lib/gcc/arm-none-eabi/11.3.1/thumb/v6-m/nofp/crtbegin.o
 *(.init)
 .init          0x0000000008007e60        0x4 C:/ST/STM32CubeIDE_1.13.1/STM32CubeIDE/plugins/com.st.stm32cube.ide.mcu.externaltools.gnu-tools-for-stm32.11.3.rel1.win32_1.1.1.202309131626/tools/bin/../lib/gcc/arm-none-eabi/11.3.1/thumb/v6-m/nofp/crti.o
                0x0000000008007e60                _init
 .init          0x0000000008007e64        0x8 C:/ST/STM32CubeIDE_1.13.1/STM32CubeIDE/plugins/com.st.stm32cube.ide.mcu.externaltools.gnu-tools-for-stm32.11.3.rel1.win32_1.1.1.202309131626/tools/bin/../lib/gcc/arm-none-eabi/11.3.1/thumb/v6-m/nofp/crtn.o
 *(.fini)
 .fini          0x0000000008007e6c        0x4 C:/ST/STM32CubeIDE_1.13.1/STM32CubeIDE/plugins/com.st.stm32cube.ide.mcu.externaltools.gnu-tools-for-stm32.11.3.rel1.win32_1.1.1.202309131626/tools/bin/../lib/gcc/arm-none-eabi/11.3.1/thumb/v6-m/nofp/crti.o
                0x0000000008007e6c                _fini
 .fini          0x0000000008007e70        0x8 C:/ST/STM32CubeIDE_1.13.1/STM32CubeIDE/plugins/com.st.stm32cube.ide.mcu.externaltools.gnu-tools-for-stm32.11.3.rel1.win32_1.1.1.202309131626/tools/bin/../lib/gcc/arm-none-eabi/11.3.1/thumb/v6-m/nofp/crtn.o
                0x0000000008007e78                . = ALIGN (0x4)
                0x0000000008007e78                _etext = .

.vfp11_veneer   0x0000000008007e78        0x0
 .vfp11_veneer  0x0000000008007e78        0x0 linker stubs

.v4_bx          0x0000000008007e78        0x0
 .v4_bx         0x0000000008007e78        0x0 linker stubs

.iplt           0x0000000008007e78        0x0
 .iplt          0x0000000008007e78        0x0 C:/ST/STM32CubeIDE_1.13.1/STM32CubeIDE/plugins/com.st.stm32cube.ide.mcu.externaltools.gnu-tools-for-stm32.11.3.rel1.win32_1.1.1.202309131626/tools/bin/../lib/gcc/arm-none-eabi/11.3.1/thumb/v6-m/nofp/crtbegin.o

.rodata         0x0000000008007e78      0x130
                0x0000000008007e78                . = ALIGN (0x4)
 *(.rodata)
 .rodata        0x0000000008007e78       0x20 ./Core/Src/app_freertos.o
 .rodata        0x0000000008007e98       0x24 ./Drivers/HC05/tasks_HC05.o
 .rodata        0x0000000008007ebc        0x6 ./Drivers/Motor/motor.o
 *fill*         0x0000000008007ec2        0x2 
 .rodata        0x0000000008007ec4        0x5 ./Middlewares/Third_Party/FreeRTOS/Source/tasks.o
 *(.rodata*)
 *fill*         0x0000000008007ec9        0x3 
 .rodata.AHBPrescTable
                0x0000000008007ecc       0x40 ./Core/Src/system_stm32g0xx.o
                0x0000000008007ecc                AHBPrescTable
 .rodata.APBPrescTable
                0x0000000008007f0c       0x20 ./Core/Src/system_stm32g0xx.o
                0x0000000008007f0c                APBPrescTable
 .rodata.HAL_TIM_PWM_ConfigChannel
                0x0000000008007f2c       0x54 ./Drivers/STM32G0xx_HAL_Driver/Src/stm32g0xx_hal_tim.o
 .rodata.UARTPrescTable
                0x0000000008007f80       0x18 ./Drivers/STM32G0xx_HAL_Driver/Src/stm32g0xx_hal_uart.o
                0x0000000008007f80                UARTPrescTable
 .rodata.numerator.1
                0x0000000008007f98        0x8 ./Drivers/STM32G0xx_HAL_Driver/Src/stm32g0xx_hal_uart_ex.o
 .rodata.denominator.0
                0x0000000008007fa0        0x8 ./Drivers/STM32G0xx_HAL_Driver/Src/stm32g0xx_hal_uart_ex.o
                0x0000000008007fa8                . = ALIGN (0x4)

.rel.dyn        0x0000000008007fa8        0x0
 .rel.iplt      0x0000000008007fa8        0x0 C:/ST/STM32CubeIDE_1.13.1/STM32CubeIDE/plugins/com.st.stm32cube.ide.mcu.externaltools.gnu-tools-for-stm32.11.3.rel1.win32_1.1.1.202309131626/tools/bin/../lib/gcc/arm-none-eabi/11.3.1/thumb/v6-m/nofp/crtbegin.o

.ARM.extab      0x0000000008007fa8        0x0
                0x0000000008007fa8                . = ALIGN (0x4)
 *(.ARM.extab* .gnu.linkonce.armextab.*)
                0x0000000008007fa8                . = ALIGN (0x4)

.ARM            0x0000000008007fa8        0x0
                0x0000000008007fa8                . = ALIGN (0x4)
                0x0000000008007fa8                __exidx_start = .
 *(.ARM.exidx*)
                0x0000000008007fa8                __exidx_end = .
                0x0000000008007fa8                . = ALIGN (0x4)

.preinit_array  0x0000000008007fa8        0x0
                0x0000000008007fa8                . = ALIGN (0x4)
                0x0000000008007fa8                PROVIDE (__preinit_array_start = .)
 *(.preinit_array*)
                0x0000000008007fa8                PROVIDE (__preinit_array_end = .)
                0x0000000008007fa8                . = ALIGN (0x4)

.init_array     0x0000000008007fa8        0x4
                0x0000000008007fa8                . = ALIGN (0x4)
                0x0000000008007fa8                PROVIDE (__init_array_start = .)
 *(SORT_BY_NAME(.init_array.*))
 *(.init_array*)
 .init_array    0x0000000008007fa8        0x4 C:/ST/STM32CubeIDE_1.13.1/STM32CubeIDE/plugins/com.st.stm32cube.ide.mcu.externaltools.gnu-tools-for-stm32.11.3.rel1.win32_1.1.1.202309131626/tools/bin/../lib/gcc/arm-none-eabi/11.3.1/thumb/v6-m/nofp/crtbegin.o
                0x0000000008007fac                PROVIDE (__init_array_end = .)
                0x0000000008007fac                . = ALIGN (0x4)

.fini_array     0x0000000008007fac        0x4
                0x0000000008007fac                . = ALIGN (0x4)
                [!provide]                        PROVIDE (__fini_array_start = .)
 *(SORT_BY_NAME(.fini_array.*))
 *(.fini_array*)
 .fini_array    0x0000000008007fac        0x4 C:/ST/STM32CubeIDE_1.13.1/STM32CubeIDE/plugins/com.st.stm32cube.ide.mcu.externaltools.gnu-tools-for-stm32.11.3.rel1.win32_1.1.1.202309131626/tools/bin/../lib/gcc/arm-none-eabi/11.3.1/thumb/v6-m/nofp/crtbegin.o
                [!provide]                        PROVIDE (__fini_array_end = .)
                0x0000000008007fb0                . = ALIGN (0x4)
                0x0000000008007fb0                _sidata = LOADADDR (.data)

.data           0x0000000020000000       0x40 load address 0x0000000008007fb0
                0x0000000020000000                . = ALIGN (0x4)
                0x0000000020000000                _sdata = .
 *(.data)
 *(.data*)
 .data.SystemCoreClock
                0x0000000020000000        0x4 ./Core/Src/system_stm32g0xx.o
                0x0000000020000000                SystemCoreClock
 .data.input_char.0
                0x0000000020000004        0xe ./Drivers/HC05/tasks_HC05.o
 *fill*         0x0000000020000012        0x2 
 .data.left_motor
                0x0000000020000014       0x10 ./Drivers/Motor/motor.o
                0x0000000020000014                left_motor
 .data.right_motor
                0x0000000020000024       0x10 ./Drivers/Motor/motor.o
                0x0000000020000024                right_motor
 .data.uwTickPrio
                0x0000000020000034        0x4 ./Drivers/STM32G0xx_HAL_Driver/Src/stm32g0xx_hal.o
                0x0000000020000034                uwTickPrio
 .data.uwTickFreq
                0x0000000020000038        0x1 ./Drivers/STM32G0xx_HAL_Driver/Src/stm32g0xx_hal.o
                0x0000000020000038                uwTickFreq
 *fill*         0x0000000020000039        0x3 
 .data.uxCriticalNesting
                0x000000002000003c        0x4 ./Middlewares/Third_Party/FreeRTOS/Source/portable/GCC/ARM_CM0/port.o
 *(.RamFunc)
 *(.RamFunc*)
                0x0000000020000040                . = ALIGN (0x4)
                0x0000000020000040                _edata = .

.igot.plt       0x0000000020000040        0x0 load address 0x0000000008007ff0
 .igot.plt      0x0000000020000040        0x0 C:/ST/STM32CubeIDE_1.13.1/STM32CubeIDE/plugins/com.st.stm32cube.ide.mcu.externaltools.gnu-tools-for-stm32.11.3.rel1.win32_1.1.1.202309131626/tools/bin/../lib/gcc/arm-none-eabi/11.3.1/thumb/v6-m/nofp/crtbegin.o
                0x0000000020000040                . = ALIGN (0x4)

.bss            0x0000000020000040     0x7dec load address 0x0000000008007ff0
                0x0000000020000040                _sbss = .
                0x0000000020000040                __bss_start__ = _sbss
 *(.bss)
 .bss           0x0000000020000040       0x1c C:/ST/STM32CubeIDE_1.13.1/STM32CubeIDE/plugins/com.st.stm32cube.ide.mcu.externaltools.gnu-tools-for-stm32.11.3.rel1.win32_1.1.1.202309131626/tools/bin/../lib/gcc/arm-none-eabi/11.3.1/thumb/v6-m/nofp/crtbegin.o
 *(.bss*)
 .bss.defaultTaskHandle
                0x000000002000005c        0x4 ./Core/Src/app_freertos.o
                0x000000002000005c                defaultTaskHandle
 .bss.hi2c2     0x0000000020000060       0x54 ./Core/Src/i2c.o
                0x0000000020000060                hi2c2
 .bss.htim1     0x00000000200000b4       0x4c ./Core/Src/tim.o
                0x00000000200000b4                htim1
 .bss.htim3     0x0000000020000100       0x4c ./Core/Src/tim.o
                0x0000000020000100                htim3
 .bss.htim6     0x000000002000014c       0x4c ./Core/Src/tim.o
                0x000000002000014c                htim6
 .bss.htim7     0x0000000020000198       0x4c ./Core/Src/tim.o
                0x0000000020000198                htim7
 .bss.htim14    0x00000000200001e4       0x4c ./Core/Src/tim.o
                0x00000000200001e4                htim14
 .bss.htim15    0x0000000020000230       0x4c ./Core/Src/tim.o
                0x0000000020000230                htim15
 .bss.htim16    0x000000002000027c       0x4c ./Core/Src/tim.o
                0x000000002000027c                htim16
 .bss.htim17    0x00000000200002c8       0x4c ./Core/Src/tim.o
                0x00000000200002c8                htim17
 .bss.huart1    0x0000000020000314       0x94 ./Core/Src/usart.o
                0x0000000020000314                huart1
 .bss.huart2    0x00000000200003a8       0x94 ./Core/Src/usart.o
                0x00000000200003a8                huart2
 .bss.huart3    0x000000002000043c       0x94 ./Core/Src/usart.o
                0x000000002000043c                huart3
 .bss.q_print_BT
                0x00000000200004d0        0x4 ./Drivers/HC05/tasks_HC05.o
                0x00000000200004d0                q_print_BT
 .bss.q_read_BT
                0x00000000200004d4        0x4 ./Drivers/HC05/tasks_HC05.o
                0x00000000200004d4                q_read_BT
 .bss.buffer    0x00000000200004d8        0x1 ./Drivers/HC05/tasks_HC05.o
                0x00000000200004d8                buffer
 *fill*         0x00000000200004d9        0x3 
 .bss.uwTick    0x00000000200004dc        0x4 ./Drivers/STM32G0xx_HAL_Driver/Src/stm32g0xx_hal.o
                0x00000000200004dc                uwTick
 .bss.pxCurrentTCB
                0x00000000200004e0        0x4 ./Middlewares/Third_Party/FreeRTOS/Source/tasks.o
                0x00000000200004e0                pxCurrentTCB
 .bss.pxReadyTasksLists
                0x00000000200004e4       0x8c ./Middlewares/Third_Party/FreeRTOS/Source/tasks.o
 .bss.xDelayedTaskList1
                0x0000000020000570       0x14 ./Middlewares/Third_Party/FreeRTOS/Source/tasks.o
 .bss.xDelayedTaskList2
                0x0000000020000584       0x14 ./Middlewares/Third_Party/FreeRTOS/Source/tasks.o
 .bss.pxDelayedTaskList
                0x0000000020000598        0x4 ./Middlewares/Third_Party/FreeRTOS/Source/tasks.o
 .bss.pxOverflowDelayedTaskList
                0x000000002000059c        0x4 ./Middlewares/Third_Party/FreeRTOS/Source/tasks.o
 .bss.xPendingReadyList
                0x00000000200005a0       0x14 ./Middlewares/Third_Party/FreeRTOS/Source/tasks.o
 .bss.xTasksWaitingTermination
                0x00000000200005b4       0x14 ./Middlewares/Third_Party/FreeRTOS/Source/tasks.o
 .bss.uxDeletedTasksWaitingCleanUp
                0x00000000200005c8        0x4 ./Middlewares/Third_Party/FreeRTOS/Source/tasks.o
 .bss.xSuspendedTaskList
                0x00000000200005cc       0x14 ./Middlewares/Third_Party/FreeRTOS/Source/tasks.o
 .bss.uxCurrentNumberOfTasks
                0x00000000200005e0        0x4 ./Middlewares/Third_Party/FreeRTOS/Source/tasks.o
 .bss.xTickCount
                0x00000000200005e4        0x4 ./Middlewares/Third_Party/FreeRTOS/Source/tasks.o
 .bss.uxTopReadyPriority
                0x00000000200005e8        0x4 ./Middlewares/Third_Party/FreeRTOS/Source/tasks.o
 .bss.xSchedulerRunning
                0x00000000200005ec        0x4 ./Middlewares/Third_Party/FreeRTOS/Source/tasks.o
 .bss.xPendedTicks
                0x00000000200005f0        0x4 ./Middlewares/Third_Party/FreeRTOS/Source/tasks.o
 .bss.xYieldPending
                0x00000000200005f4        0x4 ./Middlewares/Third_Party/FreeRTOS/Source/tasks.o
 .bss.xNumOfOverflows
                0x00000000200005f8        0x4 ./Middlewares/Third_Party/FreeRTOS/Source/tasks.o
 .bss.uxTaskNumber
                0x00000000200005fc        0x4 ./Middlewares/Third_Party/FreeRTOS/Source/tasks.o
 .bss.xNextTaskUnblockTime
                0x0000000020000600        0x4 ./Middlewares/Third_Party/FreeRTOS/Source/tasks.o
 .bss.xIdleTaskHandle
                0x0000000020000604        0x4 ./Middlewares/Third_Party/FreeRTOS/Source/tasks.o
 .bss.uxSchedulerSuspended
                0x0000000020000608        0x4 ./Middlewares/Third_Party/FreeRTOS/Source/tasks.o
 .bss.ucHeap    0x000000002000060c     0x7800 ./Middlewares/Third_Party/FreeRTOS/Source/portable/MemMang/heap_4.o
 .bss.xStart    0x0000000020007e0c        0x8 ./Middlewares/Third_Party/FreeRTOS/Source/portable/MemMang/heap_4.o
 .bss.pxEnd     0x0000000020007e14        0x4 ./Middlewares/Third_Party/FreeRTOS/Source/portable/MemMang/heap_4.o
 .bss.xFreeBytesRemaining
                0x0000000020007e18        0x4 ./Middlewares/Third_Party/FreeRTOS/Source/portable/MemMang/heap_4.o
 .bss.xMinimumEverFreeBytesRemaining
                0x0000000020007e1c        0x4 ./Middlewares/Third_Party/FreeRTOS/Source/portable/MemMang/heap_4.o
 .bss.xNumberOfSuccessfulAllocations
                0x0000000020007e20        0x4 ./Middlewares/Third_Party/FreeRTOS/Source/portable/MemMang/heap_4.o
 .bss.xNumberOfSuccessfulFrees
                0x0000000020007e24        0x4 ./Middlewares/Third_Party/FreeRTOS/Source/portable/MemMang/heap_4.o
 .bss.xBlockAllocatedBit
                0x0000000020007e28        0x4 ./Middlewares/Third_Party/FreeRTOS/Source/portable/MemMang/heap_4.o
 *(COMMON)
                0x0000000020007e2c                . = ALIGN (0x4)
                0x0000000020007e2c                _ebss = .
                0x0000000020007e2c                __bss_end__ = _ebss

._user_heap_stack
                0x0000000020007e2c      0x604 load address 0x0000000008007ff0
                0x0000000020007e30                . = ALIGN (0x8)
 *fill*         0x0000000020007e2c        0x4 
                [!provide]                        PROVIDE (end = .)
                0x0000000020007e30                PROVIDE (_end = .)
                0x0000000020008030                . = (. + _Min_Heap_Size)
 *fill*         0x0000000020007e30      0x200 
                0x0000000020008430                . = (. + _Min_Stack_Size)
 *fill*         0x0000000020008030      0x400 
                0x0000000020008430                . = ALIGN (0x8)

/DISCARD/
 libc.a(*)
 libm.a(*)
 libgcc.a(*)

.ARM.attributes
                0x0000000000000000       0x28
 *(.ARM.attributes)
 .ARM.attributes
                0x0000000000000000       0x1e C:/ST/STM32CubeIDE_1.13.1/STM32CubeIDE/plugins/com.st.stm32cube.ide.mcu.externaltools.gnu-tools-for-stm32.11.3.rel1.win32_1.1.1.202309131626/tools/bin/../lib/gcc/arm-none-eabi/11.3.1/thumb/v6-m/nofp/crti.o
 .ARM.attributes
                0x000000000000001e       0x2c C:/ST/STM32CubeIDE_1.13.1/STM32CubeIDE/plugins/com.st.stm32cube.ide.mcu.externaltools.gnu-tools-for-stm32.11.3.rel1.win32_1.1.1.202309131626/tools/bin/../lib/gcc/arm-none-eabi/11.3.1/thumb/v6-m/nofp/crtbegin.o
 .ARM.attributes
                0x000000000000004a       0x2c ./Core/Src/app_freertos.o
 .ARM.attributes
                0x0000000000000076       0x2c ./Core/Src/gpio.o
 .ARM.attributes
                0x00000000000000a2       0x2c ./Core/Src/i2c.o
 .ARM.attributes
                0x00000000000000ce       0x2c ./Core/Src/main.o
 .ARM.attributes
                0x00000000000000fa       0x2c ./Core/Src/stm32g0xx_hal_msp.o
 .ARM.attributes
                0x0000000000000126       0x2c ./Core/Src/stm32g0xx_it.o
 .ARM.attributes
                0x0000000000000152       0x2c ./Core/Src/system_stm32g0xx.o
 .ARM.attributes
                0x000000000000017e       0x2c ./Core/Src/tim.o
 .ARM.attributes
                0x00000000000001aa       0x2c ./Core/Src/usart.o
 .ARM.attributes
                0x00000000000001d6       0x22 ./Core/Startup/startup_stm32g070rbtx.o
 .ARM.attributes
                0x00000000000001f8       0x2c ./Drivers/HC05/tasks_HC05.o
 .ARM.attributes
                0x0000000000000224       0x2c ./Drivers/Motor/motor.o
 .ARM.attributes
                0x0000000000000250       0x2c ./Drivers/STM32G0xx_HAL_Driver/Src/stm32g0xx_hal.o
 .ARM.attributes
                0x000000000000027c       0x2c ./Drivers/STM32G0xx_HAL_Driver/Src/stm32g0xx_hal_cortex.o
 .ARM.attributes
                0x00000000000002a8       0x2c ./Drivers/STM32G0xx_HAL_Driver/Src/stm32g0xx_hal_dma.o
 .ARM.attributes
                0x00000000000002d4       0x2c ./Drivers/STM32G0xx_HAL_Driver/Src/stm32g0xx_hal_gpio.o
 .ARM.attributes
                0x0000000000000300       0x2c ./Drivers/STM32G0xx_HAL_Driver/Src/stm32g0xx_hal_i2c.o
 .ARM.attributes
                0x000000000000032c       0x2c ./Drivers/STM32G0xx_HAL_Driver/Src/stm32g0xx_hal_i2c_ex.o
 .ARM.attributes
                0x0000000000000358       0x2c ./Drivers/STM32G0xx_HAL_Driver/Src/stm32g0xx_hal_pwr_ex.o
 .ARM.attributes
                0x0000000000000384       0x2c ./Drivers/STM32G0xx_HAL_Driver/Src/stm32g0xx_hal_rcc.o
 .ARM.attributes
                0x00000000000003b0       0x2c ./Drivers/STM32G0xx_HAL_Driver/Src/stm32g0xx_hal_rcc_ex.o
 .ARM.attributes
                0x00000000000003dc       0x2c ./Drivers/STM32G0xx_HAL_Driver/Src/stm32g0xx_hal_tim.o
 .ARM.attributes
                0x0000000000000408       0x2c ./Drivers/STM32G0xx_HAL_Driver/Src/stm32g0xx_hal_tim_ex.o
 .ARM.attributes
                0x0000000000000434       0x2c ./Drivers/STM32G0xx_HAL_Driver/Src/stm32g0xx_hal_uart.o
 .ARM.attributes
                0x0000000000000460       0x2c ./Drivers/STM32G0xx_HAL_Driver/Src/stm32g0xx_hal_uart_ex.o
 .ARM.attributes
                0x000000000000048c       0x2c ./Middlewares/Third_Party/FreeRTOS/Source/CMSIS_RTOS/cmsis_os.o
 .ARM.attributes
                0x00000000000004b8       0x2c ./Middlewares/Third_Party/FreeRTOS/Source/list.o
 .ARM.attributes
                0x00000000000004e4       0x2c ./Middlewares/Third_Party/FreeRTOS/Source/queue.o
 .ARM.attributes
                0x0000000000000510       0x2c ./Middlewares/Third_Party/FreeRTOS/Source/tasks.o
 .ARM.attributes
                0x000000000000053c       0x2c ./Middlewares/Third_Party/FreeRTOS/Source/portable/GCC/ARM_CM0/port.o
 .ARM.attributes
                0x0000000000000568       0x2c ./Middlewares/Third_Party/FreeRTOS/Source/portable/MemMang/heap_4.o
 .ARM.attributes
                0x0000000000000594       0x2c C:/ST/STM32CubeIDE_1.13.1/STM32CubeIDE/plugins/com.st.stm32cube.ide.mcu.externaltools.gnu-tools-for-stm32.11.3.rel1.win32_1.1.1.202309131626/tools/bin/../lib/gcc/arm-none-eabi/11.3.1/../../../../arm-none-eabi/lib/thumb/v6-m/nofp\libc_nano.a(libc_a-memset.o)
 .ARM.attributes
                0x00000000000005c0       0x2c C:/ST/STM32CubeIDE_1.13.1/STM32CubeIDE/plugins/com.st.stm32cube.ide.mcu.externaltools.gnu-tools-for-stm32.11.3.rel1.win32_1.1.1.202309131626/tools/bin/../lib/gcc/arm-none-eabi/11.3.1/../../../../arm-none-eabi/lib/thumb/v6-m/nofp\libc_nano.a(libc_a-init.o)
 .ARM.attributes
                0x00000000000005ec       0x2c C:/ST/STM32CubeIDE_1.13.1/STM32CubeIDE/plugins/com.st.stm32cube.ide.mcu.externaltools.gnu-tools-for-stm32.11.3.rel1.win32_1.1.1.202309131626/tools/bin/../lib/gcc/arm-none-eabi/11.3.1/../../../../arm-none-eabi/lib/thumb/v6-m/nofp\libc_nano.a(libc_a-memcpy-stub.o)
 .ARM.attributes
                0x0000000000000618       0x1c C:/ST/STM32CubeIDE_1.13.1/STM32CubeIDE/plugins/com.st.stm32cube.ide.mcu.externaltools.gnu-tools-for-stm32.11.3.rel1.win32_1.1.1.202309131626/tools/bin/../lib/gcc/arm-none-eabi/11.3.1/../../../../arm-none-eabi/lib/thumb/v6-m/nofp\libc_nano.a(libc_a-strlen.o)
 .ARM.attributes
                0x0000000000000634       0x1e C:/ST/STM32CubeIDE_1.13.1/STM32CubeIDE/plugins/com.st.stm32cube.ide.mcu.externaltools.gnu-tools-for-stm32.11.3.rel1.win32_1.1.1.202309131626/tools/bin/../lib/gcc/arm-none-eabi/11.3.1/thumb/v6-m/nofp\libgcc.a(_udivsi3.o)
 .ARM.attributes
                0x0000000000000652       0x1e C:/ST/STM32CubeIDE_1.13.1/STM32CubeIDE/plugins/com.st.stm32cube.ide.mcu.externaltools.gnu-tools-for-stm32.11.3.rel1.win32_1.1.1.202309131626/tools/bin/../lib/gcc/arm-none-eabi/11.3.1/thumb/v6-m/nofp\libgcc.a(_divsi3.o)
 .ARM.attributes
                0x0000000000000670       0x1e C:/ST/STM32CubeIDE_1.13.1/STM32CubeIDE/plugins/com.st.stm32cube.ide.mcu.externaltools.gnu-tools-for-stm32.11.3.rel1.win32_1.1.1.202309131626/tools/bin/../lib/gcc/arm-none-eabi/11.3.1/thumb/v6-m/nofp\libgcc.a(_dvmd_tls.o)
 .ARM.attributes
                0x000000000000068e       0x1e C:/ST/STM32CubeIDE_1.13.1/STM32CubeIDE/plugins/com.st.stm32cube.ide.mcu.externaltools.gnu-tools-for-stm32.11.3.rel1.win32_1.1.1.202309131626/tools/bin/../lib/gcc/arm-none-eabi/11.3.1/thumb/v6-m/nofp/crtn.o
OUTPUT(Prog_robot.elf elf32-littlearm)
LOAD linker stubs
LOAD C:/ST/STM32CubeIDE_1.13.1/STM32CubeIDE/plugins/com.st.stm32cube.ide.mcu.externaltools.gnu-tools-for-stm32.11.3.rel1.win32_1.1.1.202309131626/tools/bin/../lib/gcc/arm-none-eabi/11.3.1/../../../../arm-none-eabi/lib/thumb/v6-m/nofp\libc.a
LOAD C:/ST/STM32CubeIDE_1.13.1/STM32CubeIDE/plugins/com.st.stm32cube.ide.mcu.externaltools.gnu-tools-for-stm32.11.3.rel1.win32_1.1.1.202309131626/tools/bin/../lib/gcc/arm-none-eabi/11.3.1/../../../../arm-none-eabi/lib/thumb/v6-m/nofp\libm.a
LOAD C:/ST/STM32CubeIDE_1.13.1/STM32CubeIDE/plugins/com.st.stm32cube.ide.mcu.externaltools.gnu-tools-for-stm32.11.3.rel1.win32_1.1.1.202309131626/tools/bin/../lib/gcc/arm-none-eabi/11.3.1/thumb/v6-m/nofp\libgcc.a

.comment        0x0000000000000000       0x43
 .comment       0x0000000000000000       0x43 C:/ST/STM32CubeIDE_1.13.1/STM32CubeIDE/plugins/com.st.stm32cube.ide.mcu.externaltools.gnu-tools-for-stm32.11.3.rel1.win32_1.1.1.202309131626/tools/bin/../lib/gcc/arm-none-eabi/11.3.1/thumb/v6-m/nofp/crtbegin.o
                                         0x44 (size before relaxing)
 .comment       0x0000000000000043       0x44 ./Core/Src/app_freertos.o
 .comment       0x0000000000000043       0x44 ./Core/Src/gpio.o
 .comment       0x0000000000000043       0x44 ./Core/Src/i2c.o
 .comment       0x0000000000000043       0x44 ./Core/Src/main.o
 .comment       0x0000000000000043       0x44 ./Core/Src/stm32g0xx_hal_msp.o
 .comment       0x0000000000000043       0x44 ./Core/Src/stm32g0xx_it.o
 .comment       0x0000000000000043       0x44 ./Core/Src/system_stm32g0xx.o
 .comment       0x0000000000000043       0x44 ./Core/Src/tim.o
 .comment       0x0000000000000043       0x44 ./Core/Src/usart.o
 .comment       0x0000000000000043       0x44 ./Drivers/HC05/tasks_HC05.o
 .comment       0x0000000000000043       0x44 ./Drivers/Motor/motor.o
 .comment       0x0000000000000043       0x44 ./Drivers/STM32G0xx_HAL_Driver/Src/stm32g0xx_hal.o
 .comment       0x0000000000000043       0x44 ./Drivers/STM32G0xx_HAL_Driver/Src/stm32g0xx_hal_cortex.o
 .comment       0x0000000000000043       0x44 ./Drivers/STM32G0xx_HAL_Driver/Src/stm32g0xx_hal_dma.o
 .comment       0x0000000000000043       0x44 ./Drivers/STM32G0xx_HAL_Driver/Src/stm32g0xx_hal_gpio.o
 .comment       0x0000000000000043       0x44 ./Drivers/STM32G0xx_HAL_Driver/Src/stm32g0xx_hal_i2c.o
 .comment       0x0000000000000043       0x44 ./Drivers/STM32G0xx_HAL_Driver/Src/stm32g0xx_hal_i2c_ex.o
 .comment       0x0000000000000043       0x44 ./Drivers/STM32G0xx_HAL_Driver/Src/stm32g0xx_hal_pwr_ex.o
 .comment       0x0000000000000043       0x44 ./Drivers/STM32G0xx_HAL_Driver/Src/stm32g0xx_hal_rcc.o
 .comment       0x0000000000000043       0x44 ./Drivers/STM32G0xx_HAL_Driver/Src/stm32g0xx_hal_rcc_ex.o
 .comment       0x0000000000000043       0x44 ./Drivers/STM32G0xx_HAL_Driver/Src/stm32g0xx_hal_tim.o
 .comment       0x0000000000000043       0x44 ./Drivers/STM32G0xx_HAL_Driver/Src/stm32g0xx_hal_tim_ex.o
 .comment       0x0000000000000043       0x44 ./Drivers/STM32G0xx_HAL_Driver/Src/stm32g0xx_hal_uart.o
 .comment       0x0000000000000043       0x44 ./Drivers/STM32G0xx_HAL_Driver/Src/stm32g0xx_hal_uart_ex.o
 .comment       0x0000000000000043       0x44 ./Middlewares/Third_Party/FreeRTOS/Source/CMSIS_RTOS/cmsis_os.o
 .comment       0x0000000000000043       0x44 ./Middlewares/Third_Party/FreeRTOS/Source/list.o
 .comment       0x0000000000000043       0x44 ./Middlewares/Third_Party/FreeRTOS/Source/queue.o
 .comment       0x0000000000000043       0x44 ./Middlewares/Third_Party/FreeRTOS/Source/tasks.o
 .comment       0x0000000000000043       0x44 ./Middlewares/Third_Party/FreeRTOS/Source/portable/GCC/ARM_CM0/port.o
 .comment       0x0000000000000043       0x44 ./Middlewares/Third_Party/FreeRTOS/Source/portable/MemMang/heap_4.o

.debug_info     0x0000000000000000    0x1a2f6
 .debug_info    0x0000000000000000      0x2d7 ./Core/Src/app_freertos.o
 .debug_info    0x00000000000002d7      0x532 ./Core/Src/gpio.o
 .debug_info    0x0000000000000809      0xa57 ./Core/Src/i2c.o
 .debug_info    0x0000000000001260      0xb4f ./Core/Src/main.o
 .debug_info    0x0000000000001daf      0x35c ./Core/Src/stm32g0xx_hal_msp.o
 .debug_info    0x000000000000210b      0x8d6 ./Core/Src/stm32g0xx_it.o
 .debug_info    0x00000000000029e1      0x316 ./Core/Src/system_stm32g0xx.o
 .debug_info    0x0000000000002cf7     0x11e3 ./Core/Src/tim.o
 .debug_info    0x0000000000003eda      0xdb7 ./Core/Src/usart.o
 .debug_info    0x0000000000004c91       0x23 ./Core/Startup/startup_stm32g070rbtx.o
 .debug_info    0x0000000000004cb4      0xb15 ./Drivers/HC05/tasks_HC05.o
 .debug_info    0x00000000000057c9      0xac7 ./Drivers/Motor/motor.o
 .debug_info    0x0000000000006290      0x8ef ./Drivers/STM32G0xx_HAL_Driver/Src/stm32g0xx_hal.o
 .debug_info    0x0000000000006b7f      0x875 ./Drivers/STM32G0xx_HAL_Driver/Src/stm32g0xx_hal_cortex.o
 .debug_info    0x00000000000073f4      0x86b ./Drivers/STM32G0xx_HAL_Driver/Src/stm32g0xx_hal_dma.o
 .debug_info    0x0000000000007c5f      0x59d ./Drivers/STM32G0xx_HAL_Driver/Src/stm32g0xx_hal_gpio.o
 .debug_info    0x00000000000081fc     0x2146 ./Drivers/STM32G0xx_HAL_Driver/Src/stm32g0xx_hal_i2c.o
 .debug_info    0x000000000000a342      0x9e5 ./Drivers/STM32G0xx_HAL_Driver/Src/stm32g0xx_hal_i2c_ex.o
 .debug_info    0x000000000000ad27      0x496 ./Drivers/STM32G0xx_HAL_Driver/Src/stm32g0xx_hal_pwr_ex.o
 .debug_info    0x000000000000b1bd      0xad7 ./Drivers/STM32G0xx_HAL_Driver/Src/stm32g0xx_hal_rcc.o
 .debug_info    0x000000000000bc94      0x737 ./Drivers/STM32G0xx_HAL_Driver/Src/stm32g0xx_hal_rcc_ex.o
 .debug_info    0x000000000000c3cb     0x2b84 ./Drivers/STM32G0xx_HAL_Driver/Src/stm32g0xx_hal_tim.o
 .debug_info    0x000000000000ef4f     0x18b8 ./Drivers/STM32G0xx_HAL_Driver/Src/stm32g0xx_hal_tim_ex.o
 .debug_info    0x0000000000010807     0x46e2 ./Drivers/STM32G0xx_HAL_Driver/Src/stm32g0xx_hal_uart.o
 .debug_info    0x0000000000014ee9      0xf8b ./Drivers/STM32G0xx_HAL_Driver/Src/stm32g0xx_hal_uart_ex.o
 .debug_info    0x0000000000015e74     0x1692 ./Middlewares/Third_Party/FreeRTOS/Source/CMSIS_RTOS/cmsis_os.o
 .debug_info    0x0000000000017506      0x2af ./Middlewares/Third_Party/FreeRTOS/Source/list.o
 .debug_info    0x00000000000177b5     0x100b ./Middlewares/Third_Party/FreeRTOS/Source/queue.o
 .debug_info    0x00000000000187c0     0x147a ./Middlewares/Third_Party/FreeRTOS/Source/tasks.o
 .debug_info    0x0000000000019c3a      0x289 ./Middlewares/Third_Party/FreeRTOS/Source/portable/GCC/ARM_CM0/port.o
 .debug_info    0x0000000000019ec3      0x433 ./Middlewares/Third_Party/FreeRTOS/Source/portable/MemMang/heap_4.o

.debug_abbrev   0x0000000000000000     0x4183
 .debug_abbrev  0x0000000000000000      0x166 ./Core/Src/app_freertos.o
 .debug_abbrev  0x0000000000000166      0x17a ./Core/Src/gpio.o
 .debug_abbrev  0x00000000000002e0      0x21b ./Core/Src/i2c.o
 .debug_abbrev  0x00000000000004fb      0x25d ./Core/Src/main.o
 .debug_abbrev  0x0000000000000758      0x11e ./Core/Src/stm32g0xx_hal_msp.o
 .debug_abbrev  0x0000000000000876      0x20e ./Core/Src/stm32g0xx_it.o
 .debug_abbrev  0x0000000000000a84      0x119 ./Core/Src/system_stm32g0xx.o
 .debug_abbrev  0x0000000000000b9d      0x25a ./Core/Src/tim.o
 .debug_abbrev  0x0000000000000df7      0x233 ./Core/Src/usart.o
 .debug_abbrev  0x000000000000102a       0x12 ./Core/Startup/startup_stm32g070rbtx.o
 .debug_abbrev  0x000000000000103c      0x210 ./Drivers/HC05/tasks_HC05.o
 .debug_abbrev  0x000000000000124c      0x240 ./Drivers/Motor/motor.o
 .debug_abbrev  0x000000000000148c      0x2b4 ./Drivers/STM32G0xx_HAL_Driver/Src/stm32g0xx_hal.o
 .debug_abbrev  0x0000000000001740      0x2ab ./Drivers/STM32G0xx_HAL_Driver/Src/stm32g0xx_hal_cortex.o
 .debug_abbrev  0x00000000000019eb      0x1e1 ./Drivers/STM32G0xx_HAL_Driver/Src/stm32g0xx_hal_dma.o
 .debug_abbrev  0x0000000000001bcc      0x1c3 ./Drivers/STM32G0xx_HAL_Driver/Src/stm32g0xx_hal_gpio.o
 .debug_abbrev  0x0000000000001d8f      0x291 ./Drivers/STM32G0xx_HAL_Driver/Src/stm32g0xx_hal_i2c.o
 .debug_abbrev  0x0000000000002020      0x1ea ./Drivers/STM32G0xx_HAL_Driver/Src/stm32g0xx_hal_i2c_ex.o
 .debug_abbrev  0x000000000000220a      0x1d7 ./Drivers/STM32G0xx_HAL_Driver/Src/stm32g0xx_hal_pwr_ex.o
 .debug_abbrev  0x00000000000023e1      0x2a9 ./Drivers/STM32G0xx_HAL_Driver/Src/stm32g0xx_hal_rcc.o
 .debug_abbrev  0x000000000000268a      0x229 ./Drivers/STM32G0xx_HAL_Driver/Src/stm32g0xx_hal_rcc_ex.o
 .debug_abbrev  0x00000000000028b3      0x29b ./Drivers/STM32G0xx_HAL_Driver/Src/stm32g0xx_hal_tim.o
 .debug_abbrev  0x0000000000002b4e      0x2ab ./Drivers/STM32G0xx_HAL_Driver/Src/stm32g0xx_hal_tim_ex.o
 .debug_abbrev  0x0000000000002df9      0x326 ./Drivers/STM32G0xx_HAL_Driver/Src/stm32g0xx_hal_uart.o
 .debug_abbrev  0x000000000000311f      0x2e5 ./Drivers/STM32G0xx_HAL_Driver/Src/stm32g0xx_hal_uart_ex.o
 .debug_abbrev  0x0000000000003404      0x332 ./Middlewares/Third_Party/FreeRTOS/Source/CMSIS_RTOS/cmsis_os.o
 .debug_abbrev  0x0000000000003736       0xf5 ./Middlewares/Third_Party/FreeRTOS/Source/list.o
 .debug_abbrev  0x000000000000382b      0x2d5 ./Middlewares/Third_Party/FreeRTOS/Source/queue.o
 .debug_abbrev  0x0000000000003b00      0x2de ./Middlewares/Third_Party/FreeRTOS/Source/tasks.o
 .debug_abbrev  0x0000000000003dde      0x1ec ./Middlewares/Third_Party/FreeRTOS/Source/portable/GCC/ARM_CM0/port.o
 .debug_abbrev  0x0000000000003fca      0x1b9 ./Middlewares/Third_Party/FreeRTOS/Source/portable/MemMang/heap_4.o

.debug_aranges  0x0000000000000000     0x1808
 .debug_aranges
                0x0000000000000000       0x28 ./Core/Src/app_freertos.o
 .debug_aranges
                0x0000000000000028       0x20 ./Core/Src/gpio.o
 .debug_aranges
                0x0000000000000048       0x30 ./Core/Src/i2c.o
 .debug_aranges
                0x0000000000000078       0x30 ./Core/Src/main.o
 .debug_aranges
                0x00000000000000a8       0x20 ./Core/Src/stm32g0xx_hal_msp.o
 .debug_aranges
                0x00000000000000c8       0x40 ./Core/Src/stm32g0xx_it.o
 .debug_aranges
                0x0000000000000108       0x28 ./Core/Src/system_stm32g0xx.o
 .debug_aranges
                0x0000000000000130       0x90 ./Core/Src/tim.o
 .debug_aranges
                0x00000000000001c0       0x40 ./Core/Src/usart.o
 .debug_aranges
                0x0000000000000200       0x28 ./Core/Startup/startup_stm32g070rbtx.o
 .debug_aranges
                0x0000000000000228       0x48 ./Drivers/HC05/tasks_HC05.o
 .debug_aranges
                0x0000000000000270       0x70 ./Drivers/Motor/motor.o
 .debug_aranges
                0x00000000000002e0       0xf8 ./Drivers/STM32G0xx_HAL_Driver/Src/stm32g0xx_hal.o
 .debug_aranges
                0x00000000000003d8       0xd8 ./Drivers/STM32G0xx_HAL_Driver/Src/stm32g0xx_hal_cortex.o
 .debug_aranges
                0x00000000000004b0       0x90 ./Drivers/STM32G0xx_HAL_Driver/Src/stm32g0xx_hal_dma.o
 .debug_aranges
                0x0000000000000540       0x60 ./Drivers/STM32G0xx_HAL_Driver/Src/stm32g0xx_hal_gpio.o
 .debug_aranges
                0x00000000000005a0      0x2a0 ./Drivers/STM32G0xx_HAL_Driver/Src/stm32g0xx_hal_i2c.o
 .debug_aranges
                0x0000000000000840       0x48 ./Drivers/STM32G0xx_HAL_Driver/Src/stm32g0xx_hal_i2c_ex.o
 .debug_aranges
                0x0000000000000888       0x98 ./Drivers/STM32G0xx_HAL_Driver/Src/stm32g0xx_hal_pwr_ex.o
 .debug_aranges
                0x0000000000000920       0xa0 ./Drivers/STM32G0xx_HAL_Driver/Src/stm32g0xx_hal_rcc.o
 .debug_aranges
                0x00000000000009c0       0x40 ./Drivers/STM32G0xx_HAL_Driver/Src/stm32g0xx_hal_rcc_ex.o
 .debug_aranges
                0x0000000000000a00      0x3e0 ./Drivers/STM32G0xx_HAL_Driver/Src/stm32g0xx_hal_tim.o
 .debug_aranges
                0x0000000000000de0      0x198 ./Drivers/STM32G0xx_HAL_Driver/Src/stm32g0xx_hal_tim_ex.o
 .debug_aranges
                0x0000000000000f78      0x248 ./Drivers/STM32G0xx_HAL_Driver/Src/stm32g0xx_hal_uart.o
 .debug_aranges
                0x00000000000011c0       0xa8 ./Drivers/STM32G0xx_HAL_Driver/Src/stm32g0xx_hal_uart_ex.o
 .debug_aranges
                0x0000000000001268      0x1d8 ./Middlewares/Third_Party/FreeRTOS/Source/CMSIS_RTOS/cmsis_os.o
 .debug_aranges
                0x0000000000001440       0x40 ./Middlewares/Third_Party/FreeRTOS/Source/list.o
 .debug_aranges
                0x0000000000001480       0xf8 ./Middlewares/Third_Party/FreeRTOS/Source/queue.o
 .debug_aranges
                0x0000000000001578      0x1b0 ./Middlewares/Third_Party/FreeRTOS/Source/tasks.o
 .debug_aranges
                0x0000000000001728       0x88 ./Middlewares/Third_Party/FreeRTOS/Source/portable/GCC/ARM_CM0/port.o
 .debug_aranges
                0x00000000000017b0       0x58 ./Middlewares/Third_Party/FreeRTOS/Source/portable/MemMang/heap_4.o

.debug_rnglists
                0x0000000000000000     0x12c8
 .debug_rnglists
                0x0000000000000000       0x19 ./Core/Src/app_freertos.o
 .debug_rnglists
                0x0000000000000019       0x14 ./Core/Src/gpio.o
 .debug_rnglists
                0x000000000000002d       0x21 ./Core/Src/i2c.o
 .debug_rnglists
                0x000000000000004e       0x21 ./Core/Src/main.o
 .debug_rnglists
                0x000000000000006f       0x13 ./Core/Src/stm32g0xx_hal_msp.o
 .debug_rnglists
                0x0000000000000082       0x2b ./Core/Src/stm32g0xx_it.o
 .debug_rnglists
                0x00000000000000ad       0x1a ./Core/Src/system_stm32g0xx.o
 .debug_rnglists
                0x00000000000000c7       0x71 ./Core/Src/tim.o
 .debug_rnglists
                0x0000000000000138       0x2f ./Core/Src/usart.o
 .debug_rnglists
                0x0000000000000167       0x19 ./Core/Startup/startup_stm32g070rbtx.o
 .debug_rnglists
                0x0000000000000180       0x32 ./Drivers/HC05/tasks_HC05.o
 .debug_rnglists
                0x00000000000001b2       0x56 ./Drivers/Motor/motor.o
 .debug_rnglists
                0x0000000000000208       0xb6 ./Drivers/STM32G0xx_HAL_Driver/Src/stm32g0xx_hal.o
 .debug_rnglists
                0x00000000000002be       0x9f ./Drivers/STM32G0xx_HAL_Driver/Src/stm32g0xx_hal_cortex.o
 .debug_rnglists
                0x000000000000035d       0x72 ./Drivers/STM32G0xx_HAL_Driver/Src/stm32g0xx_hal_dma.o
 .debug_rnglists
                0x00000000000003cf       0x45 ./Drivers/STM32G0xx_HAL_Driver/Src/stm32g0xx_hal_gpio.o
 .debug_rnglists
                0x0000000000000414      0x226 ./Drivers/STM32G0xx_HAL_Driver/Src/stm32g0xx_hal_i2c.o
 .debug_rnglists
                0x000000000000063a       0x35 ./Drivers/STM32G0xx_HAL_Driver/Src/stm32g0xx_hal_i2c_ex.o
 .debug_rnglists
                0x000000000000066f       0x72 ./Drivers/STM32G0xx_HAL_Driver/Src/stm32g0xx_hal_pwr_ex.o
 .debug_rnglists
                0x00000000000006e1       0x79 ./Drivers/STM32G0xx_HAL_Driver/Src/stm32g0xx_hal_rcc.o
 .debug_rnglists
                0x000000000000075a       0x2f ./Drivers/STM32G0xx_HAL_Driver/Src/stm32g0xx_hal_rcc_ex.o
 .debug_rnglists
                0x0000000000000789      0x32a ./Drivers/STM32G0xx_HAL_Driver/Src/stm32g0xx_hal_tim.o
 .debug_rnglists
                0x0000000000000ab3      0x14e ./Drivers/STM32G0xx_HAL_Driver/Src/stm32g0xx_hal_tim_ex.o
 .debug_rnglists
                0x0000000000000c01      0x1fb ./Drivers/STM32G0xx_HAL_Driver/Src/stm32g0xx_hal_uart.o
 .debug_rnglists
                0x0000000000000dfc       0x80 ./Drivers/STM32G0xx_HAL_Driver/Src/stm32g0xx_hal_uart_ex.o
 .debug_rnglists
                0x0000000000000e7c      0x167 ./Middlewares/Third_Party/FreeRTOS/Source/CMSIS_RTOS/cmsis_os.o
 .debug_rnglists
                0x0000000000000fe3       0x2b ./Middlewares/Third_Party/FreeRTOS/Source/list.o
 .debug_rnglists
                0x000000000000100e       0xc0 ./Middlewares/Third_Party/FreeRTOS/Source/queue.o
 .debug_rnglists
                0x00000000000010ce      0x157 ./Middlewares/Third_Party/FreeRTOS/Source/tasks.o
 .debug_rnglists
                0x0000000000001225       0x61 ./Middlewares/Third_Party/FreeRTOS/Source/portable/GCC/ARM_CM0/port.o
 .debug_rnglists
                0x0000000000001286       0x42 ./Middlewares/Third_Party/FreeRTOS/Source/portable/MemMang/heap_4.o

.debug_macro    0x0000000000000000    0x19731
 .debug_macro   0x0000000000000000      0x2ba ./Core/Src/app_freertos.o
 .debug_macro   0x00000000000002ba      0xa7e ./Core/Src/app_freertos.o
 .debug_macro   0x0000000000000d38      0x174 ./Core/Src/app_freertos.o
 .debug_macro   0x0000000000000eac       0x22 ./Core/Src/app_freertos.o
 .debug_macro   0x0000000000000ece       0x8e ./Core/Src/app_freertos.o
 .debug_macro   0x0000000000000f5c       0x51 ./Core/Src/app_freertos.o
 .debug_macro   0x0000000000000fad      0x103 ./Core/Src/app_freertos.o
 .debug_macro   0x00000000000010b0       0x6a ./Core/Src/app_freertos.o
 .debug_macro   0x000000000000111a      0x1df ./Core/Src/app_freertos.o
 .debug_macro   0x00000000000012f9       0xc4 ./Core/Src/app_freertos.o
 .debug_macro   0x00000000000013bd      0x15a ./Core/Src/app_freertos.o
 .debug_macro   0x0000000000001517       0xb2 ./Core/Src/app_freertos.o
 .debug_macro   0x00000000000015c9       0x1c ./Core/Src/app_freertos.o
 .debug_macro   0x00000000000015e5       0x26 ./Core/Src/app_freertos.o
 .debug_macro   0x000000000000160b      0x50b ./Core/Src/app_freertos.o
 .debug_macro   0x0000000000001b16       0xb5 ./Core/Src/app_freertos.o
 .debug_macro   0x0000000000001bcb       0xaa ./Core/Src/app_freertos.o
 .debug_macro   0x0000000000001c75      0x123 ./Core/Src/app_freertos.o
 .debug_macro   0x0000000000001d98       0x2e ./Core/Src/app_freertos.o
 .debug_macro   0x0000000000001dc6       0x28 ./Core/Src/app_freertos.o
 .debug_macro   0x0000000000001dee       0x1c ./Core/Src/app_freertos.o
 .debug_macro   0x0000000000001e0a       0x22 ./Core/Src/app_freertos.o
 .debug_macro   0x0000000000001e2c       0xd1 ./Core/Src/app_freertos.o
 .debug_macro   0x0000000000001efd      0x4da ./Core/Src/app_freertos.o
 .debug_macro   0x00000000000023d7      0x11f ./Core/Src/app_freertos.o
 .debug_macro   0x00000000000024f6     0xa6de ./Core/Src/app_freertos.o
 .debug_macro   0x000000000000cbd4       0x66 ./Core/Src/app_freertos.o
 .debug_macro   0x000000000000cc3a     0x34fd ./Core/Src/app_freertos.o
 .debug_macro   0x0000000000010137       0x5c ./Core/Src/app_freertos.o
 .debug_macro   0x0000000000010193      0x485 ./Core/Src/app_freertos.o
 .debug_macro   0x0000000000010618      0xe67 ./Core/Src/app_freertos.o
 .debug_macro   0x000000000001147f      0x13e ./Core/Src/app_freertos.o
 .debug_macro   0x00000000000115bd      0x1cf ./Core/Src/app_freertos.o
 .debug_macro   0x000000000001178c      0x13e ./Core/Src/app_freertos.o
 .debug_macro   0x00000000000118ca      0x3a8 ./Core/Src/app_freertos.o
 .debug_macro   0x0000000000011c72      0x280 ./Core/Src/app_freertos.o
 .debug_macro   0x0000000000011ef2      0x345 ./Core/Src/app_freertos.o
 .debug_macro   0x0000000000012237      0x198 ./Core/Src/app_freertos.o
 .debug_macro   0x00000000000123cf       0x43 ./Core/Src/app_freertos.o
 .debug_macro   0x0000000000012412      0x1f1 ./Core/Src/app_freertos.o
 .debug_macro   0x0000000000012603      0x1d6 ./Core/Src/app_freertos.o
 .debug_macro   0x00000000000127d9      0x2a3 ./Core/Src/app_freertos.o
 .debug_macro   0x0000000000012a7c       0x28 ./Core/Src/app_freertos.o
 .debug_macro   0x0000000000012aa4       0xcf ./Core/Src/app_freertos.o
 .debug_macro   0x0000000000012b73      0x22c ./Core/Src/app_freertos.o
 .debug_macro   0x0000000000012d9f       0x67 ./Core/Src/app_freertos.o
 .debug_macro   0x0000000000012e06       0xa5 ./Core/Src/app_freertos.o
 .debug_macro   0x0000000000012eab      0x118 ./Core/Src/app_freertos.o
 .debug_macro   0x0000000000012fc3      0x10d ./Core/Src/app_freertos.o
 .debug_macro   0x00000000000130d0      0xabb ./Core/Src/app_freertos.o
 .debug_macro   0x0000000000013b8b      0x124 ./Core/Src/app_freertos.o
 .debug_macro   0x0000000000013caf      0x693 ./Core/Src/app_freertos.o
 .debug_macro   0x0000000000014342       0xa6 ./Core/Src/app_freertos.o
 .debug_macro   0x00000000000143e8      0x43d ./Core/Src/app_freertos.o
 .debug_macro   0x0000000000014825      0x154 ./Core/Src/app_freertos.o
 .debug_macro   0x0000000000014979       0x91 ./Core/Src/app_freertos.o
 .debug_macro   0x0000000000014a0a       0x86 ./Core/Src/app_freertos.o
 .debug_macro   0x0000000000014a90       0x69 ./Core/Src/app_freertos.o
 .debug_macro   0x0000000000014af9       0x19 ./Core/Src/app_freertos.o
 .debug_macro   0x0000000000014b12       0xcf ./Core/Src/app_freertos.o
 .debug_macro   0x0000000000014be1      0x211 ./Core/Src/gpio.o
 .debug_macro   0x0000000000014df2      0x211 ./Core/Src/i2c.o
 .debug_macro   0x0000000000015003      0x414 ./Core/Src/main.o
 .debug_macro   0x0000000000015417       0x61 ./Core/Src/main.o
 .debug_macro   0x0000000000015478       0x24 ./Core/Src/main.o
 .debug_macro   0x000000000001549c       0x43 ./Core/Src/main.o
 .debug_macro   0x00000000000154df       0x34 ./Core/Src/main.o
 .debug_macro   0x0000000000015513       0x16 ./Core/Src/main.o
 .debug_macro   0x0000000000015529       0x35 ./Core/Src/main.o
 .debug_macro   0x000000000001555e      0x369 ./Core/Src/main.o
 .debug_macro   0x00000000000158c7       0x10 ./Core/Src/main.o
 .debug_macro   0x00000000000158d7       0x16 ./Core/Src/main.o
 .debug_macro   0x00000000000158ed       0x43 ./Core/Src/main.o
 .debug_macro   0x0000000000015930       0x34 ./Core/Src/main.o
 .debug_macro   0x0000000000015964       0x10 ./Core/Src/main.o
 .debug_macro   0x0000000000015974       0x58 ./Core/Src/main.o
 .debug_macro   0x00000000000159cc       0x8e ./Core/Src/main.o
 .debug_macro   0x0000000000015a5a       0x1c ./Core/Src/main.o
 .debug_macro   0x0000000000015a76      0x177 ./Core/Src/main.o
 .debug_macro   0x0000000000015bed       0x16 ./Core/Src/main.o
 .debug_macro   0x0000000000015c03       0x16 ./Core/Src/main.o
 .debug_macro   0x0000000000015c19      0x147 ./Core/Src/main.o
 .debug_macro   0x0000000000015d60       0x16 ./Core/Src/main.o
 .debug_macro   0x0000000000015d76       0x20 ./Core/Src/main.o
 .debug_macro   0x0000000000015d96       0x10 ./Core/Src/main.o
 .debug_macro   0x0000000000015da6       0x1c ./Core/Src/main.o
 .debug_macro   0x0000000000015dc2      0x207 ./Core/Src/stm32g0xx_hal_msp.o
 .debug_macro   0x0000000000015fc9      0x2c4 ./Core/Src/stm32g0xx_it.o
 .debug_macro   0x000000000001628d      0x1f8 ./Core/Src/system_stm32g0xx.o
 .debug_macro   0x0000000000016485      0x211 ./Core/Src/tim.o
 .debug_macro   0x0000000000016696      0x211 ./Core/Src/usart.o
 .debug_macro   0x00000000000168a7      0x3e9 ./Drivers/HC05/tasks_HC05.o
 .debug_macro   0x0000000000016c90       0x56 ./Drivers/HC05/tasks_HC05.o
 .debug_macro   0x0000000000016ce6      0x2ba ./Drivers/Motor/motor.o
 .debug_macro   0x0000000000016fa0      0x216 ./Drivers/STM32G0xx_HAL_Driver/Src/stm32g0xx_hal.o
 .debug_macro   0x00000000000171b6      0x1f8 ./Drivers/STM32G0xx_HAL_Driver/Src/stm32g0xx_hal_cortex.o
 .debug_macro   0x00000000000173ae      0x1f8 ./Drivers/STM32G0xx_HAL_Driver/Src/stm32g0xx_hal_dma.o
 .debug_macro   0x00000000000175a6      0x1ff ./Drivers/STM32G0xx_HAL_Driver/Src/stm32g0xx_hal_gpio.o
 .debug_macro   0x00000000000177a5      0x2c4 ./Drivers/STM32G0xx_HAL_Driver/Src/stm32g0xx_hal_i2c.o
 .debug_macro   0x0000000000017a69      0x1f8 ./Drivers/STM32G0xx_HAL_Driver/Src/stm32g0xx_hal_i2c_ex.o
 .debug_macro   0x0000000000017c61      0x20a ./Drivers/STM32G0xx_HAL_Driver/Src/stm32g0xx_hal_pwr_ex.o
 .debug_macro   0x0000000000017e6b      0x234 ./Drivers/STM32G0xx_HAL_Driver/Src/stm32g0xx_hal_rcc.o
 .debug_macro   0x000000000001809f      0x210 ./Drivers/STM32G0xx_HAL_Driver/Src/stm32g0xx_hal_rcc_ex.o
 .debug_macro   0x00000000000182af      0x200 ./Drivers/STM32G0xx_HAL_Driver/Src/stm32g0xx_hal_tim.o
 .debug_macro   0x00000000000184af      0x1fe ./Drivers/STM32G0xx_HAL_Driver/Src/stm32g0xx_hal_tim_ex.o
 .debug_macro   0x00000000000186ad      0x223 ./Drivers/STM32G0xx_HAL_Driver/Src/stm32g0xx_hal_uart.o
 .debug_macro   0x00000000000188d0      0x204 ./Drivers/STM32G0xx_HAL_Driver/Src/stm32g0xx_hal_uart_ex.o
 .debug_macro   0x0000000000018ad4      0x1fe ./Middlewares/Third_Party/FreeRTOS/Source/CMSIS_RTOS/cmsis_os.o
 .debug_macro   0x0000000000018cd2       0x10 ./Middlewares/Third_Party/FreeRTOS/Source/CMSIS_RTOS/cmsis_os.o
 .debug_macro   0x0000000000018ce2       0xbf ./Middlewares/Third_Party/FreeRTOS/Source/CMSIS_RTOS/cmsis_os.o
 .debug_macro   0x0000000000018da1      0x187 ./Middlewares/Third_Party/FreeRTOS/Source/list.o
 .debug_macro   0x0000000000018f28      0x216 ./Middlewares/Third_Party/FreeRTOS/Source/queue.o
 .debug_macro   0x000000000001913e       0x80 ./Middlewares/Third_Party/FreeRTOS/Source/queue.o
 .debug_macro   0x00000000000191be      0x27f ./Middlewares/Third_Party/FreeRTOS/Source/tasks.o
 .debug_macro   0x000000000001943d       0x10 ./Middlewares/Third_Party/FreeRTOS/Source/tasks.o
 .debug_macro   0x000000000001944d      0x136 ./Middlewares/Third_Party/FreeRTOS/Source/portable/GCC/ARM_CM0/port.o
 .debug_macro   0x0000000000019583      0x1ae ./Middlewares/Third_Party/FreeRTOS/Source/portable/MemMang/heap_4.o

.debug_line     0x0000000000000000    0x1f45d
 .debug_line    0x0000000000000000      0x951 ./Core/Src/app_freertos.o
 .debug_line    0x0000000000000951      0x80d ./Core/Src/gpio.o
 .debug_line    0x000000000000115e      0x837 ./Core/Src/i2c.o
 .debug_line    0x0000000000001995      0xbc9 ./Core/Src/main.o
 .debug_line    0x000000000000255e      0x7bc ./Core/Src/stm32g0xx_hal_msp.o
 .debug_line    0x0000000000002d1a      0x9c7 ./Core/Src/stm32g0xx_it.o
 .debug_line    0x00000000000036e1      0x82d ./Core/Src/system_stm32g0xx.o
 .debug_line    0x0000000000003f0e      0xcb7 ./Core/Src/tim.o
 .debug_line    0x0000000000004bc5      0x966 ./Core/Src/usart.o
 .debug_line    0x000000000000552b       0x7b ./Core/Startup/startup_stm32g070rbtx.o
 .debug_line    0x00000000000055a6      0xba4 ./Drivers/HC05/tasks_HC05.o
 .debug_line    0x000000000000614a      0xd35 ./Drivers/Motor/motor.o
 .debug_line    0x0000000000006e7f      0xad0 ./Drivers/STM32G0xx_HAL_Driver/Src/stm32g0xx_hal.o
 .debug_line    0x000000000000794f      0xbe4 ./Drivers/STM32G0xx_HAL_Driver/Src/stm32g0xx_hal_cortex.o
 .debug_line    0x0000000000008533      0xe04 ./Drivers/STM32G0xx_HAL_Driver/Src/stm32g0xx_hal_dma.o
 .debug_line    0x0000000000009337      0xbd0 ./Drivers/STM32G0xx_HAL_Driver/Src/stm32g0xx_hal_gpio.o
 .debug_line    0x0000000000009f07     0x3780 ./Drivers/STM32G0xx_HAL_Driver/Src/stm32g0xx_hal_i2c.o
 .debug_line    0x000000000000d687      0x9d8 ./Drivers/STM32G0xx_HAL_Driver/Src/stm32g0xx_hal_i2c_ex.o
 .debug_line    0x000000000000e05f      0x9f8 ./Drivers/STM32G0xx_HAL_Driver/Src/stm32g0xx_hal_pwr_ex.o
 .debug_line    0x000000000000ea57      0xf75 ./Drivers/STM32G0xx_HAL_Driver/Src/stm32g0xx_hal_rcc.o
 .debug_line    0x000000000000f9cc      0xb9c ./Drivers/STM32G0xx_HAL_Driver/Src/stm32g0xx_hal_rcc_ex.o
 .debug_line    0x0000000000010568     0x3cc9 ./Drivers/STM32G0xx_HAL_Driver/Src/stm32g0xx_hal_tim.o
 .debug_line    0x0000000000014231     0x1cbb ./Drivers/STM32G0xx_HAL_Driver/Src/stm32g0xx_hal_tim_ex.o
 .debug_line    0x0000000000015eec     0x3441 ./Drivers/STM32G0xx_HAL_Driver/Src/stm32g0xx_hal_uart.o
 .debug_line    0x000000000001932d      0xe62 ./Drivers/STM32G0xx_HAL_Driver/Src/stm32g0xx_hal_uart_ex.o
 .debug_line    0x000000000001a18f     0x11e7 ./Middlewares/Third_Party/FreeRTOS/Source/CMSIS_RTOS/cmsis_os.o
 .debug_line    0x000000000001b376      0x78b ./Middlewares/Third_Party/FreeRTOS/Source/list.o
 .debug_line    0x000000000001bb01     0x11f8 ./Middlewares/Third_Party/FreeRTOS/Source/queue.o
 .debug_line    0x000000000001ccf9     0x16fa ./Middlewares/Third_Party/FreeRTOS/Source/tasks.o
 .debug_line    0x000000000001e3f3      0x6f0 ./Middlewares/Third_Party/FreeRTOS/Source/portable/GCC/ARM_CM0/port.o
 .debug_line    0x000000000001eae3      0x97a ./Middlewares/Third_Party/FreeRTOS/Source/portable/MemMang/heap_4.o

.debug_str      0x0000000000000000    0x998e9
 .debug_str     0x0000000000000000    0x8e0f7 ./Core/Src/app_freertos.o
                                      0x8e608 (size before relaxing)
 .debug_str     0x000000000008e0f7      0x368 ./Core/Src/gpio.o
                                      0x89042 (size before relaxing)
 .debug_str     0x000000000008e45f      0x586 ./Core/Src/i2c.o
                                      0x89460 (size before relaxing)
 .debug_str     0x000000000008e9e5     0x3dc2 ./Core/Src/main.o
                                      0x92604 (size before relaxing)
 .debug_str     0x00000000000927a7       0x2c ./Core/Src/stm32g0xx_hal_msp.o
                                      0x88f64 (size before relaxing)
 .debug_str     0x00000000000927d3      0x387 ./Core/Src/stm32g0xx_it.o
                                      0x8ea64 (size before relaxing)
 .debug_str     0x0000000000092b5a       0x8e ./Core/Src/system_stm32g0xx.o
                                      0x887e6 (size before relaxing)
 .debug_str     0x0000000000092be8      0x3ce ./Core/Src/tim.o
                                      0x89886 (size before relaxing)
 .debug_str     0x0000000000092fb6      0x194 ./Core/Src/usart.o
                                      0x89734 (size before relaxing)
 .debug_str     0x000000000009314a       0x34 ./Core/Startup/startup_stm32g070rbtx.o
                                         0x9a (size before relaxing)
 .debug_str     0x000000000009317e      0x123 ./Drivers/HC05/tasks_HC05.o
                                      0x922e3 (size before relaxing)
 .debug_str     0x00000000000932a1       0xc9 ./Drivers/Motor/motor.o
                                      0x8e586 (size before relaxing)
 .debug_str     0x000000000009336a      0x468 ./Drivers/STM32G0xx_HAL_Driver/Src/stm32g0xx_hal.o
                                      0x88e88 (size before relaxing)
 .debug_str     0x00000000000937d2      0x24a ./Drivers/STM32G0xx_HAL_Driver/Src/stm32g0xx_hal_cortex.o
                                      0x88c2d (size before relaxing)
 .debug_str     0x0000000000093a1c      0x2b2 ./Drivers/STM32G0xx_HAL_Driver/Src/stm32g0xx_hal_dma.o
                                      0x88c80 (size before relaxing)
 .debug_str     0x0000000000093cce      0x124 ./Drivers/STM32G0xx_HAL_Driver/Src/stm32g0xx_hal_gpio.o
                                      0x8891b (size before relaxing)