Archive member included to satisfy reference by file (symbol)

C:/ST/STM32CubeIDE_1.13.1/STM32CubeIDE/plugins/com.st.stm32cube.ide.mcu.externaltools.gnu-tools-for-stm32.11.3.rel1.win32_1.1.1.202309131626/tools/bin/../lib/gcc/arm-none-eabi/11.3.1/../../../../arm-none-eabi/lib/thumb/v6-m/nofp\libc_nano.a(libc_a-exit.o)
                              C:/ST/STM32CubeIDE_1.13.1/STM32CubeIDE/plugins/com.st.stm32cube.ide.mcu.externaltools.gnu-tools-for-stm32.11.3.rel1.win32_1.1.1.202309131626/tools/bin/../lib/gcc/arm-none-eabi/11.3.1/../../../../arm-none-eabi/lib/thumb/v6-m/nofp/crt0.o (exit)
C:/ST/STM32CubeIDE_1.13.1/STM32CubeIDE/plugins/com.st.stm32cube.ide.mcu.externaltools.gnu-tools-for-stm32.11.3.rel1.win32_1.1.1.202309131626/tools/bin/../lib/gcc/arm-none-eabi/11.3.1/../../../../arm-none-eabi/lib/thumb/v6-m/nofp\libc_nano.a(libc_a-findfp.o)
                              C:/ST/STM32CubeIDE_1.13.1/STM32CubeIDE/plugins/com.st.stm32cube.ide.mcu.externaltools.gnu-tools-for-stm32.11.3.rel1.win32_1.1.1.202309131626/tools/bin/../lib/gcc/arm-none-eabi/11.3.1/../../../../arm-none-eabi/lib/thumb/v6-m/nofp\libc_nano.a(libc_a-exit.o) (__stdio_exit_handler)
C:/ST/STM32CubeIDE_1.13.1/STM32CubeIDE/plugins/com.st.stm32cube.ide.mcu.externaltools.gnu-tools-for-stm32.11.3.rel1.win32_1.1.1.202309131626/tools/bin/../lib/gcc/arm-none-eabi/11.3.1/../../../../arm-none-eabi/lib/thumb/v6-m/nofp\libc_nano.a(libc_a-fwalk.o)
                              C:/ST/STM32CubeIDE_1.13.1/STM32CubeIDE/plugins/com.st.stm32cube.ide.mcu.externaltools.gnu-tools-for-stm32.11.3.rel1.win32_1.1.1.202309131626/tools/bin/../lib/gcc/arm-none-eabi/11.3.1/../../../../arm-none-eabi/lib/thumb/v6-m/nofp\libc_nano.a(libc_a-findfp.o) (_fwalk_sglue)
C:/ST/STM32CubeIDE_1.13.1/STM32CubeIDE/plugins/com.st.stm32cube.ide.mcu.externaltools.gnu-tools-for-stm32.11.3.rel1.win32_1.1.1.202309131626/tools/bin/../lib/gcc/arm-none-eabi/11.3.1/../../../../arm-none-eabi/lib/thumb/v6-m/nofp\libc_nano.a(libc_a-stdio.o)
                              C:/ST/STM32CubeIDE_1.13.1/STM32CubeIDE/plugins/com.st.stm32cube.ide.mcu.externaltools.gnu-tools-for-stm32.11.3.rel1.win32_1.1.1.202309131626/tools/bin/../lib/gcc/arm-none-eabi/11.3.1/../../../../arm-none-eabi/lib/thumb/v6-m/nofp\libc_nano.a(libc_a-findfp.o) (__sread)
C:/ST/STM32CubeIDE_1.13.1/STM32CubeIDE/plugins/com.st.stm32cube.ide.mcu.externaltools.gnu-tools-for-stm32.11.3.rel1.win32_1.1.1.202309131626/tools/bin/../lib/gcc/arm-none-eabi/11.3.1/../../../../arm-none-eabi/lib/thumb/v6-m/nofp\libc_nano.a(libc_a-memset.o)
                              C:/ST/STM32CubeIDE_1.13.1/STM32CubeIDE/plugins/com.st.stm32cube.ide.mcu.externaltools.gnu-tools-for-stm32.11.3.rel1.win32_1.1.1.202309131626/tools/bin/../lib/gcc/arm-none-eabi/11.3.1/../../../../arm-none-eabi/lib/thumb/v6-m/nofp/crt0.o (memset)
C:/ST/STM32CubeIDE_1.13.1/STM32CubeIDE/plugins/com.st.stm32cube.ide.mcu.externaltools.gnu-tools-for-stm32.11.3.rel1.win32_1.1.1.202309131626/tools/bin/../lib/gcc/arm-none-eabi/11.3.1/../../../../arm-none-eabi/lib/thumb/v6-m/nofp\libc_nano.a(libc_a-closer.o)
                              C:/ST/STM32CubeIDE_1.13.1/STM32CubeIDE/plugins/com.st.stm32cube.ide.mcu.externaltools.gnu-tools-for-stm32.11.3.rel1.win32_1.1.1.202309131626/tools/bin/../lib/gcc/arm-none-eabi/11.3.1/../../../../arm-none-eabi/lib/thumb/v6-m/nofp\libc_nano.a(libc_a-stdio.o) (_close_r)
C:/ST/STM32CubeIDE_1.13.1/STM32CubeIDE/plugins/com.st.stm32cube.ide.mcu.externaltools.gnu-tools-for-stm32.11.3.rel1.win32_1.1.1.202309131626/tools/bin/../lib/gcc/arm-none-eabi/11.3.1/../../../../arm-none-eabi/lib/thumb/v6-m/nofp\libc_nano.a(libc_a-reent.o)
                              C:/ST/STM32CubeIDE_1.13.1/STM32CubeIDE/plugins/com.st.stm32cube.ide.mcu.externaltools.gnu-tools-for-stm32.11.3.rel1.win32_1.1.1.202309131626/tools/bin/../lib/gcc/arm-none-eabi/11.3.1/../../../../arm-none-eabi/lib/thumb/v6-m/nofp\libc_nano.a(libc_a-closer.o) (errno)
C:/ST/STM32CubeIDE_1.13.1/STM32CubeIDE/plugins/com.st.stm32cube.ide.mcu.externaltools.gnu-tools-for-stm32.11.3.rel1.win32_1.1.1.202309131626/tools/bin/../lib/gcc/arm-none-eabi/11.3.1/../../../../arm-none-eabi/lib/thumb/v6-m/nofp\libc_nano.a(libc_a-impure.o)
                              C:/ST/STM32CubeIDE_1.13.1/STM32CubeIDE/plugins/com.st.stm32cube.ide.mcu.externaltools.gnu-tools-for-stm32.11.3.rel1.win32_1.1.1.202309131626/tools/bin/../lib/gcc/arm-none-eabi/11.3.1/../../../../arm-none-eabi/lib/thumb/v6-m/nofp\libc_nano.a(libc_a-reent.o) (_impure_ptr)
C:/ST/STM32CubeIDE_1.13.1/STM32CubeIDE/plugins/com.st.stm32cube.ide.mcu.externaltools.gnu-tools-for-stm32.11.3.rel1.win32_1.1.1.202309131626/tools/bin/../lib/gcc/arm-none-eabi/11.3.1/../../../../arm-none-eabi/lib/thumb/v6-m/nofp\libc_nano.a(libc_a-lseekr.o)
[...]
Memory Configuration

Name             Origin             Length             Attributes
RAM              0x0000000020000000 0x0000000000009000 xrw
FLASH            0x0000000008000000 0x0000000000020000 xr
*default*        0x0000000000000000 0xffffffffffffffff

Linker script and memory map

LOAD C:/ST/STM32CubeIDE_1.13.1/STM32CubeIDE/plugins/com.st.stm32cube.ide.mcu.externaltools.gnu-tools-for-stm32.11.3.rel1.win32_1.1.1.202309131626/tools/bin/../lib/gcc/arm-none-eabi/11.3.1/thumb/v6-m/nofp/crti.o
LOAD C:/ST/STM32CubeIDE_1.13.1/STM32CubeIDE/plugins/com.st.stm32cube.ide.mcu.externaltools.gnu-tools-for-stm32.11.3.rel1.win32_1.1.1.202309131626/tools/bin/../lib/gcc/arm-none-eabi/11.3.1/thumb/v6-m/nofp/crtbegin.o
LOAD C:/ST/STM32CubeIDE_1.13.1/STM32CubeIDE/plugins/com.st.stm32cube.ide.mcu.externaltools.gnu-tools-for-stm32.11.3.rel1.win32_1.1.1.202309131626/tools/bin/../lib/gcc/arm-none-eabi/11.3.1/../../../../arm-none-eabi/lib/thumb/v6-m/nofp/crt0.o
LOAD ./Core/Src/app_freertos.o
LOAD ./Core/Src/gpio.o
LOAD ./Core/Src/i2c.o
LOAD ./Core/Src/main.o
LOAD ./Core/Src/stm32g0xx_hal_msp.o
LOAD ./Core/Src/stm32g0xx_it.o
LOAD ./Core/Src/syscalls.o
LOAD ./Core/Src/sysmem.o
LOAD ./Core/Src/system_stm32g0xx.o
LOAD ./Core/Src/tim.o
LOAD ./Core/Src/usart.o
LOAD ./Core/Startup/startup_stm32g070rbtx.o
LOAD ./Drivers/HC05/tasks_HC05.o
LOAD ./Drivers/STM32G0xx_HAL_Driver/Src/stm32g0xx_hal.o
LOAD ./Drivers/STM32G0xx_HAL_Driver/Src/stm32g0xx_hal_cortex.o
LOAD ./Drivers/STM32G0xx_HAL_Driver/Src/stm32g0xx_hal_dma.o
LOAD ./Drivers/STM32G0xx_HAL_Driver/Src/stm32g0xx_hal_dma_ex.o
LOAD ./Drivers/STM32G0xx_HAL_Driver/Src/stm32g0xx_hal_exti.o
LOAD ./Drivers/STM32G0xx_HAL_Driver/Src/stm32g0xx_hal_flash.o
LOAD ./Drivers/STM32G0xx_HAL_Driver/Src/stm32g0xx_hal_flash_ex.o
LOAD ./Drivers/STM32G0xx_HAL_Driver/Src/stm32g0xx_hal_gpio.o
LOAD ./Drivers/STM32G0xx_HAL_Driver/Src/stm32g0xx_hal_i2c.o
LOAD ./Drivers/STM32G0xx_HAL_Driver/Src/stm32g0xx_hal_i2c_ex.o
LOAD ./Drivers/STM32G0xx_HAL_Driver/Src/stm32g0xx_hal_pwr.o
LOAD ./Drivers/STM32G0xx_HAL_Driver/Src/stm32g0xx_hal_pwr_ex.o
LOAD ./Drivers/STM32G0xx_HAL_Driver/Src/stm32g0xx_hal_rcc.o
LOAD ./Drivers/STM32G0xx_HAL_Driver/Src/stm32g0xx_hal_rcc_ex.o
LOAD ./Drivers/STM32G0xx_HAL_Driver/Src/stm32g0xx_hal_tim.o
LOAD ./Drivers/STM32G0xx_HAL_Driver/Src/stm32g0xx_hal_tim_ex.o
LOAD ./Drivers/STM32G0xx_HAL_Driver/Src/stm32g0xx_hal_uart.o
LOAD ./Drivers/STM32G0xx_HAL_Driver/Src/stm32g0xx_hal_uart_ex.o
LOAD ./Drivers/STM32G0xx_HAL_Driver/Src/stm32g0xx_ll_dma.o
LOAD ./Drivers/STM32G0xx_HAL_Driver/Src/stm32g0xx_ll_rcc.o
LOAD ./Middlewares/Third_Party/FreeRTOS/Source/CMSIS_RTOS/cmsis_os.o
LOAD ./Middlewares/Third_Party/FreeRTOS/Source/croutine.o
LOAD ./Middlewares/Third_Party/FreeRTOS/Source/event_groups.o
LOAD ./Middlewares/Third_Party/FreeRTOS/Source/list.o
LOAD ./Middlewares/Third_Party/FreeRTOS/Source/queue.o
LOAD ./Middlewares/Third_Party/FreeRTOS/Source/stream_buffer.o
LOAD ./Middlewares/Third_Party/FreeRTOS/Source/tasks.o
LOAD ./Middlewares/Third_Party/FreeRTOS/Source/timers.o
LOAD ./Middlewares/Third_Party/FreeRTOS/Source/portable/GCC/ARM_CM0/port.o
LOAD ./Middlewares/Third_Party/FreeRTOS/Source/portable/MemMang/heap_4.o
START GROUP
LOAD C:/ST/STM32CubeIDE_1.13.1/STM32CubeIDE/plugins/com.st.stm32cube.ide.mcu.externaltools.gnu-tools-for-stm32.11.3.rel1.win32_1.1.1.202309131626/tools/bin/../lib/gcc/arm-none-eabi/11.3.1/../../../../arm-none-eabi/lib/thumb/v6-m/nofp\libc_nano.a
LOAD C:/ST/STM32CubeIDE_1.13.1/STM32CubeIDE/plugins/com.st.stm32cube.ide.mcu.externaltools.gnu-tools-for-stm32.11.3.rel1.win32_1.1.1.202309131626/tools/bin/../lib/gcc/arm-none-eabi/11.3.1/../../../../arm-none-eabi/lib/thumb/v6-m/nofp\libm.a
END GROUP
START GROUP
LOAD C:/ST/STM32CubeIDE_1.13.1/STM32CubeIDE/plugins/com.st.stm32cube.ide.mcu.externaltools.gnu-tools-for-stm32.11.3.rel1.win32_1.1.1.202309131626/tools/bin/../lib/gcc/arm-none-eabi/11.3.1/thumb/v6-m/nofp\libgcc.a
LOAD C:/ST/STM32CubeIDE_1.13.1/STM32CubeIDE/plugins/com.st.stm32cube.ide.mcu.externaltools.gnu-tools-for-stm32.11.3.rel1.win32_1.1.1.202309131626/tools/bin/../lib/gcc/arm-none-eabi/11.3.1/../../../../arm-none-eabi/lib/thumb/v6-m/nofp\libc_nano.a
END GROUP
START GROUP
LOAD C:/ST/STM32CubeIDE_1.13.1/STM32CubeIDE/plugins/com.st.stm32cube.ide.mcu.externaltools.gnu-tools-for-stm32.11.3.rel1.win32_1.1.1.202309131626/tools/bin/../lib/gcc/arm-none-eabi/11.3.1/thumb/v6-m/nofp\libgcc.a
LOAD C:/ST/STM32CubeIDE_1.13.1/STM32CubeIDE/plugins/com.st.stm32cube.ide.mcu.externaltools.gnu-tools-for-stm32.11.3.rel1.win32_1.1.1.202309131626/tools/bin/../lib/gcc/arm-none-eabi/11.3.1/../../../../arm-none-eabi/lib/thumb/v6-m/nofp\libc_nano.a
LOAD C:/ST/STM32CubeIDE_1.13.1/STM32CubeIDE/plugins/com.st.stm32cube.ide.mcu.externaltools.gnu-tools-for-stm32.11.3.rel1.win32_1.1.1.202309131626/tools/bin/../lib/gcc/arm-none-eabi/11.3.1/../../../../arm-none-eabi/lib/thumb/v6-m/nofp\libnosys.a
END GROUP
START GROUP
LOAD C:/ST/STM32CubeIDE_1.13.1/STM32CubeIDE/plugins/com.st.stm32cube.ide.mcu.externaltools.gnu-tools-for-stm32.11.3.rel1.win32_1.1.1.202309131626/tools/bin/../lib/gcc/arm-none-eabi/11.3.1/thumb/v6-m/nofp\libgcc.a
LOAD C:/ST/STM32CubeIDE_1.13.1/STM32CubeIDE/plugins/com.st.stm32cube.ide.mcu.externaltools.gnu-tools-for-stm32.11.3.rel1.win32_1.1.1.202309131626/tools/bin/../lib/gcc/arm-none-eabi/11.3.1/../../../../arm-none-eabi/lib/thumb/v6-m/nofp\libc_nano.a
LOAD C:/ST/STM32CubeIDE_1.13.1/STM32CubeIDE/plugins/com.st.stm32cube.ide.mcu.externaltools.gnu-tools-for-stm32.11.3.rel1.win32_1.1.1.202309131626/tools/bin/../lib/gcc/arm-none-eabi/11.3.1/../../../../arm-none-eabi/lib/thumb/v6-m/nofp\libnosys.a
END GROUP
LOAD C:/ST/STM32CubeIDE_1.13.1/STM32CubeIDE/plugins/com.st.stm32cube.ide.mcu.externaltools.gnu-tools-for-stm32.11.3.rel1.win32_1.1.1.202309131626/tools/bin/../lib/gcc/arm-none-eabi/11.3.1/thumb/v6-m/nofp/crtend.o
LOAD C:/ST/STM32CubeIDE_1.13.1/STM32CubeIDE/plugins/com.st.stm32cube.ide.mcu.externaltools.gnu-tools-for-stm32.11.3.rel1.win32_1.1.1.202309131626/tools/bin/../lib/gcc/arm-none-eabi/11.3.1/thumb/v6-m/nofp/crtn.o
                0x0000000020009000                _estack = (ORIGIN (RAM) + LENGTH (RAM))
                0x0000000000000200                _Min_Heap_Size = 0x200
                0x0000000000000400                _Min_Stack_Size = 0x400

.isr_vector     0x0000000008000000       0xb8
                0x0000000008000000                . = ALIGN (0x4)
 *(.isr_vector)
 .isr_vector    0x0000000008000000       0xb8 ./Core/Startup/startup_stm32g070rbtx.o
                0x0000000008000000                g_pfnVectors
                0x00000000080000b8                . = ALIGN (0x4)

.text           0x00000000080000c0     0x7598
                0x00000000080000c0                . = ALIGN (0x4)
 *(.text)
 .text          0x00000000080000c0       0x48 C:/ST/STM32CubeIDE_1.13.1/STM32CubeIDE/plugins/com.st.stm32cube.ide.mcu.externaltools.gnu-tools-for-stm32.11.3.rel1.win32_1.1.1.202309131626/tools/bin/../lib/gcc/arm-none-eabi/11.3.1/thumb/v6-m/nofp/crtbegin.o
 .text          0x0000000008000108        0xe C:/ST/STM32CubeIDE_1.13.1/STM32CubeIDE/plugins/com.st.stm32cube.ide.mcu.externaltools.gnu-tools-for-stm32.11.3.rel1.win32_1.1.1.202309131626/tools/bin/../lib/gcc/arm-none-eabi/11.3.1/../../../../arm-none-eabi/lib/thumb/v6-m/nofp\libc_nano.a(libc_a-strlen.o)
                0x0000000008000108                strlen
 *fill*         0x0000000008000116        0x2 
 .text          0x0000000008000118      0x114 C:/ST/STM32CubeIDE_1.13.1/STM32CubeIDE/plugins/com.st.stm32cube.ide.mcu.externaltools.gnu-tools-for-stm32.11.3.rel1.win32_1.1.1.202309131626/tools/bin/../lib/gcc/arm-none-eabi/11.3.1/thumb/v6-m/nofp\libgcc.a(_udivsi3.o)
                0x0000000008000118                __aeabi_uidiv
                0x0000000008000118                __udivsi3
                0x0000000008000224                __aeabi_uidivmod
 .text          0x000000000800022c      0x1d4 C:/ST/STM32CubeIDE_1.13.1/STM32CubeIDE/plugins/com.st.stm32cube.ide.mcu.externaltools.gnu-tools-for-stm32.11.3.rel1.win32_1.1.1.202309131626/tools/bin/../lib/gcc/arm-none-eabi/11.3.1/thumb/v6-m/nofp\libgcc.a(_divsi3.o)
                0x000000000800022c                __divsi3
                0x000000000800022c                __aeabi_idiv
                0x00000000080003f8                __aeabi_idivmod
 .text          0x0000000008000400        0x4 C:/ST/STM32CubeIDE_1.13.1/STM32CubeIDE/plugins/com.st.stm32cube.ide.mcu.externaltools.gnu-tools-for-stm32.11.3.rel1.win32_1.1.1.202309131626/tools/bin/../lib/gcc/arm-none-eabi/11.3.1/thumb/v6-m/nofp\libgcc.a(_dvmd_tls.o)
                0x0000000008000400                __aeabi_idiv0
                0x0000000008000400                __aeabi_ldiv0
 *(.text*)
 .text.MX_FREERTOS_Init
                0x0000000008000404       0x34 ./Core/Src/app_freertos.o
                0x0000000008000404                MX_FREERTOS_Init
 .text.StartDefaultTask
                0x0000000008000438       0x10 ./Core/Src/app_freertos.o
                0x0000000008000438                StartDefaultTask
 .text.MX_GPIO_Init
                0x0000000008000448      0x1c8 ./Core/Src/gpio.o
                0x0000000008000448                MX_GPIO_Init
 .text.MX_I2C2_Init
                0x0000000008000610       0x80 ./Core/Src/i2c.o
                0x0000000008000610                MX_I2C2_Init
 .text.HAL_I2C_MspInit
                0x0000000008000690       0x98 ./Core/Src/i2c.o
                0x0000000008000690                HAL_I2C_MspInit
 .text.main     0x0000000008000728       0x52 ./Core/Src/main.o
                0x0000000008000728                main
 .text.SystemClock_Config
                0x000000000800077a       0x84 ./Core/Src/main.o
                0x000000000800077a                SystemClock_Config
 .text.Error_Handler
                0x00000000080007fe        0xa ./Core/Src/main.o
                0x00000000080007fe                Error_Handler
 .text.HAL_MspInit
                0x0000000008000808       0x54 ./Core/Src/stm32g0xx_hal_msp.o
                0x0000000008000808                HAL_MspInit
 .text.NMI_Handler
                0x000000000800085c        0x6 ./Core/Src/stm32g0xx_it.o
                0x000000000800085c                NMI_Handler
 .text.HardFault_Handler
                0x0000000008000862        0x6 ./Core/Src/stm32g0xx_it.o
                0x0000000008000862                HardFault_Handler
 .text.SysTick_Handler
                0x0000000008000868       0x1c ./Core/Src/stm32g0xx_it.o
                0x0000000008000868                SysTick_Handler
 .text.EXTI4_15_IRQHandler
                0x0000000008000884       0x66 ./Core/Src/stm32g0xx_it.o
                0x0000000008000884                EXTI4_15_IRQHandler
 *fill*         0x00000000080008ea        0x2 
 .text.USART3_4_IRQHandler
                0x00000000080008ec       0x54 ./Core/Src/stm32g0xx_it.o
                0x00000000080008ec                USART3_4_IRQHandler
 .text.SystemInit
                0x0000000008000940        0xa ./Core/Src/system_stm32g0xx.o
                0x0000000008000940                SystemInit
 *fill*         0x000000000800094a        0x2 
 .text.MX_TIM1_Init
                0x000000000800094c       0xd4 ./Core/Src/tim.o
                0x000000000800094c                MX_TIM1_Init
 .text.MX_TIM3_Init
                0x0000000008000a20       0xc8 ./Core/Src/tim.o
                0x0000000008000a20                MX_TIM3_Init
 .text.MX_TIM6_Init
                0x0000000008000ae8       0x78 ./Core/Src/tim.o
                0x0000000008000ae8                MX_TIM6_Init
 .text.MX_TIM7_Init
                0x0000000008000b60       0x78 ./Core/Src/tim.o
                0x0000000008000b60                MX_TIM7_Init
 .text.MX_TIM14_Init
                0x0000000008000bd8       0xa0 ./Core/Src/tim.o
                0x0000000008000bd8                MX_TIM14_Init
 .text.MX_TIM15_Init
                0x0000000008000c78      0x148 ./Core/Src/tim.o
                0x0000000008000c78                MX_TIM15_Init
 .text.MX_TIM16_Init
                0x0000000008000dc0      0x110 ./Core/Src/tim.o
                0x0000000008000dc0                MX_TIM16_Init
 .text.MX_TIM17_Init
                0x0000000008000ed0      0x110 ./Core/Src/tim.o
                0x0000000008000ed0                MX_TIM17_Init
 .text.HAL_TIM_Encoder_MspInit
                0x0000000008000fe0      0x104 ./Core/Src/tim.o
                0x0000000008000fe0                HAL_TIM_Encoder_MspInit
 .text.HAL_TIM_Base_MspInit
                0x00000000080010e4       0xe8 ./Core/Src/tim.o
                0x00000000080010e4                HAL_TIM_Base_MspInit
 .text.HAL_TIM_PWM_MspInit
                0x00000000080011cc       0x40 ./Core/Src/tim.o
                0x00000000080011cc                HAL_TIM_PWM_MspInit
 .text.HAL_TIM_MspPostInit
                0x000000000800120c      0x180 ./Core/Src/tim.o
                0x000000000800120c                HAL_TIM_MspPostInit
 .text.MX_USART1_UART_Init
                0x000000000800138c       0x9c ./Core/Src/usart.o
                0x000000000800138c                MX_USART1_UART_Init
 .text.MX_USART2_UART_Init
                0x0000000008001428       0x9c ./Core/Src/usart.o
                0x0000000008001428                MX_USART2_UART_Init
 .text.MX_USART3_UART_Init
                0x00000000080014c4       0x68 ./Core/Src/usart.o
                0x00000000080014c4                MX_USART3_UART_Init
 .text.HAL_UART_MspInit
                0x000000000800152c      0x1d8 ./Core/Src/usart.o
                0x000000000800152c                HAL_UART_MspInit
 .text.Reset_Handler
                0x0000000008001704       0x50 ./Core/Startup/startup_stm32g070rbtx.o
                0x0000000008001704                Reset_Handler
 .text.Default_Handler
                0x0000000008001754        0x2 ./Core/Startup/startup_stm32g070rbtx.o
                0x0000000008001754                TIM1_CC_IRQHandler
                0x0000000008001754                TIM6_IRQHandler
                0x0000000008001754                I2C1_IRQHandler
                0x0000000008001754                RTC_TAMP_IRQHandler
                0x0000000008001754                SPI1_IRQHandler
                0x0000000008001754                EXTI2_3_IRQHandler
                0x0000000008001754                ADC1_IRQHandler
                0x0000000008001754                I2C2_IRQHandler
                0x0000000008001754                TIM17_IRQHandler
                0x0000000008001754                TIM16_IRQHandler
                0x0000000008001754                TIM3_IRQHandler
                0x0000000008001754                RCC_IRQHandler
                0x0000000008001754                DMA1_Channel1_IRQHandler
                0x0000000008001754                Default_Handler
                0x0000000008001754                TIM14_IRQHandler
                0x0000000008001754                TIM7_IRQHandler
                0x0000000008001754                TIM15_IRQHandler
                0x0000000008001754                EXTI0_1_IRQHandler
                0x0000000008001754                SPI2_IRQHandler
                0x0000000008001754                WWDG_IRQHandler
                0x0000000008001754                DMA1_Ch4_7_DMAMUX1_OVR_IRQHandler
                0x0000000008001754                DMA1_Channel2_3_IRQHandler
                0x0000000008001754                USART2_IRQHandler
                0x0000000008001754                FLASH_IRQHandler
                0x0000000008001754                USART1_IRQHandler
                0x0000000008001754                TIM1_BRK_UP_TRG_COM_IRQHandler
 *fill*         0x0000000008001756        0x2 
 .text.print_BT_Task
                0x0000000008001758       0x34 ./Drivers/HC05/tasks_HC05.o
                0x0000000008001758                print_BT_Task
 .text.send_text
                0x000000000800178c       0x2c ./Drivers/HC05/tasks_HC05.o
                0x000000000800178c                send_text
 .text.fill_queue
                0x00000000080017b8       0x48 ./Drivers/HC05/tasks_HC05.o
                0x00000000080017b8                fill_queue
 .text.renvoie  0x0000000008001800       0x48 ./Drivers/HC05/tasks_HC05.o
                0x0000000008001800                renvoie
 .text.Start_All_Tasks
                0x0000000008001848       0x90 ./Drivers/HC05/tasks_HC05.o
                0x0000000008001848                Start_All_Tasks
 .text.HAL_Init
                0x00000000080018d8       0x40 ./Drivers/STM32G0xx_HAL_Driver/Src/stm32g0xx_hal.o
                0x00000000080018d8                HAL_Init
 .text.HAL_InitTick
                0x0000000008001918       0x94 ./Drivers/STM32G0xx_HAL_Driver/Src/stm32g0xx_hal.o
                0x0000000008001918                HAL_InitTick
 .text.HAL_IncTick
                0x00000000080019ac       0x24 ./Drivers/STM32G0xx_HAL_Driver/Src/stm32g0xx_hal.o
                0x00000000080019ac                HAL_IncTick
 .text.HAL_GetTick
                0x00000000080019d0       0x14 ./Drivers/STM32G0xx_HAL_Driver/Src/stm32g0xx_hal.o
                0x00000000080019d0                HAL_GetTick
 .text.__NVIC_EnableIRQ
                0x00000000080019e4       0x34 ./Drivers/STM32G0xx_HAL_Driver/Src/stm32g0xx_hal_cortex.o
 .text.__NVIC_SetPriority
                0x0000000008001a18       0xdc ./Drivers/STM32G0xx_HAL_Driver/Src/stm32g0xx_hal_cortex.o
 .text.SysTick_Config
                0x0000000008001af4       0x48 ./Drivers/STM32G0xx_HAL_Driver/Src/stm32g0xx_hal_cortex.o
 .text.HAL_NVIC_SetPriority
                0x0000000008001b3c       0x2a ./Drivers/STM32G0xx_HAL_Driver/Src/stm32g0xx_hal_cortex.o
                0x0000000008001b3c                HAL_NVIC_SetPriority
 .text.HAL_NVIC_EnableIRQ
                0x0000000008001b66       0x20 ./Drivers/STM32G0xx_HAL_Driver/Src/stm32g0xx_hal_cortex.o
                0x0000000008001b66                HAL_NVIC_EnableIRQ
 .text.HAL_SYSTICK_Config
                0x0000000008001b86       0x1a ./Drivers/STM32G0xx_HAL_Driver/Src/stm32g0xx_hal_cortex.o
                0x0000000008001b86                HAL_SYSTICK_Config
 .text.HAL_DMA_Abort
                0x0000000008001ba0       0xc4 ./Drivers/STM32G0xx_HAL_Driver/Src/stm32g0xx_hal_dma.o
                0x0000000008001ba0                HAL_DMA_Abort
 .text.HAL_DMA_Abort_IT
                0x0000000008001c64       0xd4 ./Drivers/STM32G0xx_HAL_Driver/Src/stm32g0xx_hal_dma.o
                0x0000000008001c64                HAL_DMA_Abort_IT
 .text.HAL_GPIO_Init
                0x0000000008001d38      0x2c8 ./Drivers/STM32G0xx_HAL_Driver/Src/stm32g0xx_hal_gpio.o
                0x0000000008001d38                HAL_GPIO_Init
 .text.HAL_GPIO_WritePin
                0x0000000008002000       0x3a ./Drivers/STM32G0xx_HAL_Driver/Src/stm32g0xx_hal_gpio.o
                0x0000000008002000                HAL_GPIO_WritePin
 *fill*         0x000000000800203a        0x2 
 .text.HAL_GPIO_EXTI_IRQHandler
                0x000000000800203c       0x54 ./Drivers/STM32G0xx_HAL_Driver/Src/stm32g0xx_hal_gpio.o
                0x000000000800203c                HAL_GPIO_EXTI_IRQHandler
 .text.HAL_GPIO_EXTI_Rising_Callback
                0x0000000008002090       0x14 ./Drivers/STM32G0xx_HAL_Driver/Src/stm32g0xx_hal_gpio.o
                0x0000000008002090                HAL_GPIO_EXTI_Rising_Callback
 .text.HAL_GPIO_EXTI_Falling_Callback
                0x00000000080020a4       0x14 ./Drivers/STM32G0xx_HAL_Driver/Src/stm32g0xx_hal_gpio.o
                0x00000000080020a4                HAL_GPIO_EXTI_Falling_Callback
 .text.HAL_I2C_Init
                0x00000000080020b8      0x12c ./Drivers/STM32G0xx_HAL_Driver/Src/stm32g0xx_hal_i2c.o
                0x00000000080020b8                HAL_I2C_Init
 .text.HAL_I2CEx_ConfigAnalogFilter
                0x00000000080021e4       0x98 ./Drivers/STM32G0xx_HAL_Driver/Src/stm32g0xx_hal_i2c_ex.o
                0x00000000080021e4                HAL_I2CEx_ConfigAnalogFilter
 .text.HAL_I2CEx_ConfigDigitalFilter
                0x000000000800227c       0x98 ./Drivers/STM32G0xx_HAL_Driver/Src/stm32g0xx_hal_i2c_ex.o
                0x000000000800227c                HAL_I2CEx_ConfigDigitalFilter
 .text.HAL_PWREx_ControlVoltageScaling
                0x0000000008002314       0x80 ./Drivers/STM32G0xx_HAL_Driver/Src/stm32g0xx_hal_pwr_ex.o
                0x0000000008002314                HAL_PWREx_ControlVoltageScaling
 .text.LL_RCC_GetAPB1Prescaler
                0x0000000008002394       0x18 ./Drivers/STM32G0xx_HAL_Driver/Src/stm32g0xx_hal_rcc.o
 .text.HAL_RCC_OscConfig
                0x00000000080023ac      0x620 ./Drivers/STM32G0xx_HAL_Driver/Src/stm32g0xx_hal_rcc.o
                0x00000000080023ac                HAL_RCC_OscConfig
 .text.HAL_RCC_ClockConfig
                0x00000000080029cc      0x210 ./Drivers/STM32G0xx_HAL_Driver/Src/stm32g0xx_hal_rcc.o
                0x00000000080029cc                HAL_RCC_ClockConfig
 .text.HAL_RCC_GetSysClockFreq
                0x0000000008002bdc      0x100 ./Drivers/STM32G0xx_HAL_Driver/Src/stm32g0xx_hal_rcc.o
                0x0000000008002bdc                HAL_RCC_GetSysClockFreq
 .text.HAL_RCC_GetHCLKFreq
                0x0000000008002cdc       0x14 ./Drivers/STM32G0xx_HAL_Driver/Src/stm32g0xx_hal_rcc.o
                0x0000000008002cdc                HAL_RCC_GetHCLKFreq
 .text.HAL_RCC_GetPCLK1Freq
                0x0000000008002cf0       0x2c ./Drivers/STM32G0xx_HAL_Driver/Src/stm32g0xx_hal_rcc.o
                0x0000000008002cf0                HAL_RCC_GetPCLK1Freq
 .text.HAL_RCCEx_PeriphCLKConfig
                0x0000000008002d1c      0x268 ./Drivers/STM32G0xx_HAL_Driver/Src/stm32g0xx_hal_rcc_ex.o
                0x0000000008002d1c                HAL_RCCEx_PeriphCLKConfig
 .text.HAL_TIM_Base_Init
                0x0000000008002f84       0xb0 ./Drivers/STM32G0xx_HAL_Driver/Src/stm32g0xx_hal_tim.o
                0x0000000008002f84                HAL_TIM_Base_Init
 .text.HAL_TIM_PWM_Init
                0x0000000008003034       0xb0 ./Drivers/STM32G0xx_HAL_Driver/Src/stm32g0xx_hal_tim.o
                0x0000000008003034                HAL_TIM_PWM_Init
 .text.HAL_TIM_Encoder_Init
                0x00000000080030e4      0x150 ./Drivers/STM32G0xx_HAL_Driver/Src/stm32g0xx_hal_tim.o
                0x00000000080030e4                HAL_TIM_Encoder_Init
 .text.HAL_TIM_PWM_ConfigChannel
                0x0000000008003234      0x200 ./Drivers/STM32G0xx_HAL_Driver/Src/stm32g0xx_hal_tim.o
                0x0000000008003234                HAL_TIM_PWM_ConfigChannel
 .text.TIM_Base_SetConfig
                0x0000000008003434       0xec ./Drivers/STM32G0xx_HAL_Driver/Src/stm32g0xx_hal_tim.o
                0x0000000008003434                TIM_Base_SetConfig
 .text.TIM_OC1_SetConfig
                0x0000000008003520      0x114 ./Drivers/STM32G0xx_HAL_Driver/Src/stm32g0xx_hal_tim.o
 .text.TIM_OC2_SetConfig
                0x0000000008003634      0x108 ./Drivers/STM32G0xx_HAL_Driver/Src/stm32g0xx_hal_tim.o
                0x0000000008003634                TIM_OC2_SetConfig
 .text.TIM_OC3_SetConfig
                0x000000000800373c      0x110 ./Drivers/STM32G0xx_HAL_Driver/Src/stm32g0xx_hal_tim.o
 .text.TIM_OC4_SetConfig
                0x000000000800384c       0xd4 ./Drivers/STM32G0xx_HAL_Driver/Src/stm32g0xx_hal_tim.o
 .text.TIM_OC5_SetConfig
                0x0000000008003920       0xc0 ./Drivers/STM32G0xx_HAL_Driver/Src/stm32g0xx_hal_tim.o
 .text.TIM_OC6_SetConfig
                0x00000000080039e0       0xc8 ./Drivers/STM32G0xx_HAL_Driver/Src/stm32g0xx_hal_tim.o
 .text.HAL_TIMEx_MasterConfigSynchronization
                0x0000000008003aa8       0xd0 ./Drivers/STM32G0xx_HAL_Driver/Src/stm32g0xx_hal_tim_ex.o
                0x0000000008003aa8                HAL_TIMEx_MasterConfigSynchronization
 .text.HAL_TIMEx_ConfigBreakDeadTime
                0x0000000008003b78      0x14c ./Drivers/STM32G0xx_HAL_Driver/Src/stm32g0xx_hal_tim_ex.o
                0x0000000008003b78                HAL_TIMEx_ConfigBreakDeadTime
 .text.HAL_UART_Init
                0x0000000008003cc4       0xac ./Drivers/STM32G0xx_HAL_Driver/Src/stm32g0xx_hal_uart.o
                0x0000000008003cc4                HAL_UART_Init
 .text.HAL_UART_Transmit
                0x0000000008003d70      0x138 ./Drivers/STM32G0xx_HAL_Driver/Src/stm32g0xx_hal_uart.o
                0x0000000008003d70                HAL_UART_Transmit
 .text.HAL_UART_Receive_IT
                0x0000000008003ea8       0xae ./Drivers/STM32G0xx_HAL_Driver/Src/stm32g0xx_hal_uart.o
                0x0000000008003ea8                HAL_UART_Receive_IT
 *fill*         0x0000000008003f56        0x2 
 .text.HAL_UART_IRQHandler
                0x0000000008003f58      0x64c ./Drivers/STM32G0xx_HAL_Driver/Src/stm32g0xx_hal_uart.o
                0x0000000008003f58                HAL_UART_IRQHandler
 .text.HAL_UART_TxCpltCallback
                0x00000000080045a4       0x10 ./Drivers/STM32G0xx_HAL_Driver/Src/stm32g0xx_hal_uart.o
                0x00000000080045a4                HAL_UART_TxCpltCallback
 .text.HAL_UART_RxCpltCallback
                0x00000000080045b4       0x10 ./Drivers/STM32G0xx_HAL_Driver/Src/stm32g0xx_hal_uart.o
                0x00000000080045b4                HAL_UART_RxCpltCallback
 .text.HAL_UART_ErrorCallback
                0x00000000080045c4       0x10 ./Drivers/STM32G0xx_HAL_Driver/Src/stm32g0xx_hal_uart.o
                0x00000000080045c4                HAL_UART_ErrorCallback
 .text.HAL_UARTEx_RxEventCallback
                0x00000000080045d4       0x16 ./Drivers/STM32G0xx_HAL_Driver/Src/stm32g0xx_hal_uart.o
                0x00000000080045d4                HAL_UARTEx_RxEventCallback
 *fill*         0x00000000080045ea        0x2 
 .text.UART_SetConfig
                0x00000000080045ec      0x348 ./Drivers/STM32G0xx_HAL_Driver/Src/stm32g0xx_hal_uart.o
                0x00000000080045ec                UART_SetConfig
 .text.UART_AdvFeatureConfig
                0x0000000008004934      0x168 ./Drivers/STM32G0xx_HAL_Driver/Src/stm32g0xx_hal_uart.o
                0x0000000008004934                UART_AdvFeatureConfig
 .text.UART_CheckIdleState
                0x0000000008004a9c       0x9c ./Drivers/STM32G0xx_HAL_Driver/Src/stm32g0xx_hal_uart.o
                0x0000000008004a9c                UART_CheckIdleState
 .text.UART_WaitOnFlagUntilTimeout
                0x0000000008004b38      0x190 ./Drivers/STM32G0xx_HAL_Driver/Src/stm32g0xx_hal_uart.o
                0x0000000008004b38                UART_WaitOnFlagUntilTimeout
 .text.UART_Start_Receive_IT
                0x0000000008004cc8      0x248 ./Drivers/STM32G0xx_HAL_Driver/Src/stm32g0xx_hal_uart.o
                0x0000000008004cc8                UART_Start_Receive_IT
 .text.UART_EndRxTransfer
                0x0000000008004f10       0xcc ./Drivers/STM32G0xx_HAL_Driver/Src/stm32g0xx_hal_uart.o
 .text.UART_DMAAbortOnError
                0x0000000008004fdc       0x2e ./Drivers/STM32G0xx_HAL_Driver/Src/stm32g0xx_hal_uart.o
 .text.UART_EndTransmit_IT
                0x000000000800500a       0x58 ./Drivers/STM32G0xx_HAL_Driver/Src/stm32g0xx_hal_uart.o
 *fill*         0x0000000008005062        0x2 
 .text.UART_RxISR_8BIT
                0x0000000008005064      0x174 ./Drivers/STM32G0xx_HAL_Driver/Src/stm32g0xx_hal_uart.o
 .text.UART_RxISR_16BIT
                0x00000000080051d8      0x174 ./Drivers/STM32G0xx_HAL_Driver/Src/stm32g0xx_hal_uart.o
 .text.UART_RxISR_8BIT_FIFOEN
                0x000000000800534c      0x2ec ./Drivers/STM32G0xx_HAL_Driver/Src/stm32g0xx_hal_uart.o
 .text.UART_RxISR_16BIT_FIFOEN
                0x0000000008005638      0x2ec ./Drivers/STM32G0xx_HAL_Driver/Src/stm32g0xx_hal_uart.o
 .text.HAL_UARTEx_WakeupCallback
                0x0000000008005924       0x10 ./Drivers/STM32G0xx_HAL_Driver/Src/stm32g0xx_hal_uart_ex.o
                0x0000000008005924                HAL_UARTEx_WakeupCallback
 .text.HAL_UARTEx_RxFifoFullCallback
                0x0000000008005934       0x10 ./Drivers/STM32G0xx_HAL_Driver/Src/stm32g0xx_hal_uart_ex.o
                0x0000000008005934                HAL_UARTEx_RxFifoFullCallback
 .text.HAL_UARTEx_TxFifoEmptyCallback
                0x0000000008005944       0x10 ./Drivers/STM32G0xx_HAL_Driver/Src/stm32g0xx_hal_uart_ex.o
                0x0000000008005944                HAL_UARTEx_TxFifoEmptyCallback
 .text.HAL_UARTEx_DisableFifoMode
                0x0000000008005954       0x74 ./Drivers/STM32G0xx_HAL_Driver/Src/stm32g0xx_hal_uart_ex.o
                0x0000000008005954                HAL_UARTEx_DisableFifoMode
 .text.HAL_UARTEx_SetTxFifoThreshold
                0x00000000080059c8       0x7e ./Drivers/STM32G0xx_HAL_Driver/Src/stm32g0xx_hal_uart_ex.o
                0x00000000080059c8                HAL_UARTEx_SetTxFifoThreshold
 *fill*         0x0000000008005a46        0x2 
 .text.HAL_UARTEx_SetRxFifoThreshold
                0x0000000008005a48       0x84 ./Drivers/STM32G0xx_HAL_Driver/Src/stm32g0xx_hal_uart_ex.o
                0x0000000008005a48                HAL_UARTEx_SetRxFifoThreshold
 .text.UARTEx_SetNbDataToProcess
                0x0000000008005acc       0xbc ./Drivers/STM32G0xx_HAL_Driver/Src/stm32g0xx_hal_uart_ex.o
 .text.makeFreeRtosPriority
                0x0000000008005b88       0x32 ./Middlewares/Third_Party/FreeRTOS/Source/CMSIS_RTOS/cmsis_os.o
 .text.osKernelStart
                0x0000000008005bba       0x10 ./Middlewares/Third_Party/FreeRTOS/Source/CMSIS_RTOS/cmsis_os.o
                0x0000000008005bba                osKernelStart
 .text.osThreadCreate
                0x0000000008005bca       0x50 ./Middlewares/Third_Party/FreeRTOS/Source/CMSIS_RTOS/cmsis_os.o
                0x0000000008005bca                osThreadCreate
 .text.osDelay  0x0000000008005c1a       0x28 ./Middlewares/Third_Party/FreeRTOS/Source/CMSIS_RTOS/cmsis_os.o
                0x0000000008005c1a                osDelay
 .text.vListInitialise
                0x0000000008005c42       0x3c ./Middlewares/Third_Party/FreeRTOS/Source/list.o
                0x0000000008005c42                vListInitialise
 .text.vListInitialiseItem
                0x0000000008005c7e       0x16 ./Middlewares/Third_Party/FreeRTOS/Source/list.o
                0x0000000008005c7e                vListInitialiseItem
 .text.vListInsertEnd
                0x0000000008005c94       0x44 ./Middlewares/Third_Party/FreeRTOS/Source/list.o
                0x0000000008005c94                vListInsertEnd
 .text.vListInsert
                0x0000000008005cd8       0x6c ./Middlewares/Third_Party/FreeRTOS/Source/list.o
                0x0000000008005cd8                vListInsert
 .text.uxListRemove
                0x0000000008005d44       0x50 ./Middlewares/Third_Party/FreeRTOS/Source/list.o
                0x0000000008005d44                uxListRemove
 .text.xQueueGenericReset
                0x0000000008005d94       0xa8 ./Middlewares/Third_Party/FreeRTOS/Source/queue.o
                0x0000000008005d94                xQueueGenericReset
 .text.xQueueGenericCreate
                0x0000000008005e3c       0x5c ./Middlewares/Third_Party/FreeRTOS/Source/queue.o
                0x0000000008005e3c                xQueueGenericCreate
 .text.prvInitialiseNewQueue
                0x0000000008005e98       0x44 ./Middlewares/Third_Party/FreeRTOS/Source/queue.o
 .text.xQueueGenericSend
                0x0000000008005edc      0x188 ./Middlewares/Third_Party/FreeRTOS/Source/queue.o
                0x0000000008005edc                xQueueGenericSend
 .text.xQueueGenericSendFromISR
                0x0000000008006064       0xe8 ./Middlewares/Third_Party/FreeRTOS/Source/queue.o
                0x0000000008006064                xQueueGenericSendFromISR
 .text.xQueueReceive
                0x000000000800614c      0x16a ./Middlewares/Third_Party/FreeRTOS/Source/queue.o
                0x000000000800614c                xQueueReceive
 .text.prvCopyDataToQueue
                0x00000000080062b6       0xd6 ./Middlewares/Third_Party/FreeRTOS/Source/queue.o
 .text.prvCopyDataFromQueue
                0x000000000800638c       0x4c ./Middlewares/Third_Party/FreeRTOS/Source/queue.o
 .text.prvUnlockQueue
                0x00000000080063d8       0xbc ./Middlewares/Third_Party/FreeRTOS/Source/queue.o
 .text.prvIsQueueEmpty
                0x0000000008006494       0x2c ./Middlewares/Third_Party/FreeRTOS/Source/queue.o
 .text.prvIsQueueFull
                0x00000000080064c0       0x30 ./Middlewares/Third_Party/FreeRTOS/Source/queue.o
 .text.xTaskCreate
                0x00000000080064f0       0x90 ./Middlewares/Third_Party/FreeRTOS/Source/tasks.o
                0x00000000080064f0                xTaskCreate
 .text.prvInitialiseNewTask
                0x0000000008006580      0x104 ./Middlewares/Third_Party/FreeRTOS/Source/tasks.o
 .text.prvAddNewTaskToReadyList
                0x0000000008006684       0xc8 ./Middlewares/Third_Party/FreeRTOS/Source/tasks.o
 .text.vTaskDelay
                0x000000000800674c       0x4c ./Middlewares/Third_Party/FreeRTOS/Source/tasks.o
                0x000000000800674c                vTaskDelay
 .text.vTaskStartScheduler
                0x0000000008006798       0x6c ./Middlewares/Third_Party/FreeRTOS/Source/tasks.o
                0x0000000008006798                vTaskStartScheduler
 .text.vTaskSuspendAll
                0x0000000008006804       0x18 ./Middlewares/Third_Party/FreeRTOS/Source/tasks.o
                0x0000000008006804                vTaskSuspendAll
 .text.xTaskResumeAll
                0x000000000800681c      0x118 ./Middlewares/Third_Party/FreeRTOS/Source/tasks.o
                0x000000000800681c                xTaskResumeAll
 .text.xTaskIncrementTick
                0x0000000008006934      0x160 ./Middlewares/Third_Party/FreeRTOS/Source/tasks.o
                0x0000000008006934                xTaskIncrementTick
 .text.vTaskSwitchContext
                0x0000000008006a94       0xa4 ./Middlewares/Third_Party/FreeRTOS/Source/tasks.o
                0x0000000008006a94                vTaskSwitchContext
 .text.vTaskPlaceOnEventList
                0x0000000008006b38       0x3c ./Middlewares/Third_Party/FreeRTOS/Source/tasks.o
                0x0000000008006b38                vTaskPlaceOnEventList
 .text.xTaskRemoveFromEventList
                0x0000000008006b74       0xb8 ./Middlewares/Third_Party/FreeRTOS/Source/tasks.o
                0x0000000008006b74                xTaskRemoveFromEventList
 .text.vTaskInternalSetTimeOutState
                0x0000000008006c2c       0x28 ./Middlewares/Third_Party/FreeRTOS/Source/tasks.o
                0x0000000008006c2c                vTaskInternalSetTimeOutState
 .text.xTaskCheckForTimeOut
                0x0000000008006c54       0xa0 ./Middlewares/Third_Party/FreeRTOS/Source/tasks.o
                0x0000000008006c54                xTaskCheckForTimeOut
 .text.vTaskMissedYield
                0x0000000008006cf4       0x14 ./Middlewares/Third_Party/FreeRTOS/Source/tasks.o
                0x0000000008006cf4                vTaskMissedYield
 .text.prvIdleTask
                0x0000000008006d08       0x20 ./Middlewares/Third_Party/FreeRTOS/Source/tasks.o
 .text.prvInitialiseTaskLists
                0x0000000008006d28       0x88 ./Middlewares/Third_Party/FreeRTOS/Source/tasks.o
 .text.prvCheckTasksWaitingTermination
                0x0000000008006db0       0x5c ./Middlewares/Third_Party/FreeRTOS/Source/tasks.o
 .text.prvDeleteTCB
                0x0000000008006e0c       0x22 ./Middlewares/Third_Party/FreeRTOS/Source/tasks.o
 *fill*         0x0000000008006e2e        0x2 
 .text.prvResetNextTaskUnblockTime
                0x0000000008006e30       0x3c ./Middlewares/Third_Party/FreeRTOS/Source/tasks.o
 .text.xTaskGetSchedulerState
                0x0000000008006e6c       0x38 ./Middlewares/Third_Party/FreeRTOS/Source/tasks.o
                0x0000000008006e6c                xTaskGetSchedulerState
 .text.xTaskPriorityDisinherit
                0x0000000008006ea4       0xb8 ./Middlewares/Third_Party/FreeRTOS/Source/tasks.o
                0x0000000008006ea4                xTaskPriorityDisinherit
 .text.prvAddCurrentTaskToDelayedList
                0x0000000008006f5c       0xa8 ./Middlewares/Third_Party/FreeRTOS/Source/tasks.o
 .text.pxPortInitialiseStack
                0x0000000008007004       0x54 ./Middlewares/Third_Party/FreeRTOS/Source/portable/GCC/ARM_CM0/port.o
                0x0000000008007004                pxPortInitialiseStack
 .text.prvTaskExitError
                0x0000000008007058       0x30 ./Middlewares/Third_Party/FreeRTOS/Source/portable/GCC/ARM_CM0/port.o
 .text.SVC_Handler
                0x0000000008007088        0xa ./Middlewares/Third_Party/FreeRTOS/Source/portable/GCC/ARM_CM0/port.o
                0x0000000008007088                SVC_Handler
 *fill*         0x0000000008007092        0xe 
 .text.vPortStartFirstTask
                0x00000000080070a0       0x38 ./Middlewares/Third_Party/FreeRTOS/Source/portable/GCC/ARM_CM0/port.o
 .text.xPortStartScheduler
                0x00000000080070d8       0x48 ./Middlewares/Third_Party/FreeRTOS/Source/portable/GCC/ARM_CM0/port.o
                0x00000000080070d8                xPortStartScheduler
 .text.vPortYield
                0x0000000008007120       0x20 ./Middlewares/Third_Party/FreeRTOS/Source/portable/GCC/ARM_CM0/port.o
                0x0000000008007120                vPortYield
 .text.vPortEnterCritical
                0x0000000008007140       0x24 ./Middlewares/Third_Party/FreeRTOS/Source/portable/GCC/ARM_CM0/port.o
                0x0000000008007140                vPortEnterCritical
 .text.vPortExitCritical
                0x0000000008007164       0x30 ./Middlewares/Third_Party/FreeRTOS/Source/portable/GCC/ARM_CM0/port.o
                0x0000000008007164                vPortExitCritical
 .text.ulSetInterruptMaskFromISR
                0x0000000008007194        0xc ./Middlewares/Third_Party/FreeRTOS/Source/portable/GCC/ARM_CM0/port.o
                0x0000000008007194                ulSetInterruptMaskFromISR
 .text.vClearInterruptMaskFromISR
                0x00000000080071a0        0x8 ./Middlewares/Third_Party/FreeRTOS/Source/portable/GCC/ARM_CM0/port.o
                0x00000000080071a0                vClearInterruptMaskFromISR
 *fill*         0x00000000080071a8        0x8 
 .text.PendSV_Handler
                0x00000000080071b0       0x48 ./Middlewares/Third_Party/FreeRTOS/Source/portable/GCC/ARM_CM0/port.o
                0x00000000080071b0                PendSV_Handler
 .text.xPortSysTickHandler
                0x00000000080071f8       0x34 ./Middlewares/Third_Party/FreeRTOS/Source/portable/GCC/ARM_CM0/port.o
                0x00000000080071f8                xPortSysTickHandler
 .text.vPortSetupTimerInterrupt
                0x000000000800722c       0x44 ./Middlewares/Third_Party/FreeRTOS/Source/portable/GCC/ARM_CM0/port.o
                0x000000000800722c                vPortSetupTimerInterrupt
 .text.pvPortMalloc
                0x0000000008007270      0x158 ./Middlewares/Third_Party/FreeRTOS/Source/portable/MemMang/heap_4.o
                0x0000000008007270                pvPortMalloc
 .text.vPortFree
                0x00000000080073c8       0x9c ./Middlewares/Third_Party/FreeRTOS/Source/portable/MemMang/heap_4.o
                0x00000000080073c8                vPortFree
 .text.prvHeapInit
                0x0000000008007464       0xc0 ./Middlewares/Third_Party/FreeRTOS/Source/portable/MemMang/heap_4.o
 .text.prvInsertBlockIntoFreeList
                0x0000000008007524       0xb0 ./Middlewares/Third_Party/FreeRTOS/Source/portable/MemMang/heap_4.o
 .text.memset   0x00000000080075d4       0x10 C:/ST/STM32CubeIDE_1.13.1/STM32CubeIDE/plugins/com.st.stm32cube.ide.mcu.externaltools.gnu-tools-for-stm32.11.3.rel1.win32_1.1.1.202309131626/tools/bin/../lib/gcc/arm-none-eabi/11.3.1/../../../../arm-none-eabi/lib/thumb/v6-m/nofp\libc_nano.a(libc_a-memset.o)
                0x00000000080075d4                memset
 .text.__libc_init_array
                0x00000000080075e4       0x48 C:/ST/STM32CubeIDE_1.13.1/STM32CubeIDE/plugins/com.st.stm32cube.ide.mcu.externaltools.gnu-tools-for-stm32.11.3.rel1.win32_1.1.1.202309131626/tools/bin/../lib/gcc/arm-none-eabi/11.3.1/../../../../arm-none-eabi/lib/thumb/v6-m/nofp\libc_nano.a(libc_a-init.o)
                0x00000000080075e4                __libc_init_array
 .text.memcpy   0x000000000800762c       0x12 C:/ST/STM32CubeIDE_1.13.1/STM32CubeIDE/plugins/com.st.stm32cube.ide.mcu.externaltools.gnu-tools-for-stm32.11.3.rel1.win32_1.1.1.202309131626/tools/bin/../lib/gcc/arm-none-eabi/11.3.1/../../../../arm-none-eabi/lib/thumb/v6-m/nofp\libc_nano.a(libc_a-memcpy-stub.o)
                0x000000000800762c                memcpy
 *(.glue_7)
 .glue_7        0x000000000800763e        0x0 linker stubs
 *(.glue_7t)
 .glue_7t       0x000000000800763e        0x0 linker stubs
 *(.eh_frame)
 *fill*         0x000000000800763e        0x2 
 .eh_frame      0x0000000008007640        0x0 C:/ST/STM32CubeIDE_1.13.1/STM32CubeIDE/plugins/com.st.stm32cube.ide.mcu.externaltools.gnu-tools-for-stm32.11.3.rel1.win32_1.1.1.202309131626/tools/bin/../lib/gcc/arm-none-eabi/11.3.1/thumb/v6-m/nofp/crtbegin.o
 *(.init)
 .init          0x0000000008007640        0x4 C:/ST/STM32CubeIDE_1.13.1/STM32CubeIDE/plugins/com.st.stm32cube.ide.mcu.externaltools.gnu-tools-for-stm32.11.3.rel1.win32_1.1.1.202309131626/tools/bin/../lib/gcc/arm-none-eabi/11.3.1/thumb/v6-m/nofp/crti.o
                0x0000000008007640                _init
 .init          0x0000000008007644        0x8 C:/ST/STM32CubeIDE_1.13.1/STM32CubeIDE/plugins/com.st.stm32cube.ide.mcu.externaltools.gnu-tools-for-stm32.11.3.rel1.win32_1.1.1.202309131626/tools/bin/../lib/gcc/arm-none-eabi/11.3.1/thumb/v6-m/nofp/crtn.o
 *(.fini)
 .fini          0x000000000800764c        0x4 C:/ST/STM32CubeIDE_1.13.1/STM32CubeIDE/plugins/com.st.stm32cube.ide.mcu.externaltools.gnu-tools-for-stm32.11.3.rel1.win32_1.1.1.202309131626/tools/bin/../lib/gcc/arm-none-eabi/11.3.1/thumb/v6-m/nofp/crti.o
                0x000000000800764c                _fini
 .fini          0x0000000008007650        0x8 C:/ST/STM32CubeIDE_1.13.1/STM32CubeIDE/plugins/com.st.stm32cube.ide.mcu.externaltools.gnu-tools-for-stm32.11.3.rel1.win32_1.1.1.202309131626/tools/bin/../lib/gcc/arm-none-eabi/11.3.1/thumb/v6-m/nofp/crtn.o
                0x0000000008007658                . = ALIGN (0x4)
                0x0000000008007658                _etext = .

.vfp11_veneer   0x0000000008007658        0x0
 .vfp11_veneer  0x0000000008007658        0x0 linker stubs

.v4_bx          0x0000000008007658        0x0
 .v4_bx         0x0000000008007658        0x0 linker stubs

.iplt           0x0000000008007658        0x0
 .iplt          0x0000000008007658        0x0 C:/ST/STM32CubeIDE_1.13.1/STM32CubeIDE/plugins/com.st.stm32cube.ide.mcu.externaltools.gnu-tools-for-stm32.11.3.rel1.win32_1.1.1.202309131626/tools/bin/../lib/gcc/arm-none-eabi/11.3.1/thumb/v6-m/nofp/crtbegin.o

.rodata         0x0000000008007658      0x128
                0x0000000008007658                . = ALIGN (0x4)
 *(.rodata)
 .rodata        0x0000000008007658       0x20 ./Core/Src/app_freertos.o
 .rodata        0x0000000008007678       0x24 ./Drivers/HC05/tasks_HC05.o
 .rodata        0x000000000800769c        0x5 ./Middlewares/Third_Party/FreeRTOS/Source/tasks.o
 *(.rodata*)
 *fill*         0x00000000080076a1        0x3 
 .rodata.AHBPrescTable
                0x00000000080076a4       0x40 ./Core/Src/system_stm32g0xx.o
                0x00000000080076a4                AHBPrescTable
 .rodata.APBPrescTable
                0x00000000080076e4       0x20 ./Core/Src/system_stm32g0xx.o
                0x00000000080076e4                APBPrescTable
 .rodata.HAL_TIM_PWM_ConfigChannel
                0x0000000008007704       0x54 ./Drivers/STM32G0xx_HAL_Driver/Src/stm32g0xx_hal_tim.o
 .rodata.UARTPrescTable
                0x0000000008007758       0x18 ./Drivers/STM32G0xx_HAL_Driver/Src/stm32g0xx_hal_uart.o
                0x0000000008007758                UARTPrescTable
 .rodata.numerator.1
                0x0000000008007770        0x8 ./Drivers/STM32G0xx_HAL_Driver/Src/stm32g0xx_hal_uart_ex.o
 .rodata.denominator.0
                0x0000000008007778        0x8 ./Drivers/STM32G0xx_HAL_Driver/Src/stm32g0xx_hal_uart_ex.o
                0x0000000008007780                . = ALIGN (0x4)

.rel.dyn        0x0000000008007780        0x0
 .rel.iplt      0x0000000008007780        0x0 C:/ST/STM32CubeIDE_1.13.1/STM32CubeIDE/plugins/com.st.stm32cube.ide.mcu.externaltools.gnu-tools-for-stm32.11.3.rel1.win32_1.1.1.202309131626/tools/bin/../lib/gcc/arm-none-eabi/11.3.1/thumb/v6-m/nofp/crtbegin.o

.ARM.extab      0x0000000008007780        0x0
                0x0000000008007780                . = ALIGN (0x4)
 *(.ARM.extab* .gnu.linkonce.armextab.*)
                0x0000000008007780                . = ALIGN (0x4)

.ARM            0x0000000008007780        0x0
                0x0000000008007780                . = ALIGN (0x4)
                0x0000000008007780                __exidx_start = .
 *(.ARM.exidx*)
                0x0000000008007780                __exidx_end = .
                0x0000000008007780                . = ALIGN (0x4)

.preinit_array  0x0000000008007780        0x0
                0x0000000008007780                . = ALIGN (0x4)
                0x0000000008007780                PROVIDE (__preinit_array_start = .)
 *(.preinit_array*)
                0x0000000008007780                PROVIDE (__preinit_array_end = .)
                0x0000000008007780                . = ALIGN (0x4)

.init_array     0x0000000008007780        0x4
                0x0000000008007780                . = ALIGN (0x4)
                0x0000000008007780                PROVIDE (__init_array_start = .)
 *(SORT_BY_NAME(.init_array.*))
 *(.init_array*)
 .init_array    0x0000000008007780        0x4 C:/ST/STM32CubeIDE_1.13.1/STM32CubeIDE/plugins/com.st.stm32cube.ide.mcu.externaltools.gnu-tools-for-stm32.11.3.rel1.win32_1.1.1.202309131626/tools/bin/../lib/gcc/arm-none-eabi/11.3.1/thumb/v6-m/nofp/crtbegin.o
                0x0000000008007784                PROVIDE (__init_array_end = .)
                0x0000000008007784                . = ALIGN (0x4)

.fini_array     0x0000000008007784        0x4
                0x0000000008007784                . = ALIGN (0x4)
                [!provide]                        PROVIDE (__fini_array_start = .)
 *(SORT_BY_NAME(.fini_array.*))
 *(.fini_array*)
 .fini_array    0x0000000008007784        0x4 C:/ST/STM32CubeIDE_1.13.1/STM32CubeIDE/plugins/com.st.stm32cube.ide.mcu.externaltools.gnu-tools-for-stm32.11.3.rel1.win32_1.1.1.202309131626/tools/bin/../lib/gcc/arm-none-eabi/11.3.1/thumb/v6-m/nofp/crtbegin.o
                [!provide]                        PROVIDE (__fini_array_end = .)
                0x0000000008007788                . = ALIGN (0x4)
                0x0000000008007788                _sidata = LOADADDR (.data)

.data           0x0000000020000000       0x20 load address 0x0000000008007788
                0x0000000020000000                . = ALIGN (0x4)
                0x0000000020000000                _sdata = .
 *(.data)
 *(.data*)
 .data.SystemCoreClock
                0x0000000020000000        0x4 ./Core/Src/system_stm32g0xx.o
                0x0000000020000000                SystemCoreClock
 .data.input_char.0
                0x0000000020000004        0xe ./Drivers/HC05/tasks_HC05.o
 *fill*         0x0000000020000012        0x2 
 .data.uwTickPrio
                0x0000000020000014        0x4 ./Drivers/STM32G0xx_HAL_Driver/Src/stm32g0xx_hal.o
                0x0000000020000014                uwTickPrio
 .data.uwTickFreq
                0x0000000020000018        0x1 ./Drivers/STM32G0xx_HAL_Driver/Src/stm32g0xx_hal.o
                0x0000000020000018                uwTickFreq
 *fill*         0x0000000020000019        0x3 
 .data.uxCriticalNesting
                0x000000002000001c        0x4 ./Middlewares/Third_Party/FreeRTOS/Source/portable/GCC/ARM_CM0/port.o
 *(.RamFunc)
 *(.RamFunc*)
                0x0000000020000020                . = ALIGN (0x4)
                0x0000000020000020                _edata = .

.igot.plt       0x0000000020000020        0x0 load address 0x00000000080077a8
 .igot.plt      0x0000000020000020        0x0 C:/ST/STM32CubeIDE_1.13.1/STM32CubeIDE/plugins/com.st.stm32cube.ide.mcu.externaltools.gnu-tools-for-stm32.11.3.rel1.win32_1.1.1.202309131626/tools/bin/../lib/gcc/arm-none-eabi/11.3.1/thumb/v6-m/nofp/crtbegin.o
                0x0000000020000020                . = ALIGN (0x4)

.bss            0x0000000020000020     0x7dec load address 0x00000000080077a8
                0x0000000020000020                _sbss = .
                0x0000000020000020                __bss_start__ = _sbss
 *(.bss)
 .bss           0x0000000020000020       0x1c C:/ST/STM32CubeIDE_1.13.1/STM32CubeIDE/plugins/com.st.stm32cube.ide.mcu.externaltools.gnu-tools-for-stm32.11.3.rel1.win32_1.1.1.202309131626/tools/bin/../lib/gcc/arm-none-eabi/11.3.1/thumb/v6-m/nofp/crtbegin.o
 *(.bss*)
 .bss.defaultTaskHandle
                0x000000002000003c        0x4 ./Core/Src/app_freertos.o
                0x000000002000003c                defaultTaskHandle
 .bss.hi2c2     0x0000000020000040       0x54 ./Core/Src/i2c.o
                0x0000000020000040                hi2c2
 .bss.htim1     0x0000000020000094       0x4c ./Core/Src/tim.o
                0x0000000020000094                htim1
 .bss.htim3     0x00000000200000e0       0x4c ./Core/Src/tim.o
                0x00000000200000e0                htim3
 .bss.htim6     0x000000002000012c       0x4c ./Core/Src/tim.o
                0x000000002000012c                htim6
 .bss.htim7     0x0000000020000178       0x4c ./Core/Src/tim.o
                0x0000000020000178                htim7
 .bss.htim14    0x00000000200001c4       0x4c ./Core/Src/tim.o
                0x00000000200001c4                htim14
 .bss.htim15    0x0000000020000210       0x4c ./Core/Src/tim.o
                0x0000000020000210                htim15
 .bss.htim16    0x000000002000025c       0x4c ./Core/Src/tim.o
                0x000000002000025c                htim16
 .bss.htim17    0x00000000200002a8       0x4c ./Core/Src/tim.o
                0x00000000200002a8                htim17
 .bss.huart1    0x00000000200002f4       0x94 ./Core/Src/usart.o
                0x00000000200002f4                huart1
 .bss.huart2    0x0000000020000388       0x94 ./Core/Src/usart.o
                0x0000000020000388                huart2
 .bss.huart3    0x000000002000041c       0x94 ./Core/Src/usart.o
                0x000000002000041c                huart3
 .bss.q_print_BT
                0x00000000200004b0        0x4 ./Drivers/HC05/tasks_HC05.o
                0x00000000200004b0                q_print_BT
 .bss.q_read_BT
                0x00000000200004b4        0x4 ./Drivers/HC05/tasks_HC05.o
                0x00000000200004b4                q_read_BT
 .bss.buffer    0x00000000200004b8        0x1 ./Drivers/HC05/tasks_HC05.o
                0x00000000200004b8                buffer
 *fill*         0x00000000200004b9        0x3 
 .bss.uwTick    0x00000000200004bc        0x4 ./Drivers/STM32G0xx_HAL_Driver/Src/stm32g0xx_hal.o
                0x00000000200004bc                uwTick
 .bss.pxCurrentTCB
                0x00000000200004c0        0x4 ./Middlewares/Third_Party/FreeRTOS/Source/tasks.o
                0x00000000200004c0                pxCurrentTCB
 .bss.pxReadyTasksLists
                0x00000000200004c4       0x8c ./Middlewares/Third_Party/FreeRTOS/Source/tasks.o
 .bss.xDelayedTaskList1
                0x0000000020000550       0x14 ./Middlewares/Third_Party/FreeRTOS/Source/tasks.o
 .bss.xDelayedTaskList2
                0x0000000020000564       0x14 ./Middlewares/Third_Party/FreeRTOS/Source/tasks.o
 .bss.pxDelayedTaskList
                0x0000000020000578        0x4 ./Middlewares/Third_Party/FreeRTOS/Source/tasks.o
 .bss.pxOverflowDelayedTaskList
                0x000000002000057c        0x4 ./Middlewares/Third_Party/FreeRTOS/Source/tasks.o
 .bss.xPendingReadyList
                0x0000000020000580       0x14 ./Middlewares/Third_Party/FreeRTOS/Source/tasks.o
 .bss.xTasksWaitingTermination
                0x0000000020000594       0x14 ./Middlewares/Third_Party/FreeRTOS/Source/tasks.o
 .bss.uxDeletedTasksWaitingCleanUp
                0x00000000200005a8        0x4 ./Middlewares/Third_Party/FreeRTOS/Source/tasks.o
 .bss.xSuspendedTaskList
                0x00000000200005ac       0x14 ./Middlewares/Third_Party/FreeRTOS/Source/tasks.o
 .bss.uxCurrentNumberOfTasks
                0x00000000200005c0        0x4 ./Middlewares/Third_Party/FreeRTOS/Source/tasks.o
 .bss.xTickCount
                0x00000000200005c4        0x4 ./Middlewares/Third_Party/FreeRTOS/Source/tasks.o
 .bss.uxTopReadyPriority
                0x00000000200005c8        0x4 ./Middlewares/Third_Party/FreeRTOS/Source/tasks.o
 .bss.xSchedulerRunning
                0x00000000200005cc        0x4 ./Middlewares/Third_Party/FreeRTOS/Source/tasks.o
 .bss.xPendedTicks
                0x00000000200005d0        0x4 ./Middlewares/Third_Party/FreeRTOS/Source/tasks.o
 .bss.xYieldPending
                0x00000000200005d4        0x4 ./Middlewares/Third_Party/FreeRTOS/Source/tasks.o
 .bss.xNumOfOverflows
                0x00000000200005d8        0x4 ./Middlewares/Third_Party/FreeRTOS/Source/tasks.o
 .bss.uxTaskNumber
                0x00000000200005dc        0x4 ./Middlewares/Third_Party/FreeRTOS/Source/tasks.o
 .bss.xNextTaskUnblockTime
                0x00000000200005e0        0x4 ./Middlewares/Third_Party/FreeRTOS/Source/tasks.o
 .bss.xIdleTaskHandle
                0x00000000200005e4        0x4 ./Middlewares/Third_Party/FreeRTOS/Source/tasks.o
 .bss.uxSchedulerSuspended
                0x00000000200005e8        0x4 ./Middlewares/Third_Party/FreeRTOS/Source/tasks.o
 .bss.ucHeap    0x00000000200005ec     0x7800 ./Middlewares/Third_Party/FreeRTOS/Source/portable/MemMang/heap_4.o
 .bss.xStart    0x0000000020007dec        0x8 ./Middlewares/Third_Party/FreeRTOS/Source/portable/MemMang/heap_4.o
 .bss.pxEnd     0x0000000020007df4        0x4 ./Middlewares/Third_Party/FreeRTOS/Source/portable/MemMang/heap_4.o
 .bss.xFreeBytesRemaining
                0x0000000020007df8        0x4 ./Middlewares/Third_Party/FreeRTOS/Source/portable/MemMang/heap_4.o
 .bss.xMinimumEverFreeBytesRemaining
                0x0000000020007dfc        0x4 ./Middlewares/Third_Party/FreeRTOS/Source/portable/MemMang/heap_4.o
 .bss.xNumberOfSuccessfulAllocations
                0x0000000020007e00        0x4 ./Middlewares/Third_Party/FreeRTOS/Source/portable/MemMang/heap_4.o
 .bss.xNumberOfSuccessfulFrees
                0x0000000020007e04        0x4 ./Middlewares/Third_Party/FreeRTOS/Source/portable/MemMang/heap_4.o
 .bss.xBlockAllocatedBit
                0x0000000020007e08        0x4 ./Middlewares/Third_Party/FreeRTOS/Source/portable/MemMang/heap_4.o
 *(COMMON)
                0x0000000020007e0c                . = ALIGN (0x4)
                0x0000000020007e0c                _ebss = .
                0x0000000020007e0c                __bss_end__ = _ebss

._user_heap_stack
                0x0000000020007e0c      0x604 load address 0x00000000080077a8
                0x0000000020007e10                . = ALIGN (0x8)
 *fill*         0x0000000020007e0c        0x4 
                [!provide]                        PROVIDE (end = .)
                0x0000000020007e10                PROVIDE (_end = .)
                0x0000000020008010                . = (. + _Min_Heap_Size)
 *fill*         0x0000000020007e10      0x200 
                0x0000000020008410                . = (. + _Min_Stack_Size)
 *fill*         0x0000000020008010      0x400 
                0x0000000020008410                . = ALIGN (0x8)

/DISCARD/
 libc.a(*)
 libm.a(*)
 libgcc.a(*)

.ARM.attributes
                0x0000000000000000       0x28
 *(.ARM.attributes)
 .ARM.attributes
                0x0000000000000000       0x1e C:/ST/STM32CubeIDE_1.13.1/STM32CubeIDE/plugins/com.st.stm32cube.ide.mcu.externaltools.gnu-tools-for-stm32.11.3.rel1.win32_1.1.1.202309131626/tools/bin/../lib/gcc/arm-none-eabi/11.3.1/thumb/v6-m/nofp/crti.o
 .ARM.attributes
                0x000000000000001e       0x2c C:/ST/STM32CubeIDE_1.13.1/STM32CubeIDE/plugins/com.st.stm32cube.ide.mcu.externaltools.gnu-tools-for-stm32.11.3.rel1.win32_1.1.1.202309131626/tools/bin/../lib/gcc/arm-none-eabi/11.3.1/thumb/v6-m/nofp/crtbegin.o
 .ARM.attributes
                0x000000000000004a       0x2c ./Core/Src/app_freertos.o
 .ARM.attributes
                0x0000000000000076       0x2c ./Core/Src/gpio.o
 .ARM.attributes
                0x00000000000000a2       0x2c ./Core/Src/i2c.o
 .ARM.attributes
                0x00000000000000ce       0x2c ./Core/Src/main.o
 .ARM.attributes
                0x00000000000000fa       0x2c ./Core/Src/stm32g0xx_hal_msp.o
 .ARM.attributes
                0x0000000000000126       0x2c ./Core/Src/stm32g0xx_it.o
 .ARM.attributes
                0x0000000000000152       0x2c ./Core/Src/system_stm32g0xx.o
 .ARM.attributes
                0x000000000000017e       0x2c ./Core/Src/tim.o
 .ARM.attributes
                0x00000000000001aa       0x2c ./Core/Src/usart.o
 .ARM.attributes
                0x00000000000001d6       0x22 ./Core/Startup/startup_stm32g070rbtx.o
 .ARM.attributes
                0x00000000000001f8       0x2c ./Drivers/HC05/tasks_HC05.o
 .ARM.attributes
                0x0000000000000224       0x2c ./Drivers/STM32G0xx_HAL_Driver/Src/stm32g0xx_hal.o
 .ARM.attributes
                0x0000000000000250       0x2c ./Drivers/STM32G0xx_HAL_Driver/Src/stm32g0xx_hal_cortex.o
 .ARM.attributes
                0x000000000000027c       0x2c ./Drivers/STM32G0xx_HAL_Driver/Src/stm32g0xx_hal_dma.o
 .ARM.attributes
                0x00000000000002a8       0x2c ./Drivers/STM32G0xx_HAL_Driver/Src/stm32g0xx_hal_gpio.o
 .ARM.attributes
                0x00000000000002d4       0x2c ./Drivers/STM32G0xx_HAL_Driver/Src/stm32g0xx_hal_i2c.o
 .ARM.attributes
                0x0000000000000300       0x2c ./Drivers/STM32G0xx_HAL_Driver/Src/stm32g0xx_hal_i2c_ex.o
 .ARM.attributes
                0x000000000000032c       0x2c ./Drivers/STM32G0xx_HAL_Driver/Src/stm32g0xx_hal_pwr_ex.o
 .ARM.attributes
                0x0000000000000358       0x2c ./Drivers/STM32G0xx_HAL_Driver/Src/stm32g0xx_hal_rcc.o
 .ARM.attributes
                0x0000000000000384       0x2c ./Drivers/STM32G0xx_HAL_Driver/Src/stm32g0xx_hal_rcc_ex.o
 .ARM.attributes
                0x00000000000003b0       0x2c ./Drivers/STM32G0xx_HAL_Driver/Src/stm32g0xx_hal_tim.o
 .ARM.attributes
                0x00000000000003dc       0x2c ./Drivers/STM32G0xx_HAL_Driver/Src/stm32g0xx_hal_tim_ex.o
 .ARM.attributes
                0x0000000000000408       0x2c ./Drivers/STM32G0xx_HAL_Driver/Src/stm32g0xx_hal_uart.o
 .ARM.attributes
                0x0000000000000434       0x2c ./Drivers/STM32G0xx_HAL_Driver/Src/stm32g0xx_hal_uart_ex.o
 .ARM.attributes
                0x0000000000000460       0x2c ./Middlewares/Third_Party/FreeRTOS/Source/CMSIS_RTOS/cmsis_os.o
 .ARM.attributes
                0x000000000000048c       0x2c ./Middlewares/Third_Party/FreeRTOS/Source/list.o
 .ARM.attributes
                0x00000000000004b8       0x2c ./Middlewares/Third_Party/FreeRTOS/Source/queue.o
 .ARM.attributes
                0x00000000000004e4       0x2c ./Middlewares/Third_Party/FreeRTOS/Source/tasks.o
 .ARM.attributes
                0x0000000000000510       0x2c ./Middlewares/Third_Party/FreeRTOS/Source/portable/GCC/ARM_CM0/port.o
 .ARM.attributes
                0x000000000000053c       0x2c ./Middlewares/Third_Party/FreeRTOS/Source/portable/MemMang/heap_4.o
 .ARM.attributes
                0x0000000000000568       0x2c C:/ST/STM32CubeIDE_1.13.1/STM32CubeIDE/plugins/com.st.stm32cube.ide.mcu.externaltools.gnu-tools-for-stm32.11.3.rel1.win32_1.1.1.202309131626/tools/bin/../lib/gcc/arm-none-eabi/11.3.1/../../../../arm-none-eabi/lib/thumb/v6-m/nofp\libc_nano.a(libc_a-memset.o)
 .ARM.attributes
                0x0000000000000594       0x2c C:/ST/STM32CubeIDE_1.13.1/STM32CubeIDE/plugins/com.st.stm32cube.ide.mcu.externaltools.gnu-tools-for-stm32.11.3.rel1.win32_1.1.1.202309131626/tools/bin/../lib/gcc/arm-none-eabi/11.3.1/../../../../arm-none-eabi/lib/thumb/v6-m/nofp\libc_nano.a(libc_a-init.o)
 .ARM.attributes
                0x00000000000005c0       0x2c C:/ST/STM32CubeIDE_1.13.1/STM32CubeIDE/plugins/com.st.stm32cube.ide.mcu.externaltools.gnu-tools-for-stm32.11.3.rel1.win32_1.1.1.202309131626/tools/bin/../lib/gcc/arm-none-eabi/11.3.1/../../../../arm-none-eabi/lib/thumb/v6-m/nofp\libc_nano.a(libc_a-memcpy-stub.o)
 .ARM.attributes
                0x00000000000005ec       0x1c C:/ST/STM32CubeIDE_1.13.1/STM32CubeIDE/plugins/com.st.stm32cube.ide.mcu.externaltools.gnu-tools-for-stm32.11.3.rel1.win32_1.1.1.202309131626/tools/bin/../lib/gcc/arm-none-eabi/11.3.1/../../../../arm-none-eabi/lib/thumb/v6-m/nofp\libc_nano.a(libc_a-strlen.o)
 .ARM.attributes
                0x0000000000000608       0x1e C:/ST/STM32CubeIDE_1.13.1/STM32CubeIDE/plugins/com.st.stm32cube.ide.mcu.externaltools.gnu-tools-for-stm32.11.3.rel1.win32_1.1.1.202309131626/tools/bin/../lib/gcc/arm-none-eabi/11.3.1/thumb/v6-m/nofp\libgcc.a(_udivsi3.o)
 .ARM.attributes
                0x0000000000000626       0x1e C:/ST/STM32CubeIDE_1.13.1/STM32CubeIDE/plugins/com.st.stm32cube.ide.mcu.externaltools.gnu-tools-for-stm32.11.3.rel1.win32_1.1.1.202309131626/tools/bin/../lib/gcc/arm-none-eabi/11.3.1/thumb/v6-m/nofp\libgcc.a(_divsi3.o)
 .ARM.attributes
                0x0000000000000644       0x1e C:/ST/STM32CubeIDE_1.13.1/STM32CubeIDE/plugins/com.st.stm32cube.ide.mcu.externaltools.gnu-tools-for-stm32.11.3.rel1.win32_1.1.1.202309131626/tools/bin/../lib/gcc/arm-none-eabi/11.3.1/thumb/v6-m/nofp\libgcc.a(_dvmd_tls.o)
 .ARM.attributes
                0x0000000000000662       0x1e C:/ST/STM32CubeIDE_1.13.1/STM32CubeIDE/plugins/com.st.stm32cube.ide.mcu.externaltools.gnu-tools-for-stm32.11.3.rel1.win32_1.1.1.202309131626/tools/bin/../lib/gcc/arm-none-eabi/11.3.1/thumb/v6-m/nofp/crtn.o
OUTPUT(Prog_robot.elf elf32-littlearm)
LOAD linker stubs
LOAD C:/ST/STM32CubeIDE_1.13.1/STM32CubeIDE/plugins/com.st.stm32cube.ide.mcu.externaltools.gnu-tools-for-stm32.11.3.rel1.win32_1.1.1.202309131626/tools/bin/../lib/gcc/arm-none-eabi/11.3.1/../../../../arm-none-eabi/lib/thumb/v6-m/nofp\libc.a
LOAD C:/ST/STM32CubeIDE_1.13.1/STM32CubeIDE/plugins/com.st.stm32cube.ide.mcu.externaltools.gnu-tools-for-stm32.11.3.rel1.win32_1.1.1.202309131626/tools/bin/../lib/gcc/arm-none-eabi/11.3.1/../../../../arm-none-eabi/lib/thumb/v6-m/nofp\libm.a
LOAD C:/ST/STM32CubeIDE_1.13.1/STM32CubeIDE/plugins/com.st.stm32cube.ide.mcu.externaltools.gnu-tools-for-stm32.11.3.rel1.win32_1.1.1.202309131626/tools/bin/../lib/gcc/arm-none-eabi/11.3.1/thumb/v6-m/nofp\libgcc.a

.comment        0x0000000000000000       0x43
 .comment       0x0000000000000000       0x43 C:/ST/STM32CubeIDE_1.13.1/STM32CubeIDE/plugins/com.st.stm32cube.ide.mcu.externaltools.gnu-tools-for-stm32.11.3.rel1.win32_1.1.1.202309131626/tools/bin/../lib/gcc/arm-none-eabi/11.3.1/thumb/v6-m/nofp/crtbegin.o
                                         0x44 (size before relaxing)
 .comment       0x0000000000000043       0x44 ./Core/Src/app_freertos.o
 .comment       0x0000000000000043       0x44 ./Core/Src/gpio.o
 .comment       0x0000000000000043       0x44 ./Core/Src/i2c.o
 .comment       0x0000000000000043       0x44 ./Core/Src/main.o
 .comment       0x0000000000000043       0x44 ./Core/Src/stm32g0xx_hal_msp.o
 .comment       0x0000000000000043       0x44 ./Core/Src/stm32g0xx_it.o
 .comment       0x0000000000000043       0x44 ./Core/Src/system_stm32g0xx.o
 .comment       0x0000000000000043       0x44 ./Core/Src/tim.o
 .comment       0x0000000000000043       0x44 ./Core/Src/usart.o
 .comment       0x0000000000000043       0x44 ./Drivers/HC05/tasks_HC05.o
 .comment       0x0000000000000043       0x44 ./Drivers/STM32G0xx_HAL_Driver/Src/stm32g0xx_hal.o
 .comment       0x0000000000000043       0x44 ./Drivers/STM32G0xx_HAL_Driver/Src/stm32g0xx_hal_cortex.o
 .comment       0x0000000000000043       0x44 ./Drivers/STM32G0xx_HAL_Driver/Src/stm32g0xx_hal_dma.o
 .comment       0x0000000000000043       0x44 ./Drivers/STM32G0xx_HAL_Driver/Src/stm32g0xx_hal_gpio.o
 .comment       0x0000000000000043       0x44 ./Drivers/STM32G0xx_HAL_Driver/Src/stm32g0xx_hal_i2c.o
 .comment       0x0000000000000043       0x44 ./Drivers/STM32G0xx_HAL_Driver/Src/stm32g0xx_hal_i2c_ex.o
 .comment       0x0000000000000043       0x44 ./Drivers/STM32G0xx_HAL_Driver/Src/stm32g0xx_hal_pwr_ex.o
 .comment       0x0000000000000043       0x44 ./Drivers/STM32G0xx_HAL_Driver/Src/stm32g0xx_hal_rcc.o
 .comment       0x0000000000000043       0x44 ./Drivers/STM32G0xx_HAL_Driver/Src/stm32g0xx_hal_rcc_ex.o
 .comment       0x0000000000000043       0x44 ./Drivers/STM32G0xx_HAL_Driver/Src/stm32g0xx_hal_tim.o
 .comment       0x0000000000000043       0x44 ./Drivers/STM32G0xx_HAL_Driver/Src/stm32g0xx_hal_tim_ex.o
 .comment       0x0000000000000043       0x44 ./Drivers/STM32G0xx_HAL_Driver/Src/stm32g0xx_hal_uart.o
 .comment       0x0000000000000043       0x44 ./Drivers/STM32G0xx_HAL_Driver/Src/stm32g0xx_hal_uart_ex.o
 .comment       0x0000000000000043       0x44 ./Middlewares/Third_Party/FreeRTOS/Source/CMSIS_RTOS/cmsis_os.o
 .comment       0x0000000000000043       0x44 ./Middlewares/Third_Party/FreeRTOS/Source/list.o
 .comment       0x0000000000000043       0x44 ./Middlewares/Third_Party/FreeRTOS/Source/queue.o
 .comment       0x0000000000000043       0x44 ./Middlewares/Third_Party/FreeRTOS/Source/tasks.o
 .comment       0x0000000000000043       0x44 ./Middlewares/Third_Party/FreeRTOS/Source/portable/GCC/ARM_CM0/port.o
 .comment       0x0000000000000043       0x44 ./Middlewares/Third_Party/FreeRTOS/Source/portable/MemMang/heap_4.o

.debug_info     0x0000000000000000    0x190d2
 .debug_info    0x0000000000000000      0x2d7 ./Core/Src/app_freertos.o
 .debug_info    0x00000000000002d7      0x532 ./Core/Src/gpio.o
 .debug_info    0x0000000000000809      0xa57 ./Core/Src/i2c.o
 .debug_info    0x0000000000001260      0x3f2 ./Core/Src/main.o
 .debug_info    0x0000000000001652      0x35c ./Core/Src/stm32g0xx_hal_msp.o
 .debug_info    0x00000000000019ae      0x8d6 ./Core/Src/stm32g0xx_it.o
 .debug_info    0x0000000000002284      0x316 ./Core/Src/system_stm32g0xx.o
 .debug_info    0x000000000000259a     0x11e3 ./Core/Src/tim.o
 .debug_info    0x000000000000377d      0xdb7 ./Core/Src/usart.o
 .debug_info    0x0000000000004534       0x23 ./Core/Startup/startup_stm32g070rbtx.o
 .debug_info    0x0000000000004557      0xb15 ./Drivers/HC05/tasks_HC05.o
 .debug_info    0x000000000000506c      0x8ef ./Drivers/STM32G0xx_HAL_Driver/Src/stm32g0xx_hal.o
 .debug_info    0x000000000000595b      0x875 ./Drivers/STM32G0xx_HAL_Driver/Src/stm32g0xx_hal_cortex.o
 .debug_info    0x00000000000061d0      0x86b ./Drivers/STM32G0xx_HAL_Driver/Src/stm32g0xx_hal_dma.o
 .debug_info    0x0000000000006a3b      0x59d ./Drivers/STM32G0xx_HAL_Driver/Src/stm32g0xx_hal_gpio.o
 .debug_info    0x0000000000006fd8     0x2146 ./Drivers/STM32G0xx_HAL_Driver/Src/stm32g0xx_hal_i2c.o
 .debug_info    0x000000000000911e      0x9e5 ./Drivers/STM32G0xx_HAL_Driver/Src/stm32g0xx_hal_i2c_ex.o
 .debug_info    0x0000000000009b03      0x496 ./Drivers/STM32G0xx_HAL_Driver/Src/stm32g0xx_hal_pwr_ex.o
 .debug_info    0x0000000000009f99      0xad7 ./Drivers/STM32G0xx_HAL_Driver/Src/stm32g0xx_hal_rcc.o
 .debug_info    0x000000000000aa70      0x737 ./Drivers/STM32G0xx_HAL_Driver/Src/stm32g0xx_hal_rcc_ex.o
 .debug_info    0x000000000000b1a7     0x2b84 ./Drivers/STM32G0xx_HAL_Driver/Src/stm32g0xx_hal_tim.o
 .debug_info    0x000000000000dd2b     0x18b8 ./Drivers/STM32G0xx_HAL_Driver/Src/stm32g0xx_hal_tim_ex.o
 .debug_info    0x000000000000f5e3     0x46e2 ./Drivers/STM32G0xx_HAL_Driver/Src/stm32g0xx_hal_uart.o
 .debug_info    0x0000000000013cc5      0xf8b ./Drivers/STM32G0xx_HAL_Driver/Src/stm32g0xx_hal_uart_ex.o
 .debug_info    0x0000000000014c50     0x1692 ./Middlewares/Third_Party/FreeRTOS/Source/CMSIS_RTOS/cmsis_os.o
 .debug_info    0x00000000000162e2      0x2af ./Middlewares/Third_Party/FreeRTOS/Source/list.o
 .debug_info    0x0000000000016591     0x100b ./Middlewares/Third_Party/FreeRTOS/Source/queue.o
 .debug_info    0x000000000001759c     0x147a ./Middlewares/Third_Party/FreeRTOS/Source/tasks.o
 .debug_info    0x0000000000018a16      0x289 ./Middlewares/Third_Party/FreeRTOS/Source/portable/GCC/ARM_CM0/port.o
 .debug_info    0x0000000000018c9f      0x433 ./Middlewares/Third_Party/FreeRTOS/Source/portable/MemMang/heap_4.o

.debug_abbrev   0x0000000000000000     0x3e9f
 .debug_abbrev  0x0000000000000000      0x166 ./Core/Src/app_freertos.o
 .debug_abbrev  0x0000000000000166      0x17a ./Core/Src/gpio.o
 .debug_abbrev  0x00000000000002e0      0x21b ./Core/Src/i2c.o
 .debug_abbrev  0x00000000000004fb      0x1b9 ./Core/Src/main.o
 .debug_abbrev  0x00000000000006b4      0x11e ./Core/Src/stm32g0xx_hal_msp.o
 .debug_abbrev  0x00000000000007d2      0x20e ./Core/Src/stm32g0xx_it.o
 .debug_abbrev  0x00000000000009e0      0x119 ./Core/Src/system_stm32g0xx.o
 .debug_abbrev  0x0000000000000af9      0x25a ./Core/Src/tim.o
 .debug_abbrev  0x0000000000000d53      0x233 ./Core/Src/usart.o
 .debug_abbrev  0x0000000000000f86       0x12 ./Core/Startup/startup_stm32g070rbtx.o
 .debug_abbrev  0x0000000000000f98      0x210 ./Drivers/HC05/tasks_HC05.o
 .debug_abbrev  0x00000000000011a8      0x2b4 ./Drivers/STM32G0xx_HAL_Driver/Src/stm32g0xx_hal.o
 .debug_abbrev  0x000000000000145c      0x2ab ./Drivers/STM32G0xx_HAL_Driver/Src/stm32g0xx_hal_cortex.o
 .debug_abbrev  0x0000000000001707      0x1e1 ./Drivers/STM32G0xx_HAL_Driver/Src/stm32g0xx_hal_dma.o
 .debug_abbrev  0x00000000000018e8      0x1c3 ./Drivers/STM32G0xx_HAL_Driver/Src/stm32g0xx_hal_gpio.o
 .debug_abbrev  0x0000000000001aab      0x291 ./Drivers/STM32G0xx_HAL_Driver/Src/stm32g0xx_hal_i2c.o
 .debug_abbrev  0x0000000000001d3c      0x1ea ./Drivers/STM32G0xx_HAL_Driver/Src/stm32g0xx_hal_i2c_ex.o
 .debug_abbrev  0x0000000000001f26      0x1d7 ./Drivers/STM32G0xx_HAL_Driver/Src/stm32g0xx_hal_pwr_ex.o
 .debug_abbrev  0x00000000000020fd      0x2a9 ./Drivers/STM32G0xx_HAL_Driver/Src/stm32g0xx_hal_rcc.o
 .debug_abbrev  0x00000000000023a6      0x229 ./Drivers/STM32G0xx_HAL_Driver/Src/stm32g0xx_hal_rcc_ex.o
 .debug_abbrev  0x00000000000025cf      0x29b ./Drivers/STM32G0xx_HAL_Driver/Src/stm32g0xx_hal_tim.o
 .debug_abbrev  0x000000000000286a      0x2ab ./Drivers/STM32G0xx_HAL_Driver/Src/stm32g0xx_hal_tim_ex.o
 .debug_abbrev  0x0000000000002b15      0x326 ./Drivers/STM32G0xx_HAL_Driver/Src/stm32g0xx_hal_uart.o
 .debug_abbrev  0x0000000000002e3b      0x2e5 ./Drivers/STM32G0xx_HAL_Driver/Src/stm32g0xx_hal_uart_ex.o
 .debug_abbrev  0x0000000000003120      0x332 ./Middlewares/Third_Party/FreeRTOS/Source/CMSIS_RTOS/cmsis_os.o
 .debug_abbrev  0x0000000000003452       0xf5 ./Middlewares/Third_Party/FreeRTOS/Source/list.o
 .debug_abbrev  0x0000000000003547      0x2d5 ./Middlewares/Third_Party/FreeRTOS/Source/queue.o
 .debug_abbrev  0x000000000000381c      0x2de ./Middlewares/Third_Party/FreeRTOS/Source/tasks.o
 .debug_abbrev  0x0000000000003afa      0x1ec ./Middlewares/Third_Party/FreeRTOS/Source/portable/GCC/ARM_CM0/port.o
 .debug_abbrev  0x0000000000003ce6      0x1b9 ./Middlewares/Third_Party/FreeRTOS/Source/portable/MemMang/heap_4.o

.debug_aranges  0x0000000000000000     0x1798
 .debug_aranges
                0x0000000000000000       0x28 ./Core/Src/app_freertos.o
 .debug_aranges
                0x0000000000000028       0x20 ./Core/Src/gpio.o
 .debug_aranges
                0x0000000000000048       0x30 ./Core/Src/i2c.o
 .debug_aranges
                0x0000000000000078       0x30 ./Core/Src/main.o
 .debug_aranges
                0x00000000000000a8       0x20 ./Core/Src/stm32g0xx_hal_msp.o
 .debug_aranges
                0x00000000000000c8       0x40 ./Core/Src/stm32g0xx_it.o
 .debug_aranges
                0x0000000000000108       0x28 ./Core/Src/system_stm32g0xx.o
 .debug_aranges
                0x0000000000000130       0x90 ./Core/Src/tim.o
 .debug_aranges
                0x00000000000001c0       0x40 ./Core/Src/usart.o
 .debug_aranges
                0x0000000000000200       0x28 ./Core/Startup/startup_stm32g070rbtx.o
 .debug_aranges
                0x0000000000000228       0x48 ./Drivers/HC05/tasks_HC05.o
 .debug_aranges
                0x0000000000000270       0xf8 ./Drivers/STM32G0xx_HAL_Driver/Src/stm32g0xx_hal.o
 .debug_aranges
                0x0000000000000368       0xd8 ./Drivers/STM32G0xx_HAL_Driver/Src/stm32g0xx_hal_cortex.o
 .debug_aranges
                0x0000000000000440       0x90 ./Drivers/STM32G0xx_HAL_Driver/Src/stm32g0xx_hal_dma.o
 .debug_aranges
                0x00000000000004d0       0x60 ./Drivers/STM32G0xx_HAL_Driver/Src/stm32g0xx_hal_gpio.o
 .debug_aranges
                0x0000000000000530      0x2a0 ./Drivers/STM32G0xx_HAL_Driver/Src/stm32g0xx_hal_i2c.o
 .debug_aranges
                0x00000000000007d0       0x48 ./Drivers/STM32G0xx_HAL_Driver/Src/stm32g0xx_hal_i2c_ex.o
 .debug_aranges
                0x0000000000000818       0x98 ./Drivers/STM32G0xx_HAL_Driver/Src/stm32g0xx_hal_pwr_ex.o
 .debug_aranges
                0x00000000000008b0       0xa0 ./Drivers/STM32G0xx_HAL_Driver/Src/stm32g0xx_hal_rcc.o
 .debug_aranges
                0x0000000000000950       0x40 ./Drivers/STM32G0xx_HAL_Driver/Src/stm32g0xx_hal_rcc_ex.o
 .debug_aranges
                0x0000000000000990      0x3e0 ./Drivers/STM32G0xx_HAL_Driver/Src/stm32g0xx_hal_tim.o
 .debug_aranges
                0x0000000000000d70      0x198 ./Drivers/STM32G0xx_HAL_Driver/Src/stm32g0xx_hal_tim_ex.o
 .debug_aranges
                0x0000000000000f08      0x248 ./Drivers/STM32G0xx_HAL_Driver/Src/stm32g0xx_hal_uart.o
 .debug_aranges
                0x0000000000001150       0xa8 ./Drivers/STM32G0xx_HAL_Driver/Src/stm32g0xx_hal_uart_ex.o
 .debug_aranges
                0x00000000000011f8      0x1d8 ./Middlewares/Third_Party/FreeRTOS/Source/CMSIS_RTOS/cmsis_os.o
 .debug_aranges
                0x00000000000013d0       0x40 ./Middlewares/Third_Party/FreeRTOS/Source/list.o
 .debug_aranges
                0x0000000000001410       0xf8 ./Middlewares/Third_Party/FreeRTOS/Source/queue.o
 .debug_aranges
                0x0000000000001508      0x1b0 ./Middlewares/Third_Party/FreeRTOS/Source/tasks.o
 .debug_aranges
                0x00000000000016b8       0x88 ./Middlewares/Third_Party/FreeRTOS/Source/portable/GCC/ARM_CM0/port.o
 .debug_aranges
                0x0000000000001740       0x58 ./Middlewares/Third_Party/FreeRTOS/Source/portable/MemMang/heap_4.o

.debug_rnglists
                0x0000000000000000     0x1271
 .debug_rnglists
                0x0000000000000000       0x19 ./Core/Src/app_freertos.o
 .debug_rnglists
                0x0000000000000019       0x14 ./Core/Src/gpio.o
 .debug_rnglists
                0x000000000000002d       0x21 ./Core/Src/i2c.o
 .debug_rnglists
                0x000000000000004e       0x20 ./Core/Src/main.o
 .debug_rnglists
                0x000000000000006e       0x13 ./Core/Src/stm32g0xx_hal_msp.o
 .debug_rnglists
                0x0000000000000081       0x2b ./Core/Src/stm32g0xx_it.o
 .debug_rnglists
                0x00000000000000ac       0x1a ./Core/Src/system_stm32g0xx.o
 .debug_rnglists
                0x00000000000000c6       0x71 ./Core/Src/tim.o
 .debug_rnglists
                0x0000000000000137       0x2f ./Core/Src/usart.o
 .debug_rnglists
                0x0000000000000166       0x19 ./Core/Startup/startup_stm32g070rbtx.o
 .debug_rnglists
                0x000000000000017f       0x32 ./Drivers/HC05/tasks_HC05.o
 .debug_rnglists
                0x00000000000001b1       0xb6 ./Drivers/STM32G0xx_HAL_Driver/Src/stm32g0xx_hal.o
 .debug_rnglists
                0x0000000000000267       0x9f ./Drivers/STM32G0xx_HAL_Driver/Src/stm32g0xx_hal_cortex.o
 .debug_rnglists
                0x0000000000000306       0x72 ./Drivers/STM32G0xx_HAL_Driver/Src/stm32g0xx_hal_dma.o
 .debug_rnglists
                0x0000000000000378       0x45 ./Drivers/STM32G0xx_HAL_Driver/Src/stm32g0xx_hal_gpio.o
 .debug_rnglists
                0x00000000000003bd      0x226 ./Drivers/STM32G0xx_HAL_Driver/Src/stm32g0xx_hal_i2c.o
 .debug_rnglists
                0x00000000000005e3       0x35 ./Drivers/STM32G0xx_HAL_Driver/Src/stm32g0xx_hal_i2c_ex.o
 .debug_rnglists
                0x0000000000000618       0x72 ./Drivers/STM32G0xx_HAL_Driver/Src/stm32g0xx_hal_pwr_ex.o
 .debug_rnglists
                0x000000000000068a       0x79 ./Drivers/STM32G0xx_HAL_Driver/Src/stm32g0xx_hal_rcc.o
 .debug_rnglists
                0x0000000000000703       0x2f ./Drivers/STM32G0xx_HAL_Driver/Src/stm32g0xx_hal_rcc_ex.o
 .debug_rnglists
                0x0000000000000732      0x32a ./Drivers/STM32G0xx_HAL_Driver/Src/stm32g0xx_hal_tim.o
 .debug_rnglists
                0x0000000000000a5c      0x14e ./Drivers/STM32G0xx_HAL_Driver/Src/stm32g0xx_hal_tim_ex.o
 .debug_rnglists
                0x0000000000000baa      0x1fb ./Drivers/STM32G0xx_HAL_Driver/Src/stm32g0xx_hal_uart.o
 .debug_rnglists
                0x0000000000000da5       0x80 ./Drivers/STM32G0xx_HAL_Driver/Src/stm32g0xx_hal_uart_ex.o
 .debug_rnglists
                0x0000000000000e25      0x167 ./Middlewares/Third_Party/FreeRTOS/Source/CMSIS_RTOS/cmsis_os.o
 .debug_rnglists
                0x0000000000000f8c       0x2b ./Middlewares/Third_Party/FreeRTOS/Source/list.o
 .debug_rnglists
                0x0000000000000fb7       0xc0 ./Middlewares/Third_Party/FreeRTOS/Source/queue.o
 .debug_rnglists
                0x0000000000001077      0x157 ./Middlewares/Third_Party/FreeRTOS/Source/tasks.o
 .debug_rnglists
                0x00000000000011ce       0x61 ./Middlewares/Third_Party/FreeRTOS/Source/portable/GCC/ARM_CM0/port.o
 .debug_rnglists
                0x000000000000122f       0x42 ./Middlewares/Third_Party/FreeRTOS/Source/portable/MemMang/heap_4.o

.debug_macro    0x0000000000000000    0x19448
 .debug_macro   0x0000000000000000      0x2ba ./Core/Src/app_freertos.o
 .debug_macro   0x00000000000002ba      0xa7e ./Core/Src/app_freertos.o
 .debug_macro   0x0000000000000d38      0x174 ./Core/Src/app_freertos.o
 .debug_macro   0x0000000000000eac       0x22 ./Core/Src/app_freertos.o
 .debug_macro   0x0000000000000ece       0x8e ./Core/Src/app_freertos.o
 .debug_macro   0x0000000000000f5c       0x51 ./Core/Src/app_freertos.o
 .debug_macro   0x0000000000000fad      0x103 ./Core/Src/app_freertos.o
 .debug_macro   0x00000000000010b0       0x6a ./Core/Src/app_freertos.o
 .debug_macro   0x000000000000111a      0x1df ./Core/Src/app_freertos.o
 .debug_macro   0x00000000000012f9       0xc4 ./Core/Src/app_freertos.o
 .debug_macro   0x00000000000013bd      0x15a ./Core/Src/app_freertos.o
 .debug_macro   0x0000000000001517       0xb2 ./Core/Src/app_freertos.o
 .debug_macro   0x00000000000015c9       0x1c ./Core/Src/app_freertos.o
 .debug_macro   0x00000000000015e5       0x26 ./Core/Src/app_freertos.o
 .debug_macro   0x000000000000160b      0x50b ./Core/Src/app_freertos.o
 .debug_macro   0x0000000000001b16       0xb5 ./Core/Src/app_freertos.o
 .debug_macro   0x0000000000001bcb       0xaa ./Core/Src/app_freertos.o
 .debug_macro   0x0000000000001c75      0x123 ./Core/Src/app_freertos.o
 .debug_macro   0x0000000000001d98       0x2e ./Core/Src/app_freertos.o
 .debug_macro   0x0000000000001dc6       0x28 ./Core/Src/app_freertos.o
 .debug_macro   0x0000000000001dee       0x1c ./Core/Src/app_freertos.o
 .debug_macro   0x0000000000001e0a       0x22 ./Core/Src/app_freertos.o
 .debug_macro   0x0000000000001e2c       0xd1 ./Core/Src/app_freertos.o
 .debug_macro   0x0000000000001efd      0x4da ./Core/Src/app_freertos.o
 .debug_macro   0x00000000000023d7      0x11f ./Core/Src/app_freertos.o
 .debug_macro   0x00000000000024f6     0xa6de ./Core/Src/app_freertos.o
 .debug_macro   0x000000000000cbd4       0x66 ./Core/Src/app_freertos.o
 .debug_macro   0x000000000000cc3a     0x34fd ./Core/Src/app_freertos.o
 .debug_macro   0x0000000000010137       0x5c ./Core/Src/app_freertos.o
 .debug_macro   0x0000000000010193      0x485 ./Core/Src/app_freertos.o
 .debug_macro   0x0000000000010618      0xe67 ./Core/Src/app_freertos.o
 .debug_macro   0x000000000001147f      0x13e ./Core/Src/app_freertos.o
 .debug_macro   0x00000000000115bd      0x1cf ./Core/Src/app_freertos.o
 .debug_macro   0x000000000001178c      0x13e ./Core/Src/app_freertos.o
 .debug_macro   0x00000000000118ca      0x3a8 ./Core/Src/app_freertos.o
 .debug_macro   0x0000000000011c72      0x280 ./Core/Src/app_freertos.o
 .debug_macro   0x0000000000011ef2      0x345 ./Core/Src/app_freertos.o
 .debug_macro   0x0000000000012237      0x198 ./Core/Src/app_freertos.o
 .debug_macro   0x00000000000123cf       0x43 ./Core/Src/app_freertos.o
 .debug_macro   0x0000000000012412      0x1f1 ./Core/Src/app_freertos.o
 .debug_macro   0x0000000000012603      0x1d6 ./Core/Src/app_freertos.o
 .debug_macro   0x00000000000127d9      0x2a3 ./Core/Src/app_freertos.o
 .debug_macro   0x0000000000012a7c       0x28 ./Core/Src/app_freertos.o
 .debug_macro   0x0000000000012aa4       0xcf ./Core/Src/app_freertos.o
 .debug_macro   0x0000000000012b73      0x22c ./Core/Src/app_freertos.o
 .debug_macro   0x0000000000012d9f       0x67 ./Core/Src/app_freertos.o
 .debug_macro   0x0000000000012e06       0xa5 ./Core/Src/app_freertos.o
 .debug_macro   0x0000000000012eab      0x118 ./Core/Src/app_freertos.o
 .debug_macro   0x0000000000012fc3      0x10d ./Core/Src/app_freertos.o
 .debug_macro   0x00000000000130d0      0xabb ./Core/Src/app_freertos.o
 .debug_macro   0x0000000000013b8b      0x124 ./Core/Src/app_freertos.o
 .debug_macro   0x0000000000013caf      0x693 ./Core/Src/app_freertos.o
 .debug_macro   0x0000000000014342       0xa6 ./Core/Src/app_freertos.o
 .debug_macro   0x00000000000143e8      0x43d ./Core/Src/app_freertos.o
 .debug_macro   0x0000000000014825      0x154 ./Core/Src/app_freertos.o
 .debug_macro   0x0000000000014979       0x91 ./Core/Src/app_freertos.o
 .debug_macro   0x0000000000014a0a       0x86 ./Core/Src/app_freertos.o
 .debug_macro   0x0000000000014a90       0x69 ./Core/Src/app_freertos.o
 .debug_macro   0x0000000000014af9       0x19 ./Core/Src/app_freertos.o
 .debug_macro   0x0000000000014b12       0xcf ./Core/Src/app_freertos.o
 .debug_macro   0x0000000000014be1      0x211 ./Core/Src/gpio.o
 .debug_macro   0x0000000000014df2      0x211 ./Core/Src/i2c.o
 .debug_macro   0x0000000000015003      0x401 ./Core/Src/main.o
 .debug_macro   0x0000000000015404       0x61 ./Core/Src/main.o
 .debug_macro   0x0000000000015465       0x24 ./Core/Src/main.o
 .debug_macro   0x0000000000015489       0x43 ./Core/Src/main.o
 .debug_macro   0x00000000000154cc       0x34 ./Core/Src/main.o
 .debug_macro   0x0000000000015500       0x16 ./Core/Src/main.o
 .debug_macro   0x0000000000015516       0x35 ./Core/Src/main.o
 .debug_macro   0x000000000001554b      0x369 ./Core/Src/main.o
 .debug_macro   0x00000000000158b4       0x10 ./Core/Src/main.o
 .debug_macro   0x00000000000158c4       0x16 ./Core/Src/main.o
 .debug_macro   0x00000000000158da       0x43 ./Core/Src/main.o
 .debug_macro   0x000000000001591d       0x34 ./Core/Src/main.o
 .debug_macro   0x0000000000015951       0x10 ./Core/Src/main.o
 .debug_macro   0x0000000000015961       0x58 ./Core/Src/main.o
 .debug_macro   0x00000000000159b9       0x8e ./Core/Src/main.o
 .debug_macro   0x0000000000015a47       0x1c ./Core/Src/main.o
 .debug_macro   0x0000000000015a63      0x177 ./Core/Src/main.o
 .debug_macro   0x0000000000015bda       0x16 ./Core/Src/main.o
 .debug_macro   0x0000000000015bf0       0x16 ./Core/Src/main.o
 .debug_macro   0x0000000000015c06      0x147 ./Core/Src/main.o
 .debug_macro   0x0000000000015d4d       0x16 ./Core/Src/main.o
 .debug_macro   0x0000000000015d63       0x20 ./Core/Src/main.o
 .debug_macro   0x0000000000015d83       0x10 ./Core/Src/main.o
 .debug_macro   0x0000000000015d93      0x207 ./Core/Src/stm32g0xx_hal_msp.o
 .debug_macro   0x0000000000015f9a      0x2c4 ./Core/Src/stm32g0xx_it.o
 .debug_macro   0x000000000001625e      0x1f8 ./Core/Src/system_stm32g0xx.o
 .debug_macro   0x0000000000016456      0x211 ./Core/Src/tim.o
 .debug_macro   0x0000000000016667      0x211 ./Core/Src/usart.o
 .debug_macro   0x0000000000016878      0x3e9 ./Drivers/HC05/tasks_HC05.o
 .debug_macro   0x0000000000016c61       0x56 ./Drivers/HC05/tasks_HC05.o
 .debug_macro   0x0000000000016cb7      0x216 ./Drivers/STM32G0xx_HAL_Driver/Src/stm32g0xx_hal.o
 .debug_macro   0x0000000000016ecd      0x1f8 ./Drivers/STM32G0xx_HAL_Driver/Src/stm32g0xx_hal_cortex.o
 .debug_macro   0x00000000000170c5      0x1f8 ./Drivers/STM32G0xx_HAL_Driver/Src/stm32g0xx_hal_dma.o
 .debug_macro   0x00000000000172bd      0x1ff ./Drivers/STM32G0xx_HAL_Driver/Src/stm32g0xx_hal_gpio.o
 .debug_macro   0x00000000000174bc      0x2c4 ./Drivers/STM32G0xx_HAL_Driver/Src/stm32g0xx_hal_i2c.o
 .debug_macro   0x0000000000017780      0x1f8 ./Drivers/STM32G0xx_HAL_Driver/Src/stm32g0xx_hal_i2c_ex.o
 .debug_macro   0x0000000000017978      0x20a ./Drivers/STM32G0xx_HAL_Driver/Src/stm32g0xx_hal_pwr_ex.o
 .debug_macro   0x0000000000017b82      0x234 ./Drivers/STM32G0xx_HAL_Driver/Src/stm32g0xx_hal_rcc.o
 .debug_macro   0x0000000000017db6      0x210 ./Drivers/STM32G0xx_HAL_Driver/Src/stm32g0xx_hal_rcc_ex.o
 .debug_macro   0x0000000000017fc6      0x200 ./Drivers/STM32G0xx_HAL_Driver/Src/stm32g0xx_hal_tim.o
 .debug_macro   0x00000000000181c6      0x1fe ./Drivers/STM32G0xx_HAL_Driver/Src/stm32g0xx_hal_tim_ex.o
 .debug_macro   0x00000000000183c4      0x223 ./Drivers/STM32G0xx_HAL_Driver/Src/stm32g0xx_hal_uart.o
 .debug_macro   0x00000000000185e7      0x204 ./Drivers/STM32G0xx_HAL_Driver/Src/stm32g0xx_hal_uart_ex.o
 .debug_macro   0x00000000000187eb      0x1fe ./Middlewares/Third_Party/FreeRTOS/Source/CMSIS_RTOS/cmsis_os.o
 .debug_macro   0x00000000000189e9       0x10 ./Middlewares/Third_Party/FreeRTOS/Source/CMSIS_RTOS/cmsis_os.o
 .debug_macro   0x00000000000189f9       0xbf ./Middlewares/Third_Party/FreeRTOS/Source/CMSIS_RTOS/cmsis_os.o
 .debug_macro   0x0000000000018ab8      0x187 ./Middlewares/Third_Party/FreeRTOS/Source/list.o
 .debug_macro   0x0000000000018c3f      0x216 ./Middlewares/Third_Party/FreeRTOS/Source/queue.o
 .debug_macro   0x0000000000018e55       0x80 ./Middlewares/Third_Party/FreeRTOS/Source/queue.o
 .debug_macro   0x0000000000018ed5      0x27f ./Middlewares/Third_Party/FreeRTOS/Source/tasks.o
 .debug_macro   0x0000000000019154       0x10 ./Middlewares/Third_Party/FreeRTOS/Source/tasks.o
 .debug_macro   0x0000000000019164      0x136 ./Middlewares/Third_Party/FreeRTOS/Source/portable/GCC/ARM_CM0/port.o
 .debug_macro   0x000000000001929a      0x1ae ./Middlewares/Third_Party/FreeRTOS/Source/portable/MemMang/heap_4.o

.debug_line     0x0000000000000000    0x1e6dc
 .debug_line    0x0000000000000000      0x951 ./Core/Src/app_freertos.o
 .debug_line    0x0000000000000951      0x80d ./Core/Src/gpio.o
 .debug_line    0x000000000000115e      0x837 ./Core/Src/i2c.o
 .debug_line    0x0000000000001995      0xb81 ./Core/Src/main.o
 .debug_line    0x0000000000002516      0x7bc ./Core/Src/stm32g0xx_hal_msp.o
 .debug_line    0x0000000000002cd2      0x9c3 ./Core/Src/stm32g0xx_it.o
 .debug_line    0x0000000000003695      0x82d ./Core/Src/system_stm32g0xx.o
 .debug_line    0x0000000000003ec2      0xcb7 ./Core/Src/tim.o
 .debug_line    0x0000000000004b79      0x966 ./Core/Src/usart.o
 .debug_line    0x00000000000054df       0x7b ./Core/Startup/startup_stm32g070rbtx.o
 .debug_line    0x000000000000555a      0xba4 ./Drivers/HC05/tasks_HC05.o
 .debug_line    0x00000000000060fe      0xad0 ./Drivers/STM32G0xx_HAL_Driver/Src/stm32g0xx_hal.o
 .debug_line    0x0000000000006bce      0xbe4 ./Drivers/STM32G0xx_HAL_Driver/Src/stm32g0xx_hal_cortex.o
 .debug_line    0x00000000000077b2      0xe04 ./Drivers/STM32G0xx_HAL_Driver/Src/stm32g0xx_hal_dma.o
 .debug_line    0x00000000000085b6      0xbd0 ./Drivers/STM32G0xx_HAL_Driver/Src/stm32g0xx_hal_gpio.o
 .debug_line    0x0000000000009186     0x3780 ./Drivers/STM32G0xx_HAL_Driver/Src/stm32g0xx_hal_i2c.o
 .debug_line    0x000000000000c906      0x9d8 ./Drivers/STM32G0xx_HAL_Driver/Src/stm32g0xx_hal_i2c_ex.o
 .debug_line    0x000000000000d2de      0x9f8 ./Drivers/STM32G0xx_HAL_Driver/Src/stm32g0xx_hal_pwr_ex.o
 .debug_line    0x000000000000dcd6      0xf75 ./Drivers/STM32G0xx_HAL_Driver/Src/stm32g0xx_hal_rcc.o
 .debug_line    0x000000000000ec4b      0xb9c ./Drivers/STM32G0xx_HAL_Driver/Src/stm32g0xx_hal_rcc_ex.o
 .debug_line    0x000000000000f7e7     0x3cc9 ./Drivers/STM32G0xx_HAL_Driver/Src/stm32g0xx_hal_tim.o
 .debug_line    0x00000000000134b0     0x1cbb ./Drivers/STM32G0xx_HAL_Driver/Src/stm32g0xx_hal_tim_ex.o
 .debug_line    0x000000000001516b     0x3441 ./Drivers/STM32G0xx_HAL_Driver/Src/stm32g0xx_hal_uart.o
 .debug_line    0x00000000000185ac      0xe62 ./Drivers/STM32G0xx_HAL_Driver/Src/stm32g0xx_hal_uart_ex.o
 .debug_line    0x000000000001940e     0x11e7 ./Middlewares/Third_Party/FreeRTOS/Source/CMSIS_RTOS/cmsis_os.o
 .debug_line    0x000000000001a5f5      0x78b ./Middlewares/Third_Party/FreeRTOS/Source/list.o
 .debug_line    0x000000000001ad80     0x11f8 ./Middlewares/Third_Party/FreeRTOS/Source/queue.o
 .debug_line    0x000000000001bf78     0x16fa ./Middlewares/Third_Party/FreeRTOS/Source/tasks.o
 .debug_line    0x000000000001d672      0x6f0 ./Middlewares/Third_Party/FreeRTOS/Source/portable/GCC/ARM_CM0/port.o
 .debug_line    0x000000000001dd62      0x97a ./Middlewares/Third_Party/FreeRTOS/Source/portable/MemMang/heap_4.o

.debug_str      0x0000000000000000    0x99763
 .debug_str     0x0000000000000000    0x8e0f7 ./Core/Src/app_freertos.o
                                      0x8e608 (size before relaxing)
 .debug_str     0x000000000008e0f7      0x368 ./Core/Src/gpio.o
                                      0x89042 (size before relaxing)
 .debug_str     0x000000000008e45f      0x586 ./Core/Src/i2c.o
                                      0x89460 (size before relaxing)
 .debug_str     0x000000000008e9e5     0x3a4d ./Core/Src/main.o
                                      0x91f51 (size before relaxing)
 .debug_str     0x0000000000092432       0x2c ./Core/Src/stm32g0xx_hal_msp.o
                                      0x88f64 (size before relaxing)
 .debug_str     0x000000000009245e      0x387 ./Core/Src/stm32g0xx_it.o
                                      0x8ea64 (size before relaxing)
 .debug_str     0x00000000000927e5       0x8e ./Core/Src/system_stm32g0xx.o
                                      0x887e6 (size before relaxing)
 .debug_str     0x0000000000092873      0x66f ./Core/Src/tim.o
                                      0x89886 (size before relaxing)
 .debug_str     0x0000000000092ee2      0x194 ./Core/Src/usart.o
                                      0x89734 (size before relaxing)
 .debug_str     0x0000000000093076       0x34 ./Core/Startup/startup_stm32g070rbtx.o
                                         0x9a (size before relaxing)
 .debug_str     0x00000000000930aa      0x123 ./Drivers/HC05/tasks_HC05.o
                                      0x922e2 (size before relaxing)
 .debug_str     0x00000000000931cd      0x468 ./Drivers/STM32G0xx_HAL_Driver/Src/stm32g0xx_hal.o
                                      0x88e88 (size before relaxing)
 .debug_str     0x0000000000093635      0x24a ./Drivers/STM32G0xx_HAL_Driver/Src/stm32g0xx_hal_cortex.o
                                      0x88c2d (size before relaxing)
 .debug_str     0x000000000009387f      0x2b2 ./Drivers/STM32G0xx_HAL_Driver/Src/stm32g0xx_hal_dma.o
                                      0x88c80 (size before relaxing)
 .debug_str     0x0000000000093b31      0x124 ./Drivers/STM32G0xx_HAL_Driver/Src/stm32g0xx_hal_gpio.o
                                      0x8891b (size before relaxing)
 .debug_str     0x0000000000093c55      0xdb1 ./Drivers/STM32G0xx_HAL_Driver/Src/stm32g0xx_hal_i2c.o
                                      0x89bb5 (size before relaxing)
 .debug_str     0x0000000000094a06       0xb8 ./Drivers/STM32G0xx_HAL_Driver/Src/stm32g0xx_hal_i2c_ex.o
                                      0x88e4f (size before relaxing)
 .debug_str     0x0000000000094abe      0x221 ./Drivers/STM32G0xx_HAL_Driver/Src/stm32g0xx_hal_pwr_ex.o
                                      0x88a3a (size before relaxing)
 .debug_str     0x0000000000094cdf      0x345 ./Drivers/STM32G0xx_HAL_Driver/Src/stm32g0xx_hal_rcc.o
                                      0x88dd7 (size before relaxing)
 .debug_str     0x0000000000095024      0x185 ./Drivers/STM32G0xx_HAL_Driver/Src/stm32g0xx_hal_rcc_ex.o
                                      0x88b37 (size before relaxing)
 .debug_str     0x00000000000951a9      0xd20 ./Drivers/STM32G0xx_HAL_Driver/Src/stm32g0xx_hal_tim.o
                                      0x89d18 (size before relaxing)
 .debug_str     0x0000000000095ec9      0x506 ./Drivers/STM32G0xx_HAL_Driver/Src/stm32g0xx_hal_tim_ex.o
                                      0x896b6 (size before relaxing)
 .debug_str     0x00000000000963cf      0x970 ./Drivers/STM32G0xx_HAL_Driver/Src/stm32g0xx_hal_uart.o
                                      0x897b1 (size before relaxing)
 .debug_str     0x0000000000096d3f      0x264 ./Drivers/STM32G0xx_HAL_Driver/Src/stm32g0xx_hal_uart_ex.o
                                      0x89070 (size before relaxing)
 .debug_str     0x0000000000096fa3      0x871 ./Middlewares/Third_Party/FreeRTOS/Source/CMSIS_RTOS/cmsis_os.o
                                       0xd95f (size before relaxing)
 .debug_str     0x0000000000097814      0x21e ./Middlewares/Third_Party/FreeRTOS/Source/list.o
                                       0xa674 (size before relaxing)
 .debug_str     0x0000000000097a32      0x7a0 ./Middlewares/Third_Party/FreeRTOS/Source/queue.o
                                       0xbde4 (size before relaxing)
 .debug_str     0x00000000000981d2      0xec2 ./Middlewares/Third_Party/FreeRTOS/Source/tasks.o
                                       0xc7f2 (size before relaxing)
 .debug_str     0x0000000000099094      0x3a2 ./Middlewares/Third_Party/FreeRTOS/Source/portable/GCC/ARM_CM0/port.o
                                       0x7ec2 (size before relaxing)
 .debug_str     0x0000000000099436      0x32d ./Middlewares/Third_Party/FreeRTOS/Source/portable/MemMang/heap_4.o
                                       0xaf97 (size before relaxing)

.debug_frame    0x0000000000000000     0x5468
 .debug_frame   0x0000000000000000       0x50 ./Core/Src/app_freertos.o
 .debug_frame   0x0000000000000050       0x30 ./Core/Src/gpio.o
 .debug_frame   0x0000000000000080       0x6c ./Core/Src/i2c.o
 .debug_frame   0x00000000000000ec       0x68 ./Core/Src/main.o
 .debug_frame   0x0000000000000154       0x30 ./Core/Src/stm32g0xx_hal_msp.o